Component: ARM Compiler 5.06 update 5 (build 528) Tool: armlink [4d35e2]

==============================================================================

Section Cross References

    main.o(.text) refers to rt_cmsis.o(i.osKernelInitialize) for osKernelInitialize
    main.o(.text) refers to displayutils.o(.text) for initDisplay
    main.o(.text) refers to displaythread.o(.text) for initDisplayThread
    main.o(.text) refers to threads.o(.text) for initThreads
    main.o(.text) refers to scheduler.o(.text) for initScheduler
    main.o(.text) refers to rt_cmsis.o(i.osKernelStart) for osKernelStart
    threads.o(.text) refers to rt_cmsis.o(i.osThreadCreate) for osThreadCreate
    threads.o(.text) refers to rt_cmsis.o(i.osSignalWait) for osSignalWait
    threads.o(.text) refers to rt_cmsis.o(i.osKernelSysTick) for osKernelSysTick
    threads.o(.text) refers to rt_cmsis.o(i.osSignalSet) for osSignalSet
    threads.o(.text) refers to threadcalculations.o(.text) for calculateThreadA
    threads.o(.text) refers to threads.o(.constdata) for .constdata
    threads.o(.text) refers to threads.o(.bss) for .bss
    threads.o(.text) refers to scheduler.o(.data) for scheduler_id
    threads.o(.constdata) refers to threads.o(.text) for threadA
    threadcalculations.o(.text) refers to dflt_clz.o(x$fpl$dflt) for __aeabi_i2d
    threadcalculations.o(.text) refers to dmul.o(x$fpl$dmul) for __aeabi_dmul
    threadcalculations.o(.text) refers to d2f.o(x$fpl$d2f) for __aeabi_d2f
    threadcalculations.o(.text) refers to pow.o(i.__hardfp_pow) for __hardfp_pow
    threadcalculations.o(.text) refers to ddiv.o(x$fpl$ddiv) for __aeabi_ddiv
    displayutils.o(.text) refers to cfaf128x128x16.o(.text) for cfaf128x128x16Init
    displayutils.o(.text) refers to context.o(i.GrContextInit) for GrContextInit
    displayutils.o(.text) refers to string.o(i.GrContextFontSet) for GrContextFontSet
    displayutils.o(.text) refers to string.o(i.GrStringDraw) for GrStringDraw
    displayutils.o(.text) refers to cfaf128x128x16.o(.constdata) for g_sCfaf128x128x16
    displayutils.o(.text) refers to displayutils.o(.bss) for .bss
    displayutils.o(.text) refers to fontfixed6x8.o(.constdata) for g_sFontFixed6x8
    scheduler.o(.text) refers to _printf_percent.o(.ARM.Collect$$_printf_percent$$00000000) for _printf_percent
    scheduler.o(.text) refers to _printf_d.o(.ARM.Collect$$_printf_percent$$00000009) for _printf_d
    scheduler.o(.text) refers to _printf_c.o(.ARM.Collect$$_printf_percent$$00000013) for _printf_c
    scheduler.o(.text) refers to _printf_dec.o(.text) for _printf_int_dec
    scheduler.o(.text) refers to _printf_str.o(.text) for _printf_str
    scheduler.o(.text) refers to rt_cmsis.o(i.osThreadGetId) for osThreadGetId
    scheduler.o(.text) refers to rt_cmsis.o(i.osThreadSetPriority) for osThreadSetPriority
    scheduler.o(.text) refers to rt_cmsis.o(i.osTimerCreate) for osTimerCreate
    scheduler.o(.text) refers to rt_cmsis.o(i.osTimerStart) for osTimerStart
    scheduler.o(.text) refers to rt_cmsis.o(i.osSignalSet) for osSignalSet
    scheduler.o(.text) refers to rt_cmsis.o(i.osSignalWait) for osSignalWait
    scheduler.o(.text) refers to rt_cmsis.o(i.osKernelSysTick) for osKernelSysTick
    scheduler.o(.text) refers to noretval__2sprintf.o(.text) for __2sprintf
    scheduler.o(.text) refers to strlen.o(.text) for strlen
    scheduler.o(.text) refers to uart.o(.text) for send
    scheduler.o(.text) refers to rt_cmsis.o(i.osTimerStop) for osTimerStop
    scheduler.o(.text) refers to scheduler.o(.data) for .data
    scheduler.o(.text) refers to scheduler.o(.constdata) for .constdata
    scheduler.o(.text) refers to threads.o(.bss) for threads
    scheduler.o(.text) refers to scheduler.o(.bss) for .bss
    scheduler.o(.text) refers to scheduler.o(.conststring) for .conststring
    scheduler.o(.constdata) refers to scheduler.o(.text) for timerHandler
    scheduler.o(.constdata) refers to scheduler.o(.bss) for os_timer_cb_schedulerTimer
    displaythread.o(.text) refers to _printf_percent.o(.ARM.Collect$$_printf_percent$$00000000) for _printf_percent
    displaythread.o(.text) refers to _printf_c.o(.ARM.Collect$$_printf_percent$$00000013) for _printf_c
    displaythread.o(.text) refers to _printf_str.o(.text) for _printf_str
    displaythread.o(.text) refers to _printf_pad.o(.text) for _printf_pre_padding
    displaythread.o(.text) refers to _printf_d.o(.ARM.Collect$$_printf_percent$$00000009) for _printf_d
    displaythread.o(.text) refers to _printf_dec.o(.text) for _printf_int_dec
    displaythread.o(.text) refers to _printf_f.o(.ARM.Collect$$_printf_percent$$00000003) for _printf_f
    displaythread.o(.text) refers to printf1.o(x$fpl$printf1) for _printf_fp_dec
    displaythread.o(.text) refers to rt_cmsis.o(i.osThreadCreate) for osThreadCreate
    displaythread.o(.text) refers to noretval__2sprintf.o(.text) for __2sprintf
[...]
    __rt_entry_sh                            0x000002a7   Thumb Code     0  __rtentry4.o(.ARM.Collect$$rtentry$$00000004)
    __rt_entry_li                            0x000002ad   Thumb Code     0  __rtentry2.o(.ARM.Collect$$rtentry$$0000000A)
    __rt_entry_postsh_1                      0x000002ad   Thumb Code     0  __rtentry2.o(.ARM.Collect$$rtentry$$00000009)
    __rt_entry_postli_1                      0x000002b1   Thumb Code     0  __rtentry2.o(.ARM.Collect$$rtentry$$0000000B)
    __rt_entry_main                          0x000002b9   Thumb Code     0  __rtentry2.o(.ARM.Collect$$rtentry$$0000000D)
    __rt_exit                                0x000002c1   Thumb Code     0  rtexit.o(.ARM.Collect$$rtexit$$00000000)
    __rt_exit_ls                             0x000002c3   Thumb Code     0  rtexit2.o(.ARM.Collect$$rtexit$$00000003)
    __rt_exit_prels_1                        0x000002c3   Thumb Code     0  rtexit2.o(.ARM.Collect$$rtexit$$00000002)
    __rt_exit_exit                           0x000002c7   Thumb Code     0  rtexit2.o(.ARM.Collect$$rtexit$$00000004)
    _platform_post_lib_init                  0x000002cd   Thumb Code    24  rtx_conf_cm.o(.emb_text)
    rt_set_PSP                               0x000002e9   Thumb Code     6  hal_cm4.o(.emb_text)
    rt_get_PSP                               0x000002ef   Thumb Code     6  hal_cm4.o(.emb_text)
    os_set_env                               0x000002f5   Thumb Code    24  hal_cm4.o(.emb_text)
    _alloc_box                               0x00000311   Thumb Code    28  hal_cm4.o(.emb_text)
    _free_box                                0x00000331   Thumb Code    28  hal_cm4.o(.emb_text)
    SVC_Handler                              0x00000351   Thumb Code   168  hal_cm4.o(.emb_text)
    PendSV_Handler                           0x00000409   Thumb Code    96  hal_cm4.o(.emb_text)
    SysTick_Handler                          0x0000046d   Thumb Code     8  hal_cm4.o(.emb_text)
    OS_Tick_Handler                          0x00000475   Thumb Code    12  hal_cm4.o(.emb_text)
    main                                     0x00000481   Thumb Code    34  main.o(.text)
    __RL_RTX_VER                             0x00000482   Number         0  rt_system.o ABSOLUTE
    initThreadInfo                           0x000004a5   Thumb Code    66  threads.o(.text)
    initThreads                              0x000004e7   Thumb Code   224  threads.o(.text)
    threadStart                              0x000005c7   Thumb Code    10  threads.o(.text)
    threadEnd                                0x000005d1   Thumb Code   112  threads.o(.text)
    threadA                                  0x00000641   Thumb Code    22  threads.o(.text)
    threadB                                  0x00000657   Thumb Code    26  threads.o(.text)
    threadC                                  0x00000671   Thumb Code    26  threads.o(.text)
    threadD                                  0x0000068b   Thumb Code    26  threads.o(.text)
    threadE                                  0x000006a5   Thumb Code    26  threads.o(.text)
    threadF                                  0x000006bf   Thumb Code    28  threads.o(.text)
    factorial                                0x00000709   Thumb Code    16  threadcalculations.o(.text)
    calculateThreadA                         0x00000719   Thumb Code    48  threadcalculations.o(.text)
    calculateThreadB                         0x00000749   Thumb Code    80  threadcalculations.o(.text)
    calculateThreadC                         0x00000799   Thumb Code    48  threadcalculations.o(.text)
    calculateThreadD                         0x000007c9   Thumb Code    54  threadcalculations.o(.text)
    calculateThreadE                         0x000007ff   Thumb Code    74  threadcalculations.o(.text)
    calculateThreadF                         0x00000849   Thumb Code    92  threadcalculations.o(.text)
    initDisplay                              0x000008ed   Thumb Code    52  displayutils.o(.text)
    print                                    0x00000921   Thumb Code    30  displayutils.o(.text)
    initScheduler                            0x0000094d   Thumb Code    76  scheduler.o(.text)
    timerHandler                             0x00000999   Thumb Code    16  scheduler.o(.text)
    updateDynamicPriority                    0x000009a9   Thumb Code    78  scheduler.o(.text)
    addToQueue                               0x000009f7   Thumb Code    22  scheduler.o(.text)
    orderReadyThreads                        0x00000a0d   Thumb Code    62  scheduler.o(.text)
    awakeThreads                             0x00000a4b   Thumb Code    86  scheduler.o(.text)
    scheduler                                0x00000aa1   Thumb Code   130  scheduler.o(.text)
    ganttHeader                              0x00000b23   Thumb Code    30  scheduler.o(.text)
    ganttLine                                0x00000b41   Thumb Code    58  scheduler.o(.text)
    initDisplayThread                        0x00000ba5   Thumb Code     8  displaythread.o(.text)
    display                                  0x00000bad   Thumb Code   370  displaythread.o(.text)
    UART0_Handler                            0x00000d51   Thumb Code    10  uart.o(.text)
    init_uart                                0x00000d5b   Thumb Code    90  uart.o(.text)
    send_byte                                0x00000db5   Thumb Code    12  uart.o(.text)
    send                                     0x00000dc1   Thumb Code    24  uart.o(.text)
    cfaf128x128x16Rect                       0x00000f85   Thumb Code   100  cfaf128x128x16.o(.text)
    cfaf128x128x16LineVer                    0x00000fe9   Thumb Code    22  cfaf128x128x16.o(.text)
    cfaf128x128x16LineHor                    0x00000fff   Thumb Code    16  cfaf128x128x16.o(.text)
    cfaf128x128x16Dot                        0x0000100f   Thumb Code    22  cfaf128x128x16.o(.text)
    cfaf128x128x16SetOrientation             0x00001269   Thumb Code    70  cfaf128x128x16.o(.text)
    cfaf128x128x16ClearColor                 0x000012af   Thumb Code    36  cfaf128x128x16.o(.text)
    cfaf128x128x16Clear                      0x000012d3   Thumb Code     4  cfaf128x128x16.o(.text)
    InitSSICom                               0x000012d7   Thumb Code   138  cfaf128x128x16.o(.text)
    cfaf128x128x16Init                       0x00001361   Thumb Code   322  cfaf128x128x16.o(.text)
    os_idle_demon                            0x000014f1   Thumb Code     2  rtx_conf_cm.o(.text)
    os_error                                 0x000014f3   Thumb Code     2  rtx_conf_cm.o(.text)
    rt_init_robin                            0x000014f5   Thumb Code     2  rtx_conf_cm.o(.text)
    rt_chk_robin                             0x000014f7   Thumb Code     2  rtx_conf_cm.o(.text)
    __user_perthread_libspace                0x000014f9   Thumb Code    32  rtx_conf_cm.o(.text)
    _mutex_initialize                        0x00001519   Thumb Code    34  rtx_conf_cm.o(.text)
    _mutex_acquire                           0x0000153b   Thumb Code    22  rtx_conf_cm.o(.text)
    _mutex_release                           0x00001551   Thumb Code    18  rtx_conf_cm.o(.text)
    Reset_Handler                            0x00001581   Thumb Code     8  startup_tm4c129.o(.text)
    NMI_Handler                              0x00001589   Thumb Code     2  startup_tm4c129.o(.text)
    HardFault_Handler                        0x0000158b   Thumb Code     2  startup_tm4c129.o(.text)
    MemManage_Handler                        0x0000158d   Thumb Code     2  startup_tm4c129.o(.text)
    BusFault_Handler                         0x0000158f   Thumb Code     2  startup_tm4c129.o(.text)
    UsageFault_Handler                       0x00001591   Thumb Code     2  startup_tm4c129.o(.text)
    DebugMon_Handler                         0x00001595   Thumb Code     2  startup_tm4c129.o(.text)
    GPIOA_Handler                            0x0000159b   Thumb Code     2  startup_tm4c129.o(.text)
    GPIOB_Handler                            0x0000159d   Thumb Code     2  startup_tm4c129.o(.text)
    GPIOC_Handler                            0x0000159f   Thumb Code     2  startup_tm4c129.o(.text)
    GPIOD_Handler                            0x000015a1   Thumb Code     2  startup_tm4c129.o(.text)
    GPIOE_Handler                            0x000015a3   Thumb Code     2  startup_tm4c129.o(.text)
    UART1_Handler                            0x000015a7   Thumb Code     2  startup_tm4c129.o(.text)
    SSI0_Handler                             0x000015a9   Thumb Code     2  startup_tm4c129.o(.text)
    I2C0_Handler                             0x000015ab   Thumb Code     2  startup_tm4c129.o(.text)
    PMW0_FAULT_Handler                       0x000015ad   Thumb Code     2  startup_tm4c129.o(.text)
    PWM0_0_Handler                           0x000015af   Thumb Code     2  startup_tm4c129.o(.text)
    PWM0_1_Handler                           0x000015b1   Thumb Code     2  startup_tm4c129.o(.text)
    PWM0_2_Handler                           0x000015b3   Thumb Code     2  startup_tm4c129.o(.text)
    QEI0_Handler                             0x000015b5   Thumb Code     2  startup_tm4c129.o(.text)
    ADC0SS0_Handler                          0x000015b7   Thumb Code     2  startup_tm4c129.o(.text)
    ADC0SS1_Handler                          0x000015b9   Thumb Code     2  startup_tm4c129.o(.text)
    ADC0SS2_Handler                          0x000015bb   Thumb Code     2  startup_tm4c129.o(.text)
    ADC0SS3_Handler                          0x000015bd   Thumb Code     2  startup_tm4c129.o(.text)
    WDT0_Handler                             0x000015bf   Thumb Code     2  startup_tm4c129.o(.text)
    TIMER0A_Handler                          0x000015c1   Thumb Code     2  startup_tm4c129.o(.text)
    TIMER0B_Handler                          0x000015c3   Thumb Code     2  startup_tm4c129.o(.text)
    TIMER1A_Handler                          0x000015c5   Thumb Code     2  startup_tm4c129.o(.text)
    TIMER1B_Handler                          0x000015c7   Thumb Code     2  startup_tm4c129.o(.text)
    TIMER2A_Handler                          0x000015c9   Thumb Code     2  startup_tm4c129.o(.text)
    TIMER2B_Handler                          0x000015cb   Thumb Code     2  startup_tm4c129.o(.text)
    COMP0_Handler                            0x000015cd   Thumb Code     2  startup_tm4c129.o(.text)
    COMP1_Handler                            0x000015cf   Thumb Code     2  startup_tm4c129.o(.text)
    COMP2_Handler                            0x000015d1   Thumb Code     2  startup_tm4c129.o(.text)
    SYSCTL_Handler                           0x000015d3   Thumb Code     2  startup_tm4c129.o(.text)
    FLASH_Handler                            0x000015d5   Thumb Code     2  startup_tm4c129.o(.text)
    GPIOF_Handler                            0x000015d7   Thumb Code     2  startup_tm4c129.o(.text)
    GPIOG_Handler                            0x000015d9   Thumb Code     2  startup_tm4c129.o(.text)
    GPIOH_Handler                            0x000015db   Thumb Code     2  startup_tm4c129.o(.text)
    UART2_Handler                            0x000015dd   Thumb Code     2  startup_tm4c129.o(.text)
    SSI1_Handler                             0x000015df   Thumb Code     2  startup_tm4c129.o(.text)
    TIMER3A_Handler                          0x000015e1   Thumb Code     2  startup_tm4c129.o(.text)
    TIMER3B_Handler                          0x000015e3   Thumb Code     2  startup_tm4c129.o(.text)
    I2C1_Handler                             0x000015e5   Thumb Code     2  startup_tm4c129.o(.text)
    CAN0_Handler                             0x000015e7   Thumb Code     2  startup_tm4c129.o(.text)
    CAN1_Handler                             0x000015e9   Thumb Code     2  startup_tm4c129.o(.text)
    ETH_Handler                              0x000015eb   Thumb Code     2  startup_tm4c129.o(.text)
    HIB_Handler                              0x000015ed   Thumb Code     2  startup_tm4c129.o(.text)
    USB0_Handler                             0x000015ef   Thumb Code     2  startup_tm4c129.o(.text)
    PWM0_3_Handler                           0x000015f1   Thumb Code     2  startup_tm4c129.o(.text)
    UDMA_Handler                             0x000015f3   Thumb Code     2  startup_tm4c129.o(.text)
    UDMAERR_Handler                          0x000015f5   Thumb Code     2  startup_tm4c129.o(.text)
    ADC1SS0_Handler                          0x000015f7   Thumb Code     2  startup_tm4c129.o(.text)
    ADC1SS1_Handler                          0x000015f9   Thumb Code     2  startup_tm4c129.o(.text)
    ADC1SS2_Handler                          0x000015fb   Thumb Code     2  startup_tm4c129.o(.text)
    ADC1SS3_Handler                          0x000015fd   Thumb Code     2  startup_tm4c129.o(.text)
    EBI0_Handler                             0x000015ff   Thumb Code     2  startup_tm4c129.o(.text)
    GPIOJ_Handler                            0x00001601   Thumb Code     2  startup_tm4c129.o(.text)
    GPIOK_Handler                            0x00001603   Thumb Code     2  startup_tm4c129.o(.text)
    GPIOL_Handler                            0x00001605   Thumb Code     2  startup_tm4c129.o(.text)
    SSI2_Handler                             0x00001607   Thumb Code     2  startup_tm4c129.o(.text)
    SSI3_Handler                             0x00001609   Thumb Code     2  startup_tm4c129.o(.text)
    UART3_Handler                            0x0000160b   Thumb Code     2  startup_tm4c129.o(.text)
    UART4_Handler                            0x0000160d   Thumb Code     2  startup_tm4c129.o(.text)
    UART5_Handler                            0x0000160f   Thumb Code     2  startup_tm4c129.o(.text)
    UART6_Handler                            0x00001611   Thumb Code     2  startup_tm4c129.o(.text)
    UART7_Handler                            0x00001613   Thumb Code     2  startup_tm4c129.o(.text)
    I2C2_Handler                             0x00001615   Thumb Code     2  startup_tm4c129.o(.text)
    I2C3_Handler                             0x00001617   Thumb Code     2  startup_tm4c129.o(.text)
    TIMER4A_Handler                          0x00001619   Thumb Code     2  startup_tm4c129.o(.text)
    TIMER4B_Handler                          0x0000161b   Thumb Code     2  startup_tm4c129.o(.text)
    TIMER5A_Handler                          0x0000161d   Thumb Code     2  startup_tm4c129.o(.text)
    TIMER5B_Handler                          0x0000161f   Thumb Code     2  startup_tm4c129.o(.text)
    WTIMER0A_Handler                         0x00001621   Thumb Code     2  startup_tm4c129.o(.text)
    WTIMER0B_Handler                         0x00001623   Thumb Code     2  startup_tm4c129.o(.text)
    WTIMER1A_Handler                         0x00001625   Thumb Code     2  startup_tm4c129.o(.text)
    WTIMER1B_Handler                         0x00001627   Thumb Code     2  startup_tm4c129.o(.text)
    WTIMER2A_Handler                         0x00001629   Thumb Code     2  startup_tm4c129.o(.text)
    WTIMER2B_Handler                         0x0000162b   Thumb Code     2  startup_tm4c129.o(.text)
    WTIMER3A_Handler                         0x0000162d   Thumb Code     2  startup_tm4c129.o(.text)
    WTIMER3B_Handler                         0x0000162f   Thumb Code     2  startup_tm4c129.o(.text)
    WTIMER4A_Handler                         0x00001631   Thumb Code     2  startup_tm4c129.o(.text)
    WTIMER4B_Handler                         0x00001633   Thumb Code     2  startup_tm4c129.o(.text)
    WTIMER5A_Handler                         0x00001635   Thumb Code     2  startup_tm4c129.o(.text)
    WTIMER5B_Handler                         0x00001637   Thumb Code     2  startup_tm4c129.o(.text)
    FPU_Handler                              0x00001639   Thumb Code     2  startup_tm4c129.o(.text)
    I2C4_Handler                             0x0000163b   Thumb Code     2  startup_tm4c129.o(.text)
    I2C5_Handler                             0x0000163d   Thumb Code     2  startup_tm4c129.o(.text)
    GPIOM_Handler                            0x0000163f   Thumb Code     2  startup_tm4c129.o(.text)
    GPION_Handler                            0x00001641   Thumb Code     2  startup_tm4c129.o(.text)
    TAMPER_Handler                           0x00001643   Thumb Code     2  startup_tm4c129.o(.text)
    GPIOP0_Handler                           0x00001645   Thumb Code     2  startup_tm4c129.o(.text)
    GPIOP1_Handler                           0x00001647   Thumb Code     2  startup_tm4c129.o(.text)
    GPIOP2_Handler                           0x00001649   Thumb Code     2  startup_tm4c129.o(.text)
    GPIOP3_Handler                           0x0000164b   Thumb Code     2  startup_tm4c129.o(.text)
    GPIOP4_Handler                           0x0000164d   Thumb Code     2  startup_tm4c129.o(.text)
    GPIOP5_Handler                           0x0000164f   Thumb Code     2  startup_tm4c129.o(.text)
    GPIOP6_Handler                           0x00001651   Thumb Code     2  startup_tm4c129.o(.text)
    GPIOP7_Handler                           0x00001653   Thumb Code     2  startup_tm4c129.o(.text)
    GPIOQ0_Handler                           0x00001655   Thumb Code     2  startup_tm4c129.o(.text)
    GPIOQ1_Handler                           0x00001657   Thumb Code     2  startup_tm4c129.o(.text)
    GPIOQ2_Handler                           0x00001659   Thumb Code     2  startup_tm4c129.o(.text)
    GPIOQ3_Handler                           0x0000165b   Thumb Code     2  startup_tm4c129.o(.text)
    GPIOQ4_Handler                           0x0000165d   Thumb Code     2  startup_tm4c129.o(.text)
    GPIOQ5_Handler                           0x0000165f   Thumb Code     2  startup_tm4c129.o(.text)
    GPIOQ6_Handler                           0x00001661   Thumb Code     2  startup_tm4c129.o(.text)
    GPIOQ7_Handler                           0x00001663   Thumb Code     2  startup_tm4c129.o(.text)
    GPIOR_Handler                            0x00001665   Thumb Code     2  startup_tm4c129.o(.text)
    GPIOS_Handler                            0x00001667   Thumb Code     2  startup_tm4c129.o(.text)
    SHAMD5_Handler                           0x00001669   Thumb Code     2  startup_tm4c129.o(.text)
    AES_Handler                              0x0000166b   Thumb Code     2  startup_tm4c129.o(.text)
    DES3DES_Handler                          0x0000166d   Thumb Code     2  startup_tm4c129.o(.text)
    LCDCONTROLLER_Handler                    0x0000166f   Thumb Code     2  startup_tm4c129.o(.text)
    TIMER6A_Handler                          0x00001671   Thumb Code     2  startup_tm4c129.o(.text)
    TIMER6B_Handler                          0x00001673   Thumb Code     2  startup_tm4c129.o(.text)
    TIMER7A_Handler                          0x00001675   Thumb Code     2  startup_tm4c129.o(.text)
    TIMER7B_Handler                          0x00001677   Thumb Code     2  startup_tm4c129.o(.text)
    I2C6_Handler                             0x00001679   Thumb Code     2  startup_tm4c129.o(.text)
    I2C7_Handler                             0x0000167b   Thumb Code     2  startup_tm4c129.o(.text)
    HIMSCANKEYBOARD_Handler                  0x0000167d   Thumb Code     2  startup_tm4c129.o(.text)
    ONEWIRE_Handler                          0x0000167f   Thumb Code     2  startup_tm4c129.o(.text)
    HIMPS2_Handler                           0x00001681   Thumb Code     2  startup_tm4c129.o(.text)
    HIMLEDSEQUENCER_Handler                  0x00001683   Thumb Code     2  startup_tm4c129.o(.text)
    HIMCONSUMERIR_Handler                    0x00001685   Thumb Code     2  startup_tm4c129.o(.text)
    I2C8_Handler                             0x00001687   Thumb Code     2  startup_tm4c129.o(.text)
    I2C9_Handler                             0x00001689   Thumb Code     2  startup_tm4c129.o(.text)
    GPIOT_Handler                            0x0000168b   Thumb Code     2  startup_tm4c129.o(.text)
    __user_initial_stackheap                 0x0000168d   Thumb Code     0  startup_tm4c129.o(.text)
    SystemCoreClockUpdate                    0x000016ad   Thumb Code     8  system_tm4c129.o(.text)
    SystemInit                               0x000016b5   Thumb Code    18  system_tm4c129.o(.text)
    __user_libspace                          0x000016d5   Thumb Code     8  libspace.o(.text)
    __user_perproc_libspace                  0x000016d5   Thumb Code     0  libspace.o(.text)
    __aeabi_uldivmod                         0x000016dd   Thumb Code     0  lludivv7m.o(.text)
    _ll_udiv                                 0x000016dd   Thumb Code   238  lludivv7m.o(.text)
    __2sprintf                               0x000017cd   Thumb Code    34  noretval__2sprintf.o(.text)
    _printf_pre_padding                      0x000017f5   Thumb Code    44  _printf_pad.o(.text)
    _printf_post_padding                     0x00001821   Thumb Code    34  _printf_pad.o(.text)
    _printf_str                              0x00001843   Thumb Code    82  _printf_str.o(.text)
    _printf_int_dec                          0x00001895   Thumb Code   104  _printf_dec.o(.text)
    __printf                                 0x0000190d   Thumb Code   270  __printf_wp.o(.text)
    exit                                     0x00001a1b   Thumb Code    18  exit.o(.text)
    strlen                                   0x00001a2d   Thumb Code    62  strlen.o(.text)
    __use_two_region_memory                  0x00001a6b   Thumb Code     2  heapauxi.o(.text)
    __rt_heap_escrow$2region                 0x00001a6d   Thumb Code     2  heapauxi.o(.text)
    __rt_heap_expand$2region                 0x00001a6f   Thumb Code     2  heapauxi.o(.text)
    __read_errno                             0x00001a71   Thumb Code    10  _rserrno.o(.text)
    __set_errno                              0x00001a7b   Thumb Code    12  _rserrno.o(.text)
    _printf_int_common                       0x00001a87   Thumb Code   178  _printf_intcommon.o(.text)
    __lib_sel_fp_printf                      0x00001b39   Thumb Code     2  _printf_fp_dec.o(.text)
    _printf_fp_dec_real                      0x00001ceb   Thumb Code   620  _printf_fp_dec.o(.text)
    _printf_char_common                      0x00001f63   Thumb Code    32  _printf_char_common.o(.text)
    _sputc                                   0x00001f89   Thumb Code    10  _sputc.o(.text)
    _printf_cs_common                        0x00001f93   Thumb Code    20  _printf_char.o(.text)
    _printf_char                             0x00001fa7   Thumb Code    16  _printf_char.o(.text)
    _printf_string                           0x00001fb7   Thumb Code     8  _printf_char.o(.text)
    __rt_locale                              0x00001fbf   Thumb Code    10  rt_locale_twolibspace.o(.text)
    __aeabi_errno_addr                       0x00001fc9   Thumb Code     4  rt_errno_addr_twolibspace.o(.text)
    __errno$twolibspace                      0x00001fc9   Thumb Code     0  rt_errno_addr_twolibspace.o(.text)
    __rt_errno_addr$twolibspace              0x00001fc9   Thumb Code     0  rt_errno_addr_twolibspace.o(.text)
    _ll_udiv10                               0x00001fcd   Thumb Code   138  lludiv10.o(.text)
    _printf_fp_infnan                        0x00002059   Thumb Code   112  _printf_fp_infnan.o(.text)
    _btod_etento                             0x000020d9   Thumb Code   224  bigflt0.o(.text)
    _sys_exit                                0x000021bd   Thumb Code     8  sys_exit.o(.text)
    __user_setup_stackheap                   0x000021c9   Thumb Code    74  sys_stackheap_outer.o(.text)
    strcmp                                   0x00002215   Thumb Code   128  strcmpv7m.o(.text)
    __I$use$semihosting                      0x00002295   Thumb Code     0  use_no_semi.o(.text)
    __use_no_semihosting_swi                 0x00002295   Thumb Code     2  use_no_semi.o(.text)
    __semihosting_library_function           0x00002297   Thumb Code     0  indicate_semi.o(.text)
    _btod_d2e                                0x00002297   Thumb Code    62  btod.o(CL$$btod_d2e)
    _d2e_denorm_low                          0x000022d5   Thumb Code    70  btod.o(CL$$btod_d2e_denorm_low)
    _d2e_norm_op1                            0x0000231b   Thumb Code    96  btod.o(CL$$btod_d2e_norm_op1)
    __btod_div_common                        0x0000237b   Thumb Code   696  btod.o(CL$$btod_div_common)
    _e2e                                     0x000026b3   Thumb Code   220  btod.o(CL$$btod_e2e)
    _btod_ediv                               0x0000278f   Thumb Code    42  btod.o(CL$$btod_ediv)
    _btod_emul                               0x000027b9   Thumb Code    42  btod.o(CL$$btod_emul)
    __btod_mult_common                       0x000027e3   Thumb Code   580  btod.o(CL$$btod_mult_common)
    SVC_Count                                0x00002a28   Data           4  svc_table.o(SVC_TABLE)
    GrContextFontSet                         0x00002a2d   Thumb Code     6  string.o(i.GrContextFontSet)
    SVC_Table                                0x00002a2c   Data           0  svc_table.o(SVC_TABLE)
    GrContextInit                            0x00002a35   Thumb Code    88  context.o(i.GrContextInit)
    GrDefaultStringRenderer                  0x00002a99   Thumb Code   280  string.o(i.GrDefaultStringRenderer)
    GrFontGlyphDataGet                       0x00002bb1   Thumb Code   166  string.o(i.GrFontGlyphDataGet)
    GrFontGlyphRender                        0x00002c57   Thumb Code   648  string.o(i.GrFontGlyphRender)
    GrMapISO8859_1_Unicode                   0x00002edf   Thumb Code     8  charmap.o(i.GrMapISO8859_1_Unicode)
    GrStringDraw                             0x00002ee7   Thumb Code    32  string.o(i.GrStringDraw)
    SysCtlClockFreqSet                       0x00002f09   Thumb Code   706  sysctl.o(i.SysCtlClockFreqSet)
    __ARM_fpclassify                         0x00003261   Thumb Code    48  fpclassify.o(i.__ARM_fpclassify)
    __hardfp_pow                             0x00003291   Thumb Code  3072  pow.o(i.__hardfp_pow)
    __kernel_poly                            0x00003ee1   Thumb Code   248  poly.o(i.__kernel_poly)
    __mathlib_dbl_divzero                    0x00003fd9   Thumb Code    28  dunder.o(i.__mathlib_dbl_divzero)
    __mathlib_dbl_infnan2                    0x00004009   Thumb Code    20  dunder.o(i.__mathlib_dbl_infnan2)
    __mathlib_dbl_invalid                    0x00004021   Thumb Code    24  dunder.o(i.__mathlib_dbl_invalid)
    __mathlib_dbl_overflow                   0x00004041   Thumb Code    24  dunder.o(i.__mathlib_dbl_overflow)
    __mathlib_dbl_underflow                  0x00004061   Thumb Code    24  dunder.o(i.__mathlib_dbl_underflow)
    _init_box                                0x00004081   Thumb Code    70  rt_membox.o(i._init_box)
    _is_digit                                0x000040c7   Thumb Code    14  __printf_wp.o(i._is_digit)
    dbg_init                                 0x000040d5   Thumb Code    34  hal_cm.o(i.dbg_init)
    dbg_task_notify                          0x00004105   Thumb Code    32  hal_cm.o(i.dbg_task_notify)
    dbg_task_switch                          0x00004125   Thumb Code    16  hal_cm.o(i.dbg_task_switch)
    fabs                                     0x00004135   Thumb Code    24  fabs.o(i.fabs)
    isrMessageGet                            0x0000414d   Thumb Code    42  rt_cmsis.o(i.isrMessageGet)
    isrMessagePut                            0x00004177   Thumb Code    44  rt_cmsis.o(i.isrMessagePut)
    isrSignalSet                             0x000041a3   Thumb Code    36  rt_cmsis.o(i.isrSignalSet)
    isr_evt_set                              0x000041c9   Thumb Code    34  rt_event.o(i.isr_evt_set)
    isr_mbx_receive                          0x000041f1   Thumb Code    86  rt_mailbox.o(i.isr_mbx_receive)
    isr_mbx_send                             0x00004247   Thumb Code    14  rt_mailbox.o(i.isr_mbx_send)
    osDelay                                  0x00004255   Thumb Code    18  rt_cmsis.o(i.osDelay)
    osKernelInitialize                       0x0000426d   Thumb Code    30  rt_cmsis.o(i.osKernelInitialize)
    osKernelStart                            0x00004291   Thumb Code    98  rt_cmsis.o(i.osKernelStart)
    osKernelSysTick                          0x000042fd   Thumb Code    18  rt_cmsis.o(i.osKernelSysTick)
    osMessageGet                             0x00004315   Thumb Code    18  rt_cmsis.o(i.osMessageGet)
    osSignalSet                              0x0000432d   Thumb Code    18  rt_cmsis.o(i.osSignalSet)
    osSignalWait                             0x00004345   Thumb Code    18  rt_cmsis.o(i.osSignalWait)
    osThreadCreate                           0x0000435d   Thumb Code    36  rt_cmsis.o(i.osThreadCreate)
    osThreadExit                             0x00004389   Thumb Code    14  rt_cmsis.o(i.osThreadExit)
    osThreadGetId                            0x000043a1   Thumb Code    18  rt_cmsis.o(i.osThreadGetId)
    osThreadSetPriority                      0x000043b9   Thumb Code    18  rt_cmsis.o(i.osThreadSetPriority)
    osThreadYield                            0x000043d1   Thumb Code    18  rt_cmsis.o(i.osThreadYield)
    osTimerCall                              0x000043e9   Thumb Code     8  rt_cmsis.o(i.osTimerCall)
    osTimerCreate                            0x000043f5   Thumb Code    36  rt_cmsis.o(i.osTimerCreate)
    osTimerStart                             0x00004421   Thumb Code    18  rt_cmsis.o(i.osTimerStart)
    osTimerStop                              0x00004439   Thumb Code    18  rt_cmsis.o(i.osTimerStop)
    osTimerThread                            0x00004451   Thumb Code    38  rt_cmsis.o(i.osTimerThread)
    os_tick_init                             0x0000447d   Thumb Code    32  rt_system.o(i.os_tick_init)
    os_tick_irqack                           0x000044a5   Thumb Code     2  rt_system.o(i.os_tick_irqack)
    os_tick_ovf                              0x000044a9   Thumb Code    10  rt_system.o(i.os_tick_ovf)
    os_tick_val                              0x000044b9   Thumb Code    14  rt_system.o(i.os_tick_val)
    rt_alloc_box                             0x000044cd   Thumb Code    26  rt_membox.o(i.rt_alloc_box)
    rt_alloc_mem                             0x000044e7   Thumb Code    62  rt_memory.o(i.rt_alloc_mem)
    rt_block                                 0x00004525   Thumb Code    48  rt_task.o(i.rt_block)
    rt_dec_dly                               0x0000455d   Thumb Code   102  rt_list.o(i.rt_dec_dly)
    rt_dispatch                              0x000045cd   Thumb Code    60  rt_task.o(i.rt_dispatch)
    rt_dly_wait                              0x00004611   Thumb Code     6  rt_time.o(i.rt_dly_wait)
    rt_evt_psh                               0x00004619   Thumb Code    76  rt_event.o(i.rt_evt_psh)
    rt_evt_set                               0x00004669   Thumb Code    88  rt_event.o(i.rt_evt_set)
    rt_evt_wait                              0x000046c5   Thumb Code    56  rt_event.o(i.rt_evt_wait)
    rt_free_box                              0x00004701   Thumb Code    44  rt_membox.o(i.rt_free_box)
    rt_free_mem                              0x0000472d   Thumb Code    40  rt_memory.o(i.rt_free_mem)
    rt_get_first                             0x00004755   Thumb Code    40  rt_list.o(i.rt_get_first)
    rt_get_same_rdy_prio                     0x0000477d   Thumb Code    26  rt_list.o(i.rt_get_same_rdy_prio)
    rt_init_mem                              0x000047f1   Thumb Code    26  rt_memory.o(i.rt_init_mem)
    rt_init_stack                            0x0000480d   Thumb Code   118  hal_cm.o(i.rt_init_stack)
    rt_mbx_check                             0x0000488d   Thumb Code     8  rt_mailbox.o(i.rt_mbx_check)
    rt_mbx_init                              0x00004895   Thumb Code    26  rt_mailbox.o(i.rt_mbx_init)
    rt_mbx_psh                               0x000048b1   Thumb Code   236  rt_mailbox.o(i.rt_mbx_psh)
    rt_mbx_wait                              0x000049a1   Thumb Code   174  rt_mailbox.o(i.rt_mbx_wait)
    rt_mut_init                              0x00004a99   Thumb Code    16  rt_mutex.o(i.rt_mut_init)
    rt_mut_release                           0x00004aa9   Thumb Code   208  rt_mutex.o(i.rt_mut_release)
    rt_mut_wait                              0x00004b81   Thumb Code   114  rt_mutex.o(i.rt_mut_wait)
    rt_pop_req                               0x00004bf9   Thumb Code   112  rt_system.o(i.rt_pop_req)
    rt_psh_req                               0x00004c75   Thumb Code    22  rt_system.o(i.rt_psh_req)
    rt_psq_enq                               0x00004c95   Thumb Code    88  rt_list.o(i.rt_psq_enq)
    rt_put_dly                               0x00004cf1   Thumb Code    68  rt_list.o(i.rt_put_dly)
    rt_put_prio                              0x00004d39   Thumb Code    54  rt_list.o(i.rt_put_prio)
    rt_put_rdy_first                         0x00004d71   Thumb Code    14  rt_list.o(i.rt_put_rdy_first)
    rt_resort_prio                           0x00004d85   Thumb Code    46  rt_list.o(i.rt_resort_prio)
    rt_ret_val                               0x00004dc9   Thumb Code    12  hal_cm.o(i.rt_ret_val)
    rt_ret_val2                              0x00004dd5   Thumb Code    16  hal_cm.o(i.rt_ret_val2)
    rt_rmv_dly                               0x00004de5   Thumb Code    40  rt_list.o(i.rt_rmv_dly)
    rt_rmv_list                              0x00004e0d   Thumb Code    44  rt_list.o(i.rt_rmv_list)
    rt_sem_psh                               0x00004e3d   Thumb Code    48  rt_semaphore.o(i.rt_sem_psh)
    rt_stk_check                             0x00004e71   Thumb Code    28  rt_system.o(i.rt_stk_check)
    rt_switch_req                            0x00004e95   Thumb Code    30  rt_task.o(i.rt_switch_req)
    rt_sys_init                              0x00004ebd   Thumb Code   138  rt_task.o(i.rt_sys_init)
    rt_sys_start                             0x00004f89   Thumb Code   110  rt_task.o(i.rt_sys_start)
    rt_systick                               0x00005001   Thumb Code    50  rt_system.o(i.rt_systick)
    rt_tsk_create                            0x000050c5   Thumb Code   118  rt_task.o(i.rt_tsk_create)
    rt_tsk_delete                            0x0000514d   Thumb Code   352  rt_task.o(i.rt_tsk_delete)
    rt_tsk_pass                              0x000052c9   Thumb Code    38  rt_task.o(i.rt_tsk_pass)
    rt_tsk_prio                              0x000052f9   Thumb Code   108  rt_task.o(i.rt_tsk_prio)
    rt_tsk_self                              0x00005375   Thumb Code    12  rt_task.o(i.rt_tsk_self)
    sqrt                                     0x00005385   Thumb Code   110  sqrt.o(i.sqrt)
    svcDelay                                 0x000053f3   Thumb Code    18  rt_cmsis.o(i.svcDelay)
    svcKernelInitialize                      0x00005405   Thumb Code    80  rt_cmsis.o(i.svcKernelInitialize)
    svcKernelStart                           0x00005475   Thumb Code    62  rt_cmsis.o(i.svcKernelStart)
    svcKernelSysTick                         0x000054bd   Thumb Code    46  rt_cmsis.o(i.svcKernelSysTick)
    svcMessageCreate                         0x000054f5   Thumb Code    36  rt_cmsis.o(i.svcMessageCreate)
    svcMessageGet                            0x00005519   Thumb Code    58  rt_cmsis.o(i.svcMessageGet)
    svcSignalSet                             0x00005553   Thumb Code    36  rt_cmsis.o(i.svcSignalSet)
    svcSignalWait                            0x00005579   Thumb Code    80  rt_cmsis.o(i.svcSignalWait)
    svcThreadCreate                          0x000055cd   Thumb Code    96  rt_cmsis.o(i.svcThreadCreate)
    svcThreadGetId                           0x00005639   Thumb Code    22  rt_cmsis.o(i.svcThreadGetId)
    svcThreadSetPriority                     0x00005655   Thumb Code    46  rt_cmsis.o(i.svcThreadSetPriority)
    svcThreadTerminate                       0x00005685   Thumb Code    50  rt_cmsis.o(i.svcThreadTerminate)
    svcThreadYield                           0x000056bd   Thumb Code    10  rt_cmsis.o(i.svcThreadYield)
    svcTimerCall                             0x000056c7   Thumb Code    24  rt_cmsis.o(i.svcTimerCall)
    svcTimerCreate                           0x000056e1   Thumb Code    52  rt_cmsis.o(i.svcTimerCreate)
    svcTimerStart                            0x00005719   Thumb Code    96  rt_cmsis.o(i.svcTimerStart)
    svcTimerStop                             0x0000577d   Thumb Code    36  rt_cmsis.o(i.svcTimerStop)
    sysTimerTick                             0x000057a1   Thumb Code    84  rt_cmsis.o(i.sysTimerTick)
    _get_lc_numeric                          0x000057fd   Thumb Code    44  lc_numeric_c.o(locale$$code)
    __aeabi_dneg                             0x00005829   Thumb Code     0  basic.o(x$fpl$basic)
    _dneg                                    0x00005829   Thumb Code     6  basic.o(x$fpl$basic)
    __aeabi_fneg                             0x0000582f   Thumb Code     0  basic.o(x$fpl$basic)
    _fneg                                    0x0000582f   Thumb Code     6  basic.o(x$fpl$basic)
    _dabs                                    0x00005835   Thumb Code     6  basic.o(x$fpl$basic)
    _fabs                                    0x0000583b   Thumb Code     6  basic.o(x$fpl$basic)
    __aeabi_d2f                              0x00005841   Thumb Code     0  d2f.o(x$fpl$d2f)
    _d2f                                     0x00005841   Thumb Code    98  d2f.o(x$fpl$d2f)
    __aeabi_dadd                             0x000058a5   Thumb Code     0  daddsub_clz.o(x$fpl$dadd)
    _dadd                                    0x000058a5   Thumb Code   332  daddsub_clz.o(x$fpl$dadd)
    __fpl_dcheck_NaN1                        0x000059f5   Thumb Code    10  dcheck1.o(x$fpl$dcheck1)
    __fpl_dcmp_Inf                           0x00005a05   Thumb Code    24  dcmpi.o(x$fpl$dcmpinf)
    __aeabi_ddiv                             0x00005a1d   Thumb Code     0  ddiv.o(x$fpl$ddiv)
    _ddiv                                    0x00005a1d   Thumb Code   552  ddiv.o(x$fpl$ddiv)
    __aeabi_i2d                              0x00005ccd   Thumb Code     0  dflt_clz.o(x$fpl$dflt)
    _dflt                                    0x00005ccd   Thumb Code    46  dflt_clz.o(x$fpl$dflt)
    __aeabi_cdcmple                          0x00005cfd   Thumb Code     0  dleqf.o(x$fpl$dleqf)
    _dcmple                                  0x00005cfd   Thumb Code   120  dleqf.o(x$fpl$dleqf)
    __fpl_dcmple_InfNaN                      0x00005d5f   Thumb Code     0  dleqf.o(x$fpl$dleqf)
    __aeabi_dmul                             0x00005d75   Thumb Code     0  dmul.o(x$fpl$dmul)
    _dmul                                    0x00005d75   Thumb Code   332  dmul.o(x$fpl$dmul)
    __fpl_dnaninf                            0x00005ec9   Thumb Code   156  dnaninf.o(x$fpl$dnaninf)
    __fpl_dretinf                            0x00005f65   Thumb Code    12  dretinf.o(x$fpl$dretinf)
    __aeabi_cdrcmple                         0x00005f71   Thumb Code     0  drleqf.o(x$fpl$drleqf)
    _drcmple                                 0x00005f71   Thumb Code   108  drleqf.o(x$fpl$drleqf)
    __aeabi_drsub                            0x00005fdd   Thumb Code     0  daddsub_clz.o(x$fpl$drsb)
    _drsb                                    0x00005fdd   Thumb Code    22  daddsub_clz.o(x$fpl$drsb)
    _dsqrt                                   0x00005ff5   Thumb Code   404  dsqrt_umaal.o(x$fpl$dsqrt)
    __aeabi_dsub                             0x0000618d   Thumb Code     0  daddsub_clz.o(x$fpl$dsub)
    _dsub                                    0x0000618d   Thumb Code   464  daddsub_clz.o(x$fpl$dsub)
    __aeabi_f2d                              0x00006361   Thumb Code     0  f2d.o(x$fpl$f2d)
    _f2d                                     0x00006361   Thumb Code    86  f2d.o(x$fpl$f2d)
    __fpl_fnaninf                            0x000063b7   Thumb Code   140  fnaninf.o(x$fpl$fnaninf)
    _fp_init                                 0x00006443   Thumb Code    10  fpinit.o(x$fpl$fpinit)
    __fplib_config_fpu_vfp                   0x0000644b   Thumb Code     0  fpinit.o(x$fpl$fpinit)
    __fplib_config_pureend_doubles           0x0000644b   Thumb Code     0  fpinit.o(x$fpl$fpinit)
    __fpl_fretinf                            0x0000644d   Thumb Code    10  fretinf.o(x$fpl$fretinf)
    _printf_fp_dec                           0x00006457   Thumb Code     4  printf1.o(x$fpl$printf1)
    __fpl_return_NaN                         0x0000645b   Thumb Code   100  retnan.o(x$fpl$retnan)
    __ARM_scalbn                             0x000064bf   Thumb Code    92  scalbn.o(x$fpl$scalbn)
    __fpl_cmpreturn                          0x0000651b   Thumb Code    48  trapv.o(x$fpl$trapveneer)
    __I$use$fp                               0x0000654a   Number         0  usenofp.o(x$fpl$usenofp)
    os_thread_def_threadA                    0x0000654c   Data          16  threads.o(.constdata)
    os_thread_def_threadB                    0x0000655c   Data          16  threads.o(.constdata)
    os_thread_def_threadC                    0x0000656c   Data          16  threads.o(.constdata)
    os_thread_def_threadD                    0x0000657c   Data          16  threads.o(.constdata)
    os_thread_def_threadE                    0x0000658c   Data          16  threads.o(.constdata)
    os_thread_def_threadF                    0x0000659c   Data          16  threads.o(.constdata)
    os_timer_def_schedulerTimer              0x000065ac   Data           8  scheduler.o(.constdata)
    os_thread_def_display                    0x000065b4   Data          16  displaythread.o(.constdata)
    g_sCfaf128x128x16                        0x000065c4   Data          40  cfaf128x128x16.o(.constdata)
    os_maxtaskrun                            0x000065ec   Data           2  rtx_conf_cm.o(.constdata)
    os_stackinfo                             0x000065f0   Data           4  rtx_conf_cm.o(.constdata)
    os_trv                                   0x000065f4   Data           4  rtx_conf_cm.o(.constdata)
    os_flags                                 0x000065f8   Data           1  rtx_conf_cm.o(.constdata)
    CMSIS_RTOS_API_Version                   0x000065fc   Data           4  rtx_conf_cm.o(.constdata)
    CMSIS_RTOS_RTX_Version                   0x00006600   Data           4  rtx_conf_cm.o(.constdata)
    os_clockrate                             0x00006604   Data           4  rtx_conf_cm.o(.constdata)
    os_timernum                              0x00006608   Data           4  rtx_conf_cm.o(.constdata)
    mp_tcb_size                              0x0000660c   Data           2  rtx_conf_cm.o(.constdata)
    mp_stk_size                              0x00006610   Data           4  rtx_conf_cm.o(.constdata)
    os_stack_sz                              0x00006614   Data           4  rtx_conf_cm.o(.constdata)
    os_fifo_size                             0x00006618   Data           1  rtx_conf_cm.o(.constdata)
    os_thread_def_osTimerThread              0x0000661c   Data          16  rtx_conf_cm.o(.constdata)
    os_messageQ_def_osTimerMessageQ          0x0000662c   Data           8  rtx_conf_cm.o(.constdata)
    mp_tmr_size                              0x00006634   Data           2  rtx_conf_cm.o(.constdata)
    os_thread_def_main                       0x00006638   Data          16  rtx_conf_cm.o(.constdata)
    g_psDefaultCodePointMapTable             0x0000689c   Data          16  context.o(.constdata)
    g_sFontFixed6x8                          0x00006ba4   Data         200  fontfixed6x8.o(.constdata)
    __mathlib_zero                           0x00006cf8   Data           8  qnan.o(.constdata)
    Region$$Table$$Base                      0x00006de4   Number         0  anon$$obj.o(Region$$Table)
    Region$$Table$$Limit                     0x00006e04   Number         0  anon$$obj.o(Region$$Table)
    scheduler_id                             0x20000000   Data           4  scheduler.o(.data)
    timer_id                                 0x20000004   Data           4  scheduler.o(.data)
    miliseconds                              0x20000008   Data           4  scheduler.o(.data)
    bla                                      0x2000000c   Data           1  uart.o(.data)
    m_tmr                                    0x20000018   Data           4  rtx_conf_cm.o(.data)
    osThreadId_osTimerThread                 0x2000001c   Data           4  rtx_conf_cm.o(.data)
    osMessageQId_osTimerMessageQ             0x20000020   Data           4  rtx_conf_cm.o(.data)
    SystemCoreClock                          0x20000028   Data           4  system_tm4c129.o(.data)
    os_initialized                           0x20000030   Data           1  rt_cmsis.o(.data)
    os_running                               0x20000031   Data           1  rt_cmsis.o(.data)
    os_timer_head                            0x20000034   Data           4  rt_cmsis.o(.data)
    os_tsk                                   0x20000038   Data           8  rt_task.o(.data)
    os_tick_irqn                             0x20000044   Data           4  rt_system.o(.data)
    os_time                                  0x20000048   Data           4  rt_time.o(.data)
    dbg_msg                                  0x2000004c   Data           1  hal_cm.o(.data)
    threads                                  0x20000050   Data         360  threads.o(.bss)
    sContext                                 0x200001b8   Data          44  displayutils.o(.bss)
    os_timer_cb_schedulerTimer               0x200001e4   Data          24  scheduler.o(.bss)
    awaitThreads                             0x200001fc   Data          24  scheduler.o(.bss)
    readyThreads                             0x20000214   Data          24  scheduler.o(.bss)
    os_messageQ_q_osTimerMessageQ            0x2000022c   Data          32  rtx_conf_cm.o(.bss)
    mp_tcb                                   0x2000024c   Data         584  rtx_conf_cm.o(.bss)
    mp_stk                                   0x20000498   Data        8016  rtx_conf_cm.o(.bss)
    os_stack_mem                             0x200023e8   Data        1032  rtx_conf_cm.o(.bss)
    os_fifo                                  0x200027f0   Data         132  rtx_conf_cm.o(.bss)
    os_active_TCB                            0x20002874   Data          44  rtx_conf_cm.o(.bss)
    os_idle_TCB                              0x20002d40   Data          52  rt_task.o(.bss)
    os_rdy                                   0x20002d74   Data          24  rt_list.o(.bss)
    os_dly                                   0x20002d8c   Data          24  rt_list.o(.bss)
    __libspace_start                         0x20002da4   Data          96  libspace.o(.bss)
    __temporary_stack_top$libspace           0x20002e04   Data           0  libspace.o(.bss)



==============================================================================

Memory Map of the image

  Image Entry point : 0x00000201

  Load Region LR_IROM1 (Base: 0x00000000, Size: 0x00006e70, Max: 0x00100000, ABSOLUTE)

    Execution Region ER_IROM1 (Exec base: 0x00000000, Load base: 0x00000000, Size: 0x00006e20, Max: 0x00100000, ABSOLUTE)

    Exec Addr    Load Addr    Size         Type   Attr      Idx    E Section Name        Object

    0x00000000   0x00000000   0x00000200   Data   RO          332    RESET               startup_tm4c129.o
    0x00000200   0x00000200   0x00000008   Code   RO         2462  * !!!main             c_w.l(__main.o)
    0x00000208   0x00000208   0x00000034   Code   RO         2790    !!!scatter          c_w.l(__scatter.o)
    0x0000023c   0x0000023c   0x0000001a   Code   RO         2792    !!handler_copy      c_w.l(__scatter_copy.o)
    0x00000256   0x00000256   0x00000002   PAD
    0x00000258   0x00000258   0x0000001c   Code   RO         2794    !!handler_zi        c_w.l(__scatter_zi.o)
    0x00000274   0x00000274   0x00000000   Code   RO         2455    .ARM.Collect$$_printf_percent$$00000000  c_w.l(_printf_percent.o)
    0x00000274   0x00000274   0x00000006   Code   RO         2454    .ARM.Collect$$_printf_percent$$00000003  c_w.l(_printf_f.o)
    0x0000027a   0x0000027a   0x00000006   Code   RO         2453    .ARM.Collect$$_printf_percent$$00000009  c_w.l(_printf_d.o)
    0x00000280   0x00000280   0x00000006   Code   RO         2452    .ARM.Collect$$_printf_percent$$00000013  c_w.l(_printf_c.o)
    0x00000286   0x00000286   0x00000004   Code   RO         2515    .ARM.Collect$$_printf_percent$$00000017  c_w.l(_printf_percent_end.o)
    0x0000028a   0x0000028a   0x00000002   Code   RO         2670    .ARM.Collect$$libinit$$00000000  c_w.l(libinit.o)
    0x0000028c   0x0000028c   0x00000004   Code   RO         2671    .ARM.Collect$$libinit$$00000001  c_w.l(libinit2.o)
    0x00000290   0x00000290   0x00000000   Code   RO         2674    .ARM.Collect$$libinit$$00000004  c_w.l(libinit2.o)
    0x00000290   0x00000290   0x00000000   Code   RO         2677    .ARM.Collect$$libinit$$0000000A  c_w.l(libinit2.o)
    0x00000290   0x00000290   0x00000000   Code   RO         2679    .ARM.Collect$$libinit$$0000000C  c_w.l(libinit2.o)
    0x00000290   0x00000290   0x00000000   Code   RO         2681    .ARM.Collect$$libinit$$0000000E  c_w.l(libinit2.o)
    0x00000290   0x00000290   0x00000006   Code   RO         2682    .ARM.Collect$$libinit$$0000000F  c_w.l(libinit2.o)
    0x00000296   0x00000296   0x00000000   Code   RO         2684    .ARM.Collect$$libinit$$00000011  c_w.l(libinit2.o)
    0x00000296   0x00000296   0x00000000   Code   RO         2686    .ARM.Collect$$libinit$$00000013  c_w.l(libinit2.o)
    0x00000296   0x00000296   0x00000000   Code   RO         2688    .ARM.Collect$$libinit$$00000015  c_w.l(libinit2.o)
    0x00000296   0x00000296   0x0000000a   Code   RO         2689    .ARM.Collect$$libinit$$00000016  c_w.l(libinit2.o)
    0x000002a0   0x000002a0   0x00000000   Code   RO         2690    .ARM.Collect$$libinit$$00000017  c_w.l(libinit2.o)
    0x000002a0   0x000002a0   0x00000000   Code   RO         2692    .ARM.Collect$$libinit$$00000019  c_w.l(libinit2.o)
    0x000002a0   0x000002a0   0x00000000   Code   RO         2694    .ARM.Collect$$libinit$$0000001B  c_w.l(libinit2.o)
    0x000002a0   0x000002a0   0x00000000   Code   RO         2696    .ARM.Collect$$libinit$$0000001D  c_w.l(libinit2.o)
    0x000002a0   0x000002a0   0x00000000   Code   RO         2698    .ARM.Collect$$libinit$$0000001F  c_w.l(libinit2.o)
    0x000002a0   0x000002a0   0x00000000   Code   RO         2700    .ARM.Collect$$libinit$$00000021  c_w.l(libinit2.o)
    0x000002a0   0x000002a0   0x00000000   Code   RO         2702    .ARM.Collect$$libinit$$00000023  c_w.l(libinit2.o)
    0x000002a0   0x000002a0   0x00000000   Code   RO         2704    .ARM.Collect$$libinit$$00000025  c_w.l(libinit2.o)
    0x000002a0   0x000002a0   0x00000000   Code   RO         2708    .ARM.Collect$$libinit$$0000002C  c_w.l(libinit2.o)
    0x000002a0   0x000002a0   0x00000000   Code   RO         2710    .ARM.Collect$$libinit$$0000002E  c_w.l(libinit2.o)
    0x000002a0   0x000002a0   0x00000000   Code   RO         2712    .ARM.Collect$$libinit$$00000030  c_w.l(libinit2.o)
    0x000002a0   0x000002a0   0x00000000   Code   RO         2714    .ARM.Collect$$libinit$$00000032  c_w.l(libinit2.o)
    0x000002a0   0x000002a0   0x00000002   Code   RO         2715    .ARM.Collect$$libinit$$00000033  c_w.l(libinit2.o)
    0x000002a2   0x000002a2   0x00000002   Code   RO         2716    .ARM.Collect$$libshutdown$$00000000  c_w.l(libshutdown.o)
    0x000002a4   0x000002a4   0x00000000   Code   RO         2733    .ARM.Collect$$libshutdown$$00000002  c_w.l(libshutdown2.o)
    0x000002a4   0x000002a4   0x00000000   Code   RO         2735    .ARM.Collect$$libshutdown$$00000004  c_w.l(libshutdown2.o)
    0x000002a4   0x000002a4   0x00000000   Code   RO         2738    .ARM.Collect$$libshutdown$$00000007  c_w.l(libshutdown2.o)
    0x000002a4   0x000002a4   0x00000000   Code   RO         2741    .ARM.Collect$$libshutdown$$0000000A  c_w.l(libshutdown2.o)
    0x000002a4   0x000002a4   0x00000000   Code   RO         2743    .ARM.Collect$$libshutdown$$0000000C  c_w.l(libshutdown2.o)
    0x000002a4   0x000002a4   0x00000000   Code   RO         2746    .ARM.Collect$$libshutdown$$0000000F  c_w.l(libshutdown2.o)
    0x000002a4   0x000002a4   0x00000002   Code   RO         2747    .ARM.Collect$$libshutdown$$00000010  c_w.l(libshutdown2.o)
    0x000002a6   0x000002a6   0x00000000   Code   RO         2496    .ARM.Collect$$rtentry$$00000000  c_w.l(__rtentry.o)
    0x000002a6   0x000002a6   0x00000000   Code   RO         2575    .ARM.Collect$$rtentry$$00000002  c_w.l(__rtentry2.o)
    0x000002a6   0x000002a6   0x00000006   Code   RO         2587    .ARM.Collect$$rtentry$$00000004  c_w.l(__rtentry4.o)
    0x000002ac   0x000002ac   0x00000000   Code   RO         2577    .ARM.Collect$$rtentry$$00000009  c_w.l(__rtentry2.o)
    0x000002ac   0x000002ac   0x00000004   Code   RO         2578    .ARM.Collect$$rtentry$$0000000A  c_w.l(__rtentry2.o)
    0x000002b0   0x000002b0   0x00000008   Code   RO         2579    .ARM.Collect$$rtentry$$0000000B  c_w.l(__rtentry2.o)
    0x000002b8   0x000002b8   0x00000008   Code   RO         2581    .ARM.Collect$$rtentry$$0000000D  c_w.l(__rtentry2.o)
    0x000002c0   0x000002c0   0x00000002   Code   RO         2497    .ARM.Collect$$rtexit$$00000000  c_w.l(rtexit.o)
    0x000002c2   0x000002c2   0x00000000   Code   RO         2590    .ARM.Collect$$rtexit$$00000002  c_w.l(rtexit2.o)
    0x000002c2   0x000002c2   0x00000004   Code   RO         2591    .ARM.Collect$$rtexit$$00000003  c_w.l(rtexit2.o)
    0x000002c6   0x000002c6   0x00000006   Code   RO         2592    .ARM.Collect$$rtexit$$00000004  c_w.l(rtexit2.o)
    0x000002cc   0x000002cc   0x0000001c   Code   RO          276    .emb_text           rtx_conf_cm.o
    0x000002e8   0x000002e8   0x00000198   Code   RO         2379    .emb_text           RTX_CM4.lib(hal_cm4.o)
    0x00000480   0x00000480   0x00000022   Code   RO            4    .text               main.o
    0x000004a2   0x000004a2   0x00000002   PAD
    0x000004a4   0x000004a4   0x00000264   Code   RO          101    .text               threads.o
    0x00000708   0x00000708   0x000001e4   Code   RO          124    .text               threadcalculations.o
    0x000008ec   0x000008ec   0x00000060   Code   RO          136    .text               displayutils.o
    0x0000094c   0x0000094c   0x00000258   Code   RO          161    .text               scheduler.o
    0x00000ba4   0x00000ba4   0x000001ac   Code   RO          184    .text               displaythread.o
    0x00000d50   0x00000d50   0x000000a4   Code   RO          199    .text               uart.o
    0x00000df4   0x00000df4   0x000006fc   Code   RO          218    .text               cfaf128x128x16.o
    0x000014f0   0x000014f0   0x00000090   Code   RO          277    .text               rtx_conf_cm.o
    0x00001580   0x00001580   0x0000012c   Code   RO          333    .text               startup_tm4c129.o
    0x000016ac   0x000016ac   0x00000028   Code   RO          340    .text               system_tm4c129.o
    0x000016d4   0x000016d4   0x00000008   Code   RO         2415    .text               c_w.l(libspace.o)
    0x000016dc   0x000016dc   0x000000ee   Code   RO         2418    .text               c_w.l(lludivv7m.o)
    0x000017ca   0x000017ca   0x00000002   PAD
    0x000017cc   0x000017cc   0x00000028   Code   RO         2422    .text               c_w.l(noretval__2sprintf.o)
    0x000017f4   0x000017f4   0x0000004e   Code   RO         2426    .text               c_w.l(_printf_pad.o)
    0x00001842   0x00001842   0x00000052   Code   RO         2428    .text               c_w.l(_printf_str.o)
    0x00001894   0x00001894   0x00000078   Code   RO         2430    .text               c_w.l(_printf_dec.o)
    0x0000190c   0x0000190c   0x0000010e   Code   RO         2440    .text               c_w.l(__printf_wp.o)
    0x00001a1a   0x00001a1a   0x00000012   Code   RO         2456    .text               c_w.l(exit.o)
    0x00001a2c   0x00001a2c   0x0000003e   Code   RO         2458    .text               c_w.l(strlen.o)
    0x00001a6a   0x00001a6a   0x00000006   Code   RO         2460    .text               c_w.l(heapauxi.o)
    0x00001a70   0x00001a70   0x00000016   Code   RO         2503    .text               c_w.l(_rserrno.o)
    0x00001a86   0x00001a86   0x000000b2   Code   RO         2505    .text               c_w.l(_printf_intcommon.o)
    0x00001b38   0x00001b38   0x0000041e   Code   RO         2507    .text               c_w.l(_printf_fp_dec.o)
    0x00001f56   0x00001f56   0x00000002   PAD
    0x00001f58   0x00001f58   0x00000030   Code   RO         2509    .text               c_w.l(_printf_char_common.o)
    0x00001f88   0x00001f88   0x0000000a   Code   RO         2511    .text               c_w.l(_sputc.o)
    0x00001f92   0x00001f92   0x0000002c   Code   RO         2513    .text               c_w.l(_printf_char.o)
    0x00001fbe   0x00001fbe   0x0000000a   Code   RO         2603    .text               c_w.l(rt_locale_twolibspace.o)
    0x00001fc8   0x00001fc8   0x00000004   Code   RO         2610    .text               c_w.l(rt_errno_addr_twolibspace.o)
    0x00001fcc   0x00001fcc   0x0000008a   Code   RO         2612    .text               c_w.l(lludiv10.o)
    0x00002056   0x00002056   0x00000002   PAD
    0x00002058   0x00002058   0x00000080   Code   RO         2614    .text               c_w.l(_printf_fp_infnan.o)
    0x000020d8   0x000020d8   0x000000e4   Code   RO         2618    .text               c_w.l(bigflt0.o)
    0x000021bc   0x000021bc   0x0000000c   Code   RO         2654    .text               c_w.l(sys_exit.o)
    0x000021c8   0x000021c8   0x0000004a   Code   RO         2656    .text               c_w.l(sys_stackheap_outer.o)
    0x00002212   0x00002212   0x00000002   PAD
    0x00002214   0x00002214   0x00000080   Code   RO         2662    .text               c_w.l(strcmpv7m.o)
    0x00002294   0x00002294   0x00000002   Code   RO         2721    .text               c_w.l(use_no_semi.o)
    0x00002296   0x00002296   0x00000000   Code   RO         2723    .text               c_w.l(indicate_semi.o)
    0x00002296   0x00002296   0x0000003e   Code   RO         2621    CL$$btod_d2e        c_w.l(btod.o)
    0x000022d4   0x000022d4   0x00000046   Code   RO         2623    CL$$btod_d2e_denorm_low  c_w.l(btod.o)
    0x0000231a   0x0000231a   0x00000060   Code   RO         2622    CL$$btod_d2e_norm_op1  c_w.l(btod.o)
    0x0000237a   0x0000237a   0x00000338   Code   RO         2631    CL$$btod_div_common  c_w.l(btod.o)
    0x000026b2   0x000026b2   0x000000dc   Code   RO         2628    CL$$btod_e2e        c_w.l(btod.o)
    0x0000278e   0x0000278e   0x0000002a   Code   RO         2625    CL$$btod_ediv       c_w.l(btod.o)
    0x000027b8   0x000027b8   0x0000002a   Code   RO         2624    CL$$btod_emul       c_w.l(btod.o)
    0x000027e2   0x000027e2   0x00000244   Code   RO         2630    CL$$btod_mult_common  c_w.l(btod.o)
    0x00002a26   0x00002a26   0x00000002   PAD
    0x00002a28   0x00002a28   0x00000004   Code   RO         2410    SVC_TABLE           RTX_CM4.lib(svc_table.o)
    0x00002a2c   0x00002a2c   0x00000006   Code   RO          795    i.GrContextFontSet  grlib.lib(string.o)
    0x00002a32   0x00002a32   0x00000002   PAD
    0x00002a34   0x00002a34   0x00000064   Code   RO          746    i.GrContextInit     grlib.lib(context.o)
    0x00002a98   0x00002a98   0x00000118   Code   RO          796    i.GrDefaultStringRenderer  grlib.lib(string.o)
    0x00002bb0   0x00002bb0   0x000000a6   Code   RO          800    i.GrFontGlyphDataGet  grlib.lib(string.o)
    0x00002c56   0x00002c56   0x00000288   Code   RO          801    i.GrFontGlyphRender  grlib.lib(string.o)
    0x00002ede   0x00002ede   0x00000008   Code   RO         1788    i.GrMapISO8859_1_Unicode  grlib.lib(charmap.o)
    0x00002ee6   0x00002ee6   0x00000020   Code   RO          807    i.GrStringDraw      grlib.lib(string.o)
    0x00002f06   0x00002f06   0x00000002   PAD
    0x00002f08   0x00002f08   0x000002ec   Code   RO          372    i.SysCtlClockFreqSet  driverlib.lib(sysctl.o)
    0x000031f4   0x000031f4   0x0000006c   Code   RO          813    i.UpdateContextCharMapping  grlib.lib(string.o)
    0x00003260   0x00003260   0x00000030   Code   RO         2557    i.__ARM_fpclassify  m_wm.l(fpclassify.o)
    0x00003290   0x00003290   0x00000c50   Code   RO         2482    i.__hardfp_pow      m_wm.l(pow.o)
    0x00003ee0   0x00003ee0   0x000000f8   Code   RO         2559    i.__kernel_poly     m_wm.l(poly.o)
    0x00003fd8   0x00003fd8   0x00000030   Code   RO         2537    i.__mathlib_dbl_divzero  m_wm.l(dunder.o)
    0x00004008   0x00004008   0x00000014   Code   RO         2539    i.__mathlib_dbl_infnan2  m_wm.l(dunder.o)
    0x0000401c   0x0000401c   0x00000004   PAD
    0x00004020   0x00004020   0x00000020   Code   RO         2540    i.__mathlib_dbl_invalid  m_wm.l(dunder.o)
    0x00004040   0x00004040   0x00000020   Code   RO         2541    i.__mathlib_dbl_overflow  m_wm.l(dunder.o)
    0x00004060   0x00004060   0x00000020   Code   RO         2543    i.__mathlib_dbl_underflow  m_wm.l(dunder.o)
    0x00004080   0x00004080   0x00000046   Code   RO         2273    i._init_box         RTX_CM4.lib(rt_membox.o)
    0x000040c6   0x000040c6   0x0000000e   Code   RO         2442    i._is_digit         c_w.l(__printf_wp.o)
    0x000040d4   0x000040d4   0x00000030   Code   RO         2326    i.dbg_init          RTX_CM4.lib(hal_cm.o)
    0x00004104   0x00004104   0x00000020   Code   RO         2327    i.dbg_task_notify   RTX_CM4.lib(hal_cm.o)
    0x00004124   0x00004124   0x00000010   Code   RO         2328    i.dbg_task_switch   RTX_CM4.lib(hal_cm.o)
    0x00004134   0x00004134   0x00000018   Code   RO         2553    i.fabs              m_wm.l(fabs.o)
    0x0000414c   0x0000414c   0x0000002a   Code   RO          925    i.isrMessageGet     RTX_CM4.lib(rt_cmsis.o)
    0x00004176   0x00004176   0x0000002c   Code   RO          926    i.isrMessagePut     RTX_CM4.lib(rt_cmsis.o)
    0x000041a2   0x000041a2   0x00000024   Code   RO          928    i.isrSignalSet      RTX_CM4.lib(rt_cmsis.o)
    0x000041c6   0x000041c6   0x00000002   PAD
    0x000041c8   0x000041c8   0x00000028   Code   RO         2031    i.isr_evt_set       RTX_CM4.lib(rt_event.o)
    0x000041f0   0x000041f0   0x00000056   Code   RO         2149    i.isr_mbx_receive   RTX_CM4.lib(rt_mailbox.o)
    0x00004246   0x00004246   0x0000000e   Code   RO         2150    i.isr_mbx_send      RTX_CM4.lib(rt_mailbox.o)
    0x00004254   0x00004254   0x00000018   Code   RO          929    i.osDelay           RTX_CM4.lib(rt_cmsis.o)
    0x0000426c   0x0000426c   0x00000024   Code   RO          930    i.osKernelInitialize  RTX_CM4.lib(rt_cmsis.o)
    0x00004290   0x00004290   0x0000006c   Code   RO          932    i.osKernelStart     RTX_CM4.lib(rt_cmsis.o)
    0x000042fc   0x000042fc   0x00000018   Code   RO          933    i.osKernelSysTick   RTX_CM4.lib(rt_cmsis.o)
    0x00004314   0x00004314   0x00000018   Code   RO          941    i.osMessageGet      RTX_CM4.lib(rt_cmsis.o)
    0x0000432c   0x0000432c   0x00000018   Code   RO          956    i.osSignalSet       RTX_CM4.lib(rt_cmsis.o)
    0x00004344   0x00004344   0x00000018   Code   RO          957    i.osSignalWait      RTX_CM4.lib(rt_cmsis.o)
    0x0000435c   0x0000435c   0x0000002c   Code   RO          958    i.osThreadCreate    RTX_CM4.lib(rt_cmsis.o)
    0x00004388   0x00004388   0x00000018   Code   RO          959    i.osThreadExit      RTX_CM4.lib(rt_cmsis.o)
    0x000043a0   0x000043a0   0x00000018   Code   RO          960    i.osThreadGetId     RTX_CM4.lib(rt_cmsis.o)
    0x000043b8   0x000043b8   0x00000018   Code   RO          962    i.osThreadSetPriority  RTX_CM4.lib(rt_cmsis.o)
    0x000043d0   0x000043d0   0x00000018   Code   RO          964    i.osThreadYield     RTX_CM4.lib(rt_cmsis.o)
    0x000043e8   0x000043e8   0x0000000c   Code   RO          965    i.osTimerCall       RTX_CM4.lib(rt_cmsis.o)
    0x000043f4   0x000043f4   0x0000002c   Code   RO          966    i.osTimerCreate     RTX_CM4.lib(rt_cmsis.o)
    0x00004420   0x00004420   0x00000018   Code   RO          968    i.osTimerStart      RTX_CM4.lib(rt_cmsis.o)
    0x00004438   0x00004438   0x00000018   Code   RO          969    i.osTimerStop       RTX_CM4.lib(rt_cmsis.o)
    0x00004450   0x00004450   0x0000002c   Code   RO          970    i.osTimerThread     RTX_CM4.lib(rt_cmsis.o)
    0x0000447c   0x0000447c   0x00000028   Code   RO         1941    i.os_tick_init      RTX_CM4.lib(rt_system.o)
    0x000044a4   0x000044a4   0x00000002   Code   RO         1942    i.os_tick_irqack    RTX_CM4.lib(rt_system.o)
    0x000044a6   0x000044a6   0x00000002   PAD
    0x000044a8   0x000044a8   0x00000010   Code   RO         1943    i.os_tick_ovf       RTX_CM4.lib(rt_system.o)
    0x000044b8   0x000044b8   0x00000014   Code   RO         1944    i.os_tick_val       RTX_CM4.lib(rt_system.o)
    0x000044cc   0x000044cc   0x0000001a   Code   RO         2274    i.rt_alloc_box      RTX_CM4.lib(rt_membox.o)
    0x000044e6   0x000044e6   0x0000003e   Code   RO         2302    i.rt_alloc_mem      RTX_CM4.lib(rt_memory.o)
    0x00004524   0x00004524   0x00000038   Code   RO         1544    i.rt_block          RTX_CM4.lib(rt_task.o)
    0x0000455c   0x0000455c   0x00000070   Code   RO         2073    i.rt_dec_dly        RTX_CM4.lib(rt_list.o)
    0x000045cc   0x000045cc   0x00000044   Code   RO         1545    i.rt_dispatch       RTX_CM4.lib(rt_task.o)
    0x00004610   0x00004610   0x00000006   Code   RO         2239    i.rt_dly_wait       RTX_CM4.lib(rt_time.o)
    0x00004616   0x00004616   0x00000002   PAD
    0x00004618   0x00004618   0x00000050   Code   RO         2034    i.rt_evt_psh        RTX_CM4.lib(rt_event.o)
    0x00004668   0x00004668   0x0000005c   Code   RO         2035    i.rt_evt_set        RTX_CM4.lib(rt_event.o)
    0x000046c4   0x000046c4   0x0000003c   Code   RO         2036    i.rt_evt_wait       RTX_CM4.lib(rt_event.o)
    0x00004700   0x00004700   0x0000002c   Code   RO         2275    i.rt_free_box       RTX_CM4.lib(rt_membox.o)
    0x0000472c   0x0000472c   0x00000028   Code   RO         2303    i.rt_free_mem       RTX_CM4.lib(rt_memory.o)
    0x00004754   0x00004754   0x00000028   Code   RO         2074    i.rt_get_first      RTX_CM4.lib(rt_list.o)
    0x0000477c   0x0000477c   0x00000024   Code   RO         2075    i.rt_get_same_rdy_prio  RTX_CM4.lib(rt_list.o)
    0x000047a0   0x000047a0   0x00000008   Code   RO          975    i.rt_id2obj         RTX_CM4.lib(rt_cmsis.o)
    0x000047a8   0x000047a8   0x00000048   Code   RO         1546    i.rt_init_context   RTX_CM4.lib(rt_task.o)
    0x000047f0   0x000047f0   0x0000001a   Code   RO         2304    i.rt_init_mem       RTX_CM4.lib(rt_memory.o)
    0x0000480a   0x0000480a   0x00000002   PAD
    0x0000480c   0x0000480c   0x00000080   Code   RO         2329    i.rt_init_stack     RTX_CM4.lib(hal_cm.o)
    0x0000488c   0x0000488c   0x00000008   Code   RO         2151    i.rt_mbx_check      RTX_CM4.lib(rt_mailbox.o)
    0x00004894   0x00004894   0x0000001a   Code   RO         2152    i.rt_mbx_init       RTX_CM4.lib(rt_mailbox.o)
    0x000048ae   0x000048ae   0x00000002   PAD
    0x000048b0   0x000048b0   0x000000f0   Code   RO         2153    i.rt_mbx_psh        RTX_CM4.lib(rt_mailbox.o)
    0x000049a0   0x000049a0   0x000000b4   Code   RO         2155    i.rt_mbx_wait       RTX_CM4.lib(rt_mailbox.o)
    0x00004a54   0x00004a54   0x00000044   Code   RO          976    i.rt_ms2tick        RTX_CM4.lib(rt_cmsis.o)
    0x00004a98   0x00004a98   0x00000010   Code   RO         1629    i.rt_mut_init       RTX_CM4.lib(rt_mutex.o)
    0x00004aa8   0x00004aa8   0x000000d8   Code   RO         1630    i.rt_mut_release    RTX_CM4.lib(rt_mutex.o)
    0x00004b80   0x00004b80   0x00000078   Code   RO         1631    i.rt_mut_wait       RTX_CM4.lib(rt_mutex.o)
    0x00004bf8   0x00004bf8   0x0000007c   Code   RO         1945    i.rt_pop_req        RTX_CM4.lib(rt_system.o)
    0x00004c74   0x00004c74   0x00000020   Code   RO         1946    i.rt_psh_req        RTX_CM4.lib(rt_system.o)
    0x00004c94   0x00004c94   0x0000005c   Code   RO         2076    i.rt_psq_enq        RTX_CM4.lib(rt_list.o)
    0x00004cf0   0x00004cf0   0x00000048   Code   RO         2077    i.rt_put_dly        RTX_CM4.lib(rt_list.o)
    0x00004d38   0x00004d38   0x00000036   Code   RO         2078    i.rt_put_prio       RTX_CM4.lib(rt_list.o)
    0x00004d6e   0x00004d6e   0x00000002   PAD
    0x00004d70   0x00004d70   0x00000014   Code   RO         2079    i.rt_put_rdy_first  RTX_CM4.lib(rt_list.o)
    0x00004d84   0x00004d84   0x00000034   Code   RO         2080    i.rt_resort_prio    RTX_CM4.lib(rt_list.o)
    0x00004db8   0x00004db8   0x00000010   Code   RO         2330    i.rt_ret_regs       RTX_CM4.lib(hal_cm.o)
    0x00004dc8   0x00004dc8   0x0000000c   Code   RO         2331    i.rt_ret_val        RTX_CM4.lib(hal_cm.o)
    0x00004dd4   0x00004dd4   0x00000010   Code   RO         2332    i.rt_ret_val2       RTX_CM4.lib(hal_cm.o)
    0x00004de4   0x00004de4   0x00000028   Code   RO         2081    i.rt_rmv_dly        RTX_CM4.lib(rt_list.o)
    0x00004e0c   0x00004e0c   0x00000030   Code   RO         2082    i.rt_rmv_list       RTX_CM4.lib(rt_list.o)
    0x00004e3c   0x00004e3c   0x00000034   Code   RO         2200    i.rt_sem_psh        RTX_CM4.lib(rt_semaphore.o)
    0x00004e70   0x00004e70   0x00000024   Code   RO         1948    i.rt_stk_check      RTX_CM4.lib(rt_system.o)
    0x00004e94   0x00004e94   0x00000028   Code   RO         1547    i.rt_switch_req     RTX_CM4.lib(rt_task.o)
    0x00004ebc   0x00004ebc   0x000000cc   Code   RO         1548    i.rt_sys_init       RTX_CM4.lib(rt_task.o)
    0x00004f88   0x00004f88   0x00000078   Code   RO         1549    i.rt_sys_start      RTX_CM4.lib(rt_task.o)
    0x00005000   0x00005000   0x00000040   Code   RO         1950    i.rt_systick        RTX_CM4.lib(rt_system.o)
    0x00005040   0x00005040   0x00000012   Code   RO          977    i.rt_tid2ptcb       RTX_CM4.lib(rt_cmsis.o)
    0x00005052   0x00005052   0x00000002   PAD
    0x00005054   0x00005054   0x00000034   Code   RO          978    i.rt_timer_insert   RTX_CM4.lib(rt_cmsis.o)
    0x00005088   0x00005088   0x0000003c   Code   RO          979    i.rt_timer_remove   RTX_CM4.lib(rt_cmsis.o)
    0x000050c4   0x000050c4   0x00000088   Code   RO         1550    i.rt_tsk_create     RTX_CM4.lib(rt_task.o)
    0x0000514c   0x0000514c   0x0000017c   Code   RO         1551    i.rt_tsk_delete     RTX_CM4.lib(rt_task.o)
    0x000052c8   0x000052c8   0x00000030   Code   RO         1552    i.rt_tsk_pass       RTX_CM4.lib(rt_task.o)
    0x000052f8   0x000052f8   0x0000007c   Code   RO         1553    i.rt_tsk_prio       RTX_CM4.lib(rt_task.o)
    0x00005374   0x00005374   0x00000010   Code   RO         1554    i.rt_tsk_self       RTX_CM4.lib(rt_task.o)
    0x00005384   0x00005384   0x0000006e   Code   RO         2564    i.sqrt              m_wm.l(sqrt.o)
    0x000053f2   0x000053f2   0x00000012   Code   RO          980    i.svcDelay          RTX_CM4.lib(rt_cmsis.o)
    0x00005404   0x00005404   0x00000070   Code   RO          981    i.svcKernelInitialize  RTX_CM4.lib(rt_cmsis.o)
    0x00005474   0x00005474   0x00000048   Code   RO          983    i.svcKernelStart    RTX_CM4.lib(rt_cmsis.o)
    0x000054bc   0x000054bc   0x00000038   Code   RO          984    i.svcKernelSysTick  RTX_CM4.lib(rt_cmsis.o)
    0x000054f4   0x000054f4   0x00000024   Code   RO          986    i.svcMessageCreate  RTX_CM4.lib(rt_cmsis.o)
    0x00005518   0x00005518   0x0000003a   Code   RO          987    i.svcMessageGet     RTX_CM4.lib(rt_cmsis.o)
    0x00005552   0x00005552   0x00000024   Code   RO          999    i.svcSignalSet      RTX_CM4.lib(rt_cmsis.o)
    0x00005576   0x00005576   0x00000002   PAD
    0x00005578   0x00005578   0x00000054   Code   RO         1000    i.svcSignalWait     RTX_CM4.lib(rt_cmsis.o)
    0x000055cc   0x000055cc   0x0000006c   Code   RO         1001    i.svcThreadCreate   RTX_CM4.lib(rt_cmsis.o)
    0x00005638   0x00005638   0x0000001c   Code   RO         1002    i.svcThreadGetId    RTX_CM4.lib(rt_cmsis.o)
    0x00005654   0x00005654   0x0000002e   Code   RO         1004    i.svcThreadSetPriority  RTX_CM4.lib(rt_cmsis.o)
    0x00005682   0x00005682   0x00000002   PAD
    0x00005684   0x00005684   0x00000038   Code   RO         1005    i.svcThreadTerminate  RTX_CM4.lib(rt_cmsis.o)
    0x000056bc   0x000056bc   0x0000000a   Code   RO         1006    i.svcThreadYield    RTX_CM4.lib(rt_cmsis.o)
    0x000056c6   0x000056c6   0x00000018   Code   RO         1007    i.svcTimerCall      RTX_CM4.lib(rt_cmsis.o)
    0x000056de   0x000056de   0x00000002   PAD
    0x000056e0   0x000056e0   0x00000038   Code   RO         1008    i.svcTimerCreate    RTX_CM4.lib(rt_cmsis.o)
    0x00005718   0x00005718   0x00000064   Code   RO         1010    i.svcTimerStart     RTX_CM4.lib(rt_cmsis.o)
    0x0000577c   0x0000577c   0x00000024   Code   RO         1011    i.svcTimerStop      RTX_CM4.lib(rt_cmsis.o)
    0x000057a0   0x000057a0   0x0000005c   Code   RO         1016    i.sysTimerTick      RTX_CM4.lib(rt_cmsis.o)
    0x000057fc   0x000057fc   0x0000002c   Code   RO         2644    locale$$code        c_w.l(lc_numeric_c.o)
    0x00005828   0x00005828   0x00000018   Code   RO         2516    x$fpl$basic         fz_wm.l(basic.o)
    0x00005840   0x00005840   0x00000062   Code   RO         2464    x$fpl$d2f           fz_wm.l(d2f.o)
    0x000058a2   0x000058a2   0x00000002   PAD
    0x000058a4   0x000058a4   0x00000150   Code   RO         2518    x$fpl$dadd          fz_wm.l(daddsub_clz.o)
    0x000059f4   0x000059f4   0x00000010   Code   RO         2646    x$fpl$dcheck1       fz_wm.l(dcheck1.o)
    0x00005a04   0x00005a04   0x00000018   Code   RO         2717    x$fpl$dcmpinf       fz_wm.l(dcmpi.o)
    0x00005a1c   0x00005a1c   0x000002b0   Code   RO         2467    x$fpl$ddiv          fz_wm.l(ddiv.o)
    0x00005ccc   0x00005ccc   0x0000002e   Code   RO         2471    x$fpl$dflt          fz_wm.l(dflt_clz.o)
    0x00005cfa   0x00005cfa   0x00000002   PAD
    0x00005cfc   0x00005cfc   0x00000078   Code   RO         2648    x$fpl$dleqf         fz_wm.l(dleqf.o)
    0x00005d74   0x00005d74   0x00000154   Code   RO         2476    x$fpl$dmul          fz_wm.l(dmul.o)
    0x00005ec8   0x00005ec8   0x0000009c   Code   RO         2524    x$fpl$dnaninf       fz_wm.l(dnaninf.o)
    0x00005f64   0x00005f64   0x0000000c   Code   RO         2526    x$fpl$dretinf       fz_wm.l(dretinf.o)
    0x00005f70   0x00005f70   0x0000006c   Code   RO         2528    x$fpl$drleqf        fz_wm.l(drleqf.o)
    0x00005fdc   0x00005fdc   0x00000016   Code   RO         2519    x$fpl$drsb          fz_wm.l(daddsub_clz.o)
    0x00005ff2   0x00005ff2   0x00000002   PAD
    0x00005ff4   0x00005ff4   0x00000198   Code   RO         2650    x$fpl$dsqrt         fz_wm.l(dsqrt_umaal.o)
    0x0000618c   0x0000618c   0x000001d4   Code   RO         2520    x$fpl$dsub          fz_wm.l(daddsub_clz.o)
    0x00006360   0x00006360   0x00000056   Code   RO         2478    x$fpl$f2d           fz_wm.l(f2d.o)
    0x000063b6   0x000063b6   0x0000008c   Code   RO         2530    x$fpl$fnaninf       fz_wm.l(fnaninf.o)
    0x00006442   0x00006442   0x0000000a   Code   RO         2748    x$fpl$fpinit        fz_wm.l(fpinit.o)
    0x0000644c   0x0000644c   0x0000000a   Code   RO         2532    x$fpl$fretinf       fz_wm.l(fretinf.o)
    0x00006456   0x00006456   0x00000004   Code   RO         2480    x$fpl$printf1       fz_wm.l(printf1.o)
    0x0000645a   0x0000645a   0x00000064   Code   RO         2719    x$fpl$retnan        fz_wm.l(retnan.o)
    0x000064be   0x000064be   0x0000005c   Code   RO         2534    x$fpl$scalbn        fz_wm.l(scalbn.o)
    0x0000651a   0x0000651a   0x00000030   Code   RO         2750    x$fpl$trapveneer    fz_wm.l(trapv.o)
    0x0000654a   0x0000654a   0x00000000   Code   RO         2536    x$fpl$usenofp       fz_wm.l(usenofp.o)
    0x0000654a   0x0000654a   0x00000002   PAD
    0x0000654c   0x0000654c   0x00000060   Data   RO          103    .constdata          threads.o
    0x000065ac   0x000065ac   0x00000008   Data   RO          164    .constdata          scheduler.o
    0x000065b4   0x000065b4   0x00000010   Data   RO          185    .constdata          displaythread.o
    0x000065c4   0x000065c4   0x00000028   Data   RO          231    .constdata          cfaf128x128x16.o
    0x000065ec   0x000065ec   0x00000002   Data   RO          285    .constdata          rtx_conf_cm.o
    0x000065ee   0x000065ee   0x00000002   PAD
    0x000065f0   0x000065f0   0x00000004   Data   RO          286    .constdata          rtx_conf_cm.o
    0x000065f4   0x000065f4   0x00000004   Data   RO          291    .constdata          rtx_conf_cm.o
    0x000065f8   0x000065f8   0x00000001   Data   RO          292    .constdata          rtx_conf_cm.o
    0x000065f9   0x000065f9   0x00000003   PAD
    0x000065fc   0x000065fc   0x00000010   Data   RO          293    .constdata          rtx_conf_cm.o
    0x0000660c   0x0000660c   0x00000002   Data   RO          294    .constdata          rtx_conf_cm.o
    0x0000660e   0x0000660e   0x00000002   PAD
    0x00006610   0x00006610   0x00000004   Data   RO          295    .constdata          rtx_conf_cm.o
    0x00006614   0x00006614   0x00000004   Data   RO          296    .constdata          rtx_conf_cm.o
    0x00006618   0x00006618   0x00000001   Data   RO          297    .constdata          rtx_conf_cm.o
    0x00006619   0x00006619   0x00000003   PAD
    0x0000661c   0x0000661c   0x00000010   Data   RO          298    .constdata          rtx_conf_cm.o
    0x0000662c   0x0000662c   0x00000008   Data   RO          299    .constdata          rtx_conf_cm.o
    0x00006634   0x00006634   0x00000002   Data   RO          300    .constdata          rtx_conf_cm.o
    0x00006636   0x00006636   0x00000002   PAD
    0x00006638   0x00006638   0x00000010   Data   RO          301    .constdata          rtx_conf_cm.o
    0x00006648   0x00006648   0x00000254   Data   RO          426    .constdata          driverlib.lib(sysctl.o)
    0x0000689c   0x0000689c   0x00000010   Data   RO          748    .constdata          grlib.lib(context.o)
    0x000068ac   0x000068ac   0x000002f8   Data   RO          780    .constdata          grlib.lib(fontfixed6x8.o)
    0x00006ba4   0x00006ba4   0x000000c8   Data   RO          781    .constdata          grlib.lib(fontfixed6x8.o)
    0x00006c6c   0x00006c6c   0x00000004   PAD
    0x00006c70   0x00006c70   0x00000088   Data   RO         2485    .constdata          m_wm.l(pow.o)
    0x00006cf8   0x00006cf8   0x00000008   Data   RO         2561    .constdata          m_wm.l(qnan.o)
    0x00006d00   0x00006d00   0x00000094   Data   RO         2619    .constdata          c_w.l(bigflt0.o)
    0x00006d94   0x00006d94   0x0000004d   Data   RO          165    .conststring        scheduler.o
    0x00006de1   0x00006de1   0x00000003   PAD
    0x00006de4   0x00006de4   0x00000020   Data   RO         2788    Region$$Table       anon$$obj.o
    0x00006e04   0x00006e04   0x0000001c   Data   RO         2643    locale$$data        c_w.l(lc_numeric_c.o)


    Execution Region RW_IRAM1 (Exec base: 0x20000000, Load base: 0x00006e20, Size: 0x00003008, Max: 0x00040000, ABSOLUTE)

    Exec Addr    Load Addr    Size         Type   Attr      Idx    E Section Name        Object

    0x20000000   0x00006e20   0x0000000c   Data   RW          166    .data               scheduler.o
    0x2000000c   0x00006e2c   0x00000001   Data   RW          200    .data               uart.o
    0x2000000d   0x00006e2d   0x00000003   PAD
    0x20000010   0x00006e30   0x00000008   Data   RW          232    .data               cfaf128x128x16.o
    0x20000018   0x00006e38   0x00000004   Data   RW          303    .data               rtx_conf_cm.o
    0x2000001c   0x00006e3c   0x00000004   Data   RW          304    .data               rtx_conf_cm.o
    0x20000020   0x00006e40   0x00000004   Data   RW          305    .data               rtx_conf_cm.o
    0x20000024   0x00006e44   0x00000004   Data   RW          306    .data               rtx_conf_cm.o
    0x20000028   0x00006e48   0x00000004   Data   RW          341    .data               system_tm4c129.o
    0x2000002c   0x00006e4c   0x00000004   Data   RW          749    .data               grlib.lib(context.o)
    0x20000030   0x00006e50   0x00000008   Data   RW         1019    .data               RTX_CM4.lib(rt_cmsis.o)
    0x20000038   0x00006e58   0x00000008   Data   RW         1556    .data               RTX_CM4.lib(rt_task.o)
    0x20000040   0x00006e60   0x00000008   Data   RW         1953    .data               RTX_CM4.lib(rt_system.o)
    0x20000048   0x00006e68   0x00000004   Data   RW         2243    .data               RTX_CM4.lib(rt_time.o)
    0x2000004c   0x00006e6c   0x00000001   Data   RW         2333    .data               RTX_CM4.lib(hal_cm.o)
    0x2000004d   0x00006e6d   0x00000003   PAD
    0x20000050        -       0x00000168   Zero   RW          102    .bss                threads.o
    0x200001b8        -       0x0000002c   Zero   RW          137    .bss                displayutils.o
    0x200001e4        -       0x00000018   Zero   RW          162    .bss                scheduler.o
    0x200001fc        -       0x00000030   Zero   RW          163    .bss                scheduler.o
    0x2000022c        -       0x00000020   Zero   RW          278    .bss                rtx_conf_cm.o
    0x2000024c        -       0x00000248   Zero   RW          279    .bss                rtx_conf_cm.o
    0x20000494   0x00006e6d   0x00000004   PAD
    0x20000498        -       0x00001f50   Zero   RW          280    .bss                rtx_conf_cm.o
    0x200023e8        -       0x00000408   Zero   RW          281    .bss                rtx_conf_cm.o
    0x200027f0        -       0x00000084   Zero   RW          282    .bss                rtx_conf_cm.o
    0x20002874        -       0x0000002c   Zero   RW          283    .bss                rtx_conf_cm.o
    0x200028a0        -       0x000004a0   Zero   RW          284    .bss                rtx_conf_cm.o
    0x20002d40        -       0x00000034   Zero   RW         1555    .bss                RTX_CM4.lib(rt_task.o)
    0x20002d74        -       0x00000030   Zero   RW         2083    .bss                RTX_CM4.lib(rt_list.o)
    0x20002da4        -       0x00000060   Zero   RW         2416    .bss                c_w.l(libspace.o)
    0x20002e04   0x00006e6d   0x00000004   PAD
    0x20002e08        -       0x00000000   Zero   RW          331    HEAP                startup_tm4c129.o
    0x20002e08        -       0x00000200   Zero   RW          330    STACK               startup_tm4c129.o


==============================================================================

Image component sizes


      Code (inc. data)   RO Data    RW Data    ZI Data      Debug   Object Name

      1788         94         40          8          0      10670   cfaf128x128x16.o
       428         50         16          0          0       1404   displaythread.o
        96         14          0          0         44       1235   displayutils.o
        34          0          0          0          0      34133   main.o
       172         36         80         16      11024       9200   rtx_conf_cm.o
       600         42         85         12         72       4216   scheduler.o
       300         22        512          0        512       6020   startup_tm4c129.o
        40         14          0          4          0        861   system_tm4c129.o
       484         72          0          0          0       2214   threadcalculations.o
       612         46         96          0        360       3860   threads.o
       164         28          0          1          0       1347   uart.o

    ----------------------------------------------------------------------
      4720        418        876         44      12016      75160   Object Totals
         0          0         32          0          0          0   (incl. Generated)
         2          0         15          3          4          0   (incl. Padding)

    ----------------------------------------------------------------------

      Code (inc. data)   RO Data    RW Data    ZI Data      Debug   Library Member Name

       268         24          0          1          0       4524   hal_cm.o
       408         34          0          0          0        824   hal_cm4.o
      1908        226          0          8          0      48798   rt_cmsis.o
       272         18          0          0          0       2842   rt_event.o
       566         44          0          0         48       9272   rt_list.o
       554         10          0          0          0       4237   rt_mailbox.o
       140          0          0          0          0       2069   rt_membox.o
       128          0          0          0          0       2451   rt_memory.o
       352         14          0          0          0       2249   rt_mutex.o
        52          4          0          0          0        621   rt_semaphore.o
       334         64          0          8          0       7475   rt_system.o
      1264        184          0          8         52      10675   rt_task.o
         6          0          0          4          0        700   rt_time.o
         4          4          0          0          0        208   svc_table.o
         8          0          0          0          0         68   __main.o
       284          0          0          0          0        156   __printf_wp.o
         0          0          0          0          0          0   __rtentry.o
        20          0          0          0          0          0   __rtentry2.o
         6          0          0          0          0          0   __rtentry4.o
        52          8          0          0          0          0   __scatter.o
        26          0          0          0          0          0   __scatter_copy.o
        28          0          0          0          0          0   __scatter_zi.o
         6          0          0          0          0          0   _printf_c.o
        44          0          0          0          0        108   _printf_char.o
        48          6          0          0          0         96   _printf_char_common.o
         6          0          0          0          0          0   _printf_d.o
       120         16          0          0          0         92   _printf_dec.o
         6          0          0          0          0          0   _printf_f.o
      1054          0          0          0          0        216   _printf_fp_dec.o
       128         16          0          0          0         84   _printf_fp_infnan.o
       178          0          0          0          0         88   _printf_intcommon.o
        78          0          0          0          0        108   _printf_pad.o
         0          0          0          0          0          0   _printf_percent.o
         4          0          0          0          0          0   _printf_percent_end.o
        82          0          0          0          0         80   _printf_str.o
        22          0          0          0          0        100   _rserrno.o
        10          0          0          0          0         68   _sputc.o
       228          4        148          0          0         96   bigflt0.o
      1936        128          0          0          0        672   btod.o
        18          0          0          0          0         80   exit.o
         6          0          0          0          0        152   heapauxi.o
         0          0          0          0          0          0   indicate_semi.o
        44         10         28          0          0         76   lc_numeric_c.o
         2          0          0          0          0          0   libinit.o
        22          0          0          0          0          0   libinit2.o
         2          0          0          0          0          0   libshutdown.o
         2          0          0          0          0          0   libshutdown2.o
         8          4          0          0         96         68   libspace.o
       138          0          0          0          0         80   lludiv10.o
       238          0          0          0          0        100   lludivv7m.o
        40          6          0          0          0         84   noretval__2sprintf.o
         4          0          0          0          0         68   rt_errno_addr_twolibspace.o
        10          0          0          0          0         76   rt_locale_twolibspace.o
         2          0          0          0          0          0   rtexit.o
        10          0          0          0          0          0   rtexit2.o
       128          0          0          0          0         68   strcmpv7m.o
        62          0          0          0          0         76   strlen.o
        12          4          0          0          0         68   sys_exit.o
        74          0          0          0          0         80   sys_stackheap_outer.o
         2          0          0          0          0         68   use_no_semi.o
       748         42        596          0          0       7457   sysctl.o
        24          0          0          0          0        164   basic.o
        98          4          0          0          0        140   d2f.o
       826         16          0          0          0        492   daddsub_clz.o
        16          4          0          0          0        116   dcheck1.o
        24          0          0          0          0        116   dcmpi.o
       688        140          0          0          0        256   ddiv.o
        46          0          0          0          0        116   dflt_clz.o
       120          4          0          0          0        140   dleqf.o
       340         12          0          0          0        152   dmul.o
       156          4          0          0          0        140   dnaninf.o
        12          0          0          0          0        116   dretinf.o
       108          0          0          0          0        128   drleqf.o
       408         56          0          0          0        168   dsqrt_umaal.o
        86          4          0          0          0        132   f2d.o
       140          4          0          0          0        132   fnaninf.o
        10          0          0          0          0        116   fpinit.o
        10          0          0          0          0        116   fretinf.o
         4          0          0          0          0        116   printf1.o
       100          0          0          0          0        116   retnan.o
        92          0          0          0          0        116   scalbn.o
        48          0          0          0          0        116   trapv.o
         0          0          0          0          0          0   usenofp.o
         8          0          0          0          0       1494   charmap.o
       100         12         16          4          0      26443   context.o
         0          0        960          0          0      25662   fontfixed6x8.o
      1240          0          0          0          0       9079   string.o
       164         44          0          0          0        620   dunder.o
        24          0          0          0          0        124   fabs.o
        48          0          0          0          0        124   fpclassify.o
       248          0          0          0          0        152   poly.o
      3152        296        136          0          0        352   pow.o
         0          0          8          0          0          0   qnan.o
       110          0          0          0          0        148   sqrt.o

    ----------------------------------------------------------------------
     20700       1470       1896         36        200     174980   Library Totals
        48          0          4          3          4          0   (incl. Padding)

    ----------------------------------------------------------------------

      Code (inc. data)   RO Data    RW Data    ZI Data      Debug   Library Name

      6256        626          0         29        100      96945   RTX_CM4.lib
      5198        202        176          0         96       3176   c_w.l
       748         42        596          0          0       7457   driverlib.lib
      3356        248          0          0          0       3204   fz_wm.l
      1348         12        976          4          0      62678   grlib.lib
      3746        340        144          0          0       1520   m_wm.l

    ----------------------------------------------------------------------
     20700       1470       1896         36        200     174980   Library Totals

    ----------------------------------------------------------------------

==============================================================================


      Code (inc. data)   RO Data    RW Data    ZI Data      Debug   

     25420       1888       2772         80      12216     233524   Grand Totals
     25420       1888       2772         80      12216     233524   ELF Image Totals
     25420       1888       2772         80          0          0   ROM Totals

==============================================================================

    Total RO  Size (Code + RO Data)                28192 (  27.53kB)
    Total RW  Size (RW Data + ZI Data)             12296 (  12.01kB)
    Total ROM Size (Code + RO Data + RW Data)      28272 (  27.61kB)

==============================================================================

