Component: ARM Compiler 5.06 update 5 (build 528) Tool: armlink [4d35e2]

==============================================================================

Section Cross References

    main.o(.text) refers to rt_cmsis.o(i.osKernelInitialize) for osKernelInitialize
    main.o(.text) refers to rgb.o(.text) for rgb_init
    main.o(.text) refers to rt_cmsis.o(i.osMessageCreate) for osMessageCreate
    main.o(.text) refers to rt_cmsis.o(i.osMailCreate) for osMailCreate
    main.o(.text) refers to uart_interrupt.o(.text) for init_uart
    main.o(.text) refers to uart_thread.o(.text) for init_UART_thread
    main.o(.text) refers to menu_controller.o(.text) for init_menu_controller
    main.o(.text) refers to red_led.o(.text) for init_red_led
    main.o(.text) refers to blue_led.o(.text) for init_blue_led
    main.o(.text) refers to green_led.o(.text) for init_green_led
    main.o(.text) refers to uart_send.o(.text) for init_UART_send
    main.o(.text) refers to rt_cmsis.o(i.osKernelStart) for osKernelStart
    main.o(.text) refers to rt_cmsis.o(i.osDelay) for osDelay
    main.o(.text) refers to main.o(.constdata) for .constdata
    main.o(.text) refers to main.o(.data) for .data
    main.o(.constdata) refers to main.o(.bss) for os_messageQ_q_UART_MsgQueue
    main.o(.constdata) refers to main.o(.bss) for os_messageQ_q_menu_controller_MsgQueue
    main.o(.constdata) refers to main.o(.bss) for os_messageQ_q_red_led_MsgQueue
    main.o(.constdata) refers to main.o(.bss) for os_messageQ_q_blue_led_MsgQueue
    main.o(.constdata) refers to main.o(.bss) for os_messageQ_q_green_led_MsgQueue
    main.o(.constdata) refers to main.o(.data) for os_mailQ_p_UART_send_MailQueue
    main.o(.data) refers to main.o(.bss) for os_mailQ_q_UART_send_MailQueue
    main.o(.data) refers to main.o(.bss) for os_mailQ_m_UART_send_MailQueue
    uart_interrupt.o(.text) refers to rt_cmsis.o(i.osMessagePut) for osMessagePut
    uart_interrupt.o(.text) refers to uart_interrupt.o(.data) for .data
    uart_thread.o(.text) refers to rt_cmsis.o(i.osThreadCreate) for osThreadCreate
    uart_thread.o(.text) refers to rt_cmsis.o(i.osMessagePut) for osMessagePut
    uart_thread.o(.text) refers to rt_cmsis.o(i.osMessageGet) for osMessageGet
    uart_thread.o(.text) refers to uart_thread.o(.data) for .data
    uart_thread.o(.text) refers to uart_thread.o(.constdata) for .constdata
    uart_thread.o(.constdata) refers to uart_thread.o(.text) for UART_thread
    menu_controller.o(.text) refers to _printf_percent.o(.ARM.Collect$$_printf_percent$$00000000) for _printf_percent
    menu_controller.o(.text) refers to _printf_s.o(.ARM.Collect$$_printf_percent$$00000014) for _printf_s
    menu_controller.o(.text) refers to _printf_str.o(.text) for _printf_str
    menu_controller.o(.text) refers to cfaf128x128x16.o(.text) for cfaf128x128x16Init
    menu_controller.o(.text) refers to context.o(i.GrContextInit) for GrContextInit
    menu_controller.o(.text) refers to string.o(i.GrContextFontSet) for GrContextFontSet
    menu_controller.o(.text) refers to strcpy.o(.text) for strcpy
    menu_controller.o(.text) refers to rt_cmsis.o(i.osThreadCreate) for osThreadCreate
    menu_controller.o(.text) refers to rt_cmsis.o(i.osMailAlloc) for osMailAlloc
    menu_controller.o(.text) refers to rt_cmsis.o(i.osMailPut) for osMailPut
    menu_controller.o(.text) refers to rt_cmsis.o(i.osThreadYield) for osThreadYield
    menu_controller.o(.text) refers to rt_cmsis.o(i.osMessagePut) for osMessagePut
    menu_controller.o(.text) refers to string.o(i.GrStringDraw) for GrStringDraw
    menu_controller.o(.text) refers to cfaf128x128x16.o(.constdata) for g_sCfaf128x128x16
    menu_controller.o(.text) refers to menu_controller.o(.bss) for .bss
    menu_controller.o(.text) refers to fontfixed6x8.o(.constdata) for g_sFontFixed6x8
    menu_controller.o(.text) refers to menu_controller.o(.data) for .data
    menu_controller.o(.text) refers to menu_controller.o(.constdata) for .constdata
    menu_controller.o(.text) refers to strlen.o(.text) for strlen
    menu_controller.o(.text) refers to noretval__2sprintf.o(.text) for __2sprintf
    menu_controller.o(.text) refers to rt_cmsis.o(i.osMessageGet) for osMessageGet
    menu_controller.o(.constdata) refers to menu_controller.o(.text) for menu_controller
    red_led.o(.text) refers to rt_cmsis.o(i.osThreadCreate) for osThreadCreate
    red_led.o(.text) refers to rgb.o(.text) for rgb_write_r
    red_led.o(.text) refers to rt_cmsis.o(i.osMessageGet) for osMessageGet
    red_led.o(.text) refers to red_led.o(.constdata) for .constdata
    red_led.o(.constdata) refers to red_led.o(.text) for red_led
    green_led.o(.text) refers to rt_cmsis.o(i.osThreadCreate) for osThreadCreate
    green_led.o(.text) refers to rgb.o(.text) for rgb_write_g
    green_led.o(.text) refers to rt_cmsis.o(i.osMessageGet) for osMessageGet
[...]
    .data                                    0x20000da4   Section        4  system_tm4c129.o(.data)
    .data                                    0x20000da8   Section        4  context.o(.data)
    g_psGrLibDefaults                        0x20000da8   Data           4  context.o(.data)
    .data                                    0x20000dac   Section        8  rt_cmsis.o(.data)
    .data                                    0x20000db4   Section        8  rt_task.o(.data)
    .data                                    0x20000dbc   Section        8  rt_system.o(.data)
    os_lock                                  0x20000dbc   Data           1  rt_system.o(.data)
    os_psh_flag                              0x20000dbd   Data           1  rt_system.o(.data)
    pend_flags                               0x20000dbe   Data           1  rt_system.o(.data)
    .data                                    0x20000dc4   Section        4  rt_time.o(.data)
    .data                                    0x20000dc8   Section        8  rt_robin.o(.data)
    .data                                    0x20000dd0   Section        1  hal_cm.o(.data)
    .bss                                     0x20000dd4   Section       80  main.o(.bss)
    .bss                                     0x20000e24   Section       80  main.o(.bss)
    .bss                                     0x20000e74   Section       80  main.o(.bss)
    .bss                                     0x20000ec4   Section       80  main.o(.bss)
    .bss                                     0x20000f14   Section       80  main.o(.bss)
    .bss                                     0x20000f64   Section       80  main.o(.bss)
    .bss                                     0x20000fb4   Section     2572  main.o(.bss)
    .bss                                     0x200019c0   Section     1152  menu_controller.o(.bss)
    .bss                                     0x20001e40   Section       32  rtx_conf_cm.o(.bss)
    .bss                                     0x20001e60   Section      480  rtx_conf_cm.o(.bss)
    .bss                                     0x20002040   Section     6416  rtx_conf_cm.o(.bss)
    .bss                                     0x20003950   Section     1032  rtx_conf_cm.o(.bss)
    .bss                                     0x20003d58   Section      132  rtx_conf_cm.o(.bss)
    .bss                                     0x20003ddc   Section       36  rtx_conf_cm.o(.bss)
    .bss                                     0x20003e00   Section      992  rtx_conf_cm.o(.bss)
    std_libspace                             0x20003e00   Data         864  rtx_conf_cm.o(.bss)
    std_libmutex                             0x20004160   Data         128  rtx_conf_cm.o(.bss)
    .bss                                     0x200041e0   Section       52  rt_task.o(.bss)
    .bss                                     0x20004214   Section       48  rt_list.o(.bss)
    .bss                                     0x20004244   Section       96  libspace.o(.bss)
    HEAP                                     0x200042a8   Section        0  startup_tm4c129.o(HEAP)
    STACK                                    0x200042a8   Section      512  startup_tm4c129.o(STACK)
    Heap_Mem                                 0x200042a8   Data           0  startup_tm4c129.o(HEAP)
    Stack_Mem                                0x200042a8   Data         512  startup_tm4c129.o(STACK)
    __initial_sp                             0x200044a8   Data           0  startup_tm4c129.o(STACK)

    Global Symbols

    Symbol Name                              Value     Ov Type        Size  Object(Section)

    BuildAttributes$$THM_ISAv4$E$P$D$K$B$S$7EM$VFPi3$EXTD16$VFPS$VFMA$PE$A:L22UL41UL21$X:L11$S22US41US21$IEEE1$IW$USESV6$~STKCKD$USESV7$~SHL$OTIME$ROPI$EBA8$UX$STANDARDLIB$REQ8$PRES8$EABIv2 0x00000000   Number         0  anon$$obj.o ABSOLUTE
    __ARM_use_no_argv                        0x00000000   Number         0  main.o ABSOLUTE
    __Vectors                                0x00000000   Data           4  startup_tm4c129.o(RESET)
    __ARM_exceptions_init                     - Undefined Weak Reference
    __alloca_initialize                       - Undefined Weak Reference
    __arm_preinit_                            - Undefined Weak Reference
    __cpp_initialize__aeabi_                  - Undefined Weak Reference
    __cxa_finalize                            - Undefined Weak Reference
    __rt_locale                               - Undefined Weak Reference
    __sigvec_lookup                           - Undefined Weak Reference
    _atexit_init                              - Undefined Weak Reference
    _call_atexit_fns                          - Undefined Weak Reference
    _clock_init                               - Undefined Weak Reference
    _fp_trap_init                             - Undefined Weak Reference
    _fp_trap_shutdown                         - Undefined Weak Reference
    _get_lc_collate                           - Undefined Weak Reference
    _get_lc_ctype                             - Undefined Weak Reference
    _get_lc_monetary                          - Undefined Weak Reference
    _get_lc_numeric                           - Undefined Weak Reference
    _get_lc_time                              - Undefined Weak Reference
    _getenv_init                              - Undefined Weak Reference
    _handle_redirection                       - Undefined Weak Reference
    _init_alloc                               - Undefined Weak Reference
    _init_user_alloc                          - Undefined Weak Reference
    _initio                                   - Undefined Weak Reference
    _printf_mbtowc                            - Undefined Weak Reference
    _printf_post_padding                      - Undefined Weak Reference
    _printf_pre_padding                       - Undefined Weak Reference
    _rand_init                                - Undefined Weak Reference
    _signal_finish                            - Undefined Weak Reference
    _signal_init                              - Undefined Weak Reference
    _terminate_alloc                          - Undefined Weak Reference
    _terminate_user_alloc                     - Undefined Weak Reference
    _terminateio                              - Undefined Weak Reference
    __Vectors_End                            0x00000200   Data           0  startup_tm4c129.o(RESET)
    __Vectors_Size                           0x00000200   Number         0  startup_tm4c129.o ABSOLUTE
    __main                                   0x00000201   Thumb Code     8  __main.o(!!!main)
    __scatterload                            0x00000209   Thumb Code     0  __scatter.o(!!!scatter)
    __scatterload_rt2                        0x00000209   Thumb Code    44  __scatter.o(!!!scatter)
    __scatterload_rt2_thumb_only             0x00000209   Thumb Code     0  __scatter.o(!!!scatter)
    __scatterload_null                       0x00000217   Thumb Code     0  __scatter.o(!!!scatter)
    __decompress                             0x0000023d   Thumb Code    90  __dczerorl2.o(!!dczerorl2)
    __decompress1                            0x0000023d   Thumb Code     0  __dczerorl2.o(!!dczerorl2)
    __scatterload_zeroinit                   0x00000299   Thumb Code    28  __scatter_zi.o(!!handler_zi)
    _printf_percent                          0x000002b5   Thumb Code     0  _printf_percent.o(.ARM.Collect$$_printf_percent$$00000000)
    _printf_s                                0x000002b5   Thumb Code     0  _printf_s.o(.ARM.Collect$$_printf_percent$$00000014)
    _printf_percent_end                      0x000002bb   Thumb Code     0  _printf_percent_end.o(.ARM.Collect$$_printf_percent$$00000017)
    __rt_lib_init                            0x000002bf   Thumb Code     0  libinit.o(.ARM.Collect$$libinit$$00000000)
    __rt_lib_init_fp_1                       0x000002c1   Thumb Code     0  libinit2.o(.ARM.Collect$$libinit$$00000001)
    __rt_lib_init_alloca_1                   0x000002c5   Thumb Code     0  libinit2.o(.ARM.Collect$$libinit$$0000002E)
    __rt_lib_init_argv_1                     0x000002c5   Thumb Code     0  libinit2.o(.ARM.Collect$$libinit$$0000002C)
    __rt_lib_init_atexit_1                   0x000002c5   Thumb Code     0  libinit2.o(.ARM.Collect$$libinit$$0000001B)
    __rt_lib_init_clock_1                    0x000002c5   Thumb Code     0  libinit2.o(.ARM.Collect$$libinit$$00000021)
    __rt_lib_init_cpp_1                      0x000002c5   Thumb Code     0  libinit2.o(.ARM.Collect$$libinit$$00000032)
    __rt_lib_init_exceptions_1               0x000002c5   Thumb Code     0  libinit2.o(.ARM.Collect$$libinit$$00000030)
    __rt_lib_init_fp_trap_1                  0x000002c5   Thumb Code     0  libinit2.o(.ARM.Collect$$libinit$$0000001F)
    __rt_lib_init_getenv_1                   0x000002c5   Thumb Code     0  libinit2.o(.ARM.Collect$$libinit$$00000023)
    __rt_lib_init_heap_1                     0x000002c5   Thumb Code     0  libinit2.o(.ARM.Collect$$libinit$$0000000A)
    __rt_lib_init_lc_collate_1               0x000002c5   Thumb Code     0  libinit2.o(.ARM.Collect$$libinit$$00000011)
    __rt_lib_init_lc_ctype_1                 0x000002c5   Thumb Code     0  libinit2.o(.ARM.Collect$$libinit$$00000013)
    __rt_lib_init_lc_monetary_1              0x000002c5   Thumb Code     0  libinit2.o(.ARM.Collect$$libinit$$00000015)
    __rt_lib_init_lc_numeric_1               0x000002c5   Thumb Code     0  libinit2.o(.ARM.Collect$$libinit$$00000017)
    __rt_lib_init_lc_time_1                  0x000002c5   Thumb Code     0  libinit2.o(.ARM.Collect$$libinit$$00000019)
    __rt_lib_init_preinit_1                  0x000002c5   Thumb Code     0  libinit2.o(.ARM.Collect$$libinit$$00000004)
    __rt_lib_init_rand_1                     0x000002c5   Thumb Code     0  libinit2.o(.ARM.Collect$$libinit$$0000000E)
    __rt_lib_init_return                     0x000002c5   Thumb Code     0  libinit2.o(.ARM.Collect$$libinit$$00000033)
    __rt_lib_init_signal_1                   0x000002c5   Thumb Code     0  libinit2.o(.ARM.Collect$$libinit$$0000001D)
    __rt_lib_init_stdio_1                    0x000002c5   Thumb Code     0  libinit2.o(.ARM.Collect$$libinit$$00000025)
    __rt_lib_init_user_alloc_1               0x000002c5   Thumb Code     0  libinit2.o(.ARM.Collect$$libinit$$0000000C)
    __rt_lib_shutdown                        0x000002c7   Thumb Code     0  libshutdown.o(.ARM.Collect$$libshutdown$$00000000)
    __rt_lib_shutdown_cpp_1                  0x000002c9   Thumb Code     0  libshutdown2.o(.ARM.Collect$$libshutdown$$00000002)
    __rt_lib_shutdown_fp_trap_1              0x000002c9   Thumb Code     0  libshutdown2.o(.ARM.Collect$$libshutdown$$00000007)
    __rt_lib_shutdown_heap_1                 0x000002c9   Thumb Code     0  libshutdown2.o(.ARM.Collect$$libshutdown$$0000000F)
    __rt_lib_shutdown_return                 0x000002c9   Thumb Code     0  libshutdown2.o(.ARM.Collect$$libshutdown$$00000010)
    __rt_lib_shutdown_signal_1               0x000002c9   Thumb Code     0  libshutdown2.o(.ARM.Collect$$libshutdown$$0000000A)
    __rt_lib_shutdown_stdio_1                0x000002c9   Thumb Code     0  libshutdown2.o(.ARM.Collect$$libshutdown$$00000004)
    __rt_lib_shutdown_user_alloc_1           0x000002c9   Thumb Code     0  libshutdown2.o(.ARM.Collect$$libshutdown$$0000000C)
    __rt_entry                               0x000002cb   Thumb Code     0  __rtentry.o(.ARM.Collect$$rtentry$$00000000)
    __rt_entry_presh_1                       0x000002cb   Thumb Code     0  __rtentry2.o(.ARM.Collect$$rtentry$$00000002)
    __rt_entry_sh                            0x000002cb   Thumb Code     0  __rtentry4.o(.ARM.Collect$$rtentry$$00000004)
    __rt_entry_li                            0x000002d1   Thumb Code     0  __rtentry2.o(.ARM.Collect$$rtentry$$0000000A)
    __rt_entry_postsh_1                      0x000002d1   Thumb Code     0  __rtentry2.o(.ARM.Collect$$rtentry$$00000009)
    __rt_entry_postli_1                      0x000002d5   Thumb Code     0  __rtentry2.o(.ARM.Collect$$rtentry$$0000000B)
    __rt_entry_main                          0x000002dd   Thumb Code     0  __rtentry2.o(.ARM.Collect$$rtentry$$0000000D)
    __rt_exit                                0x000002e5   Thumb Code     0  rtexit.o(.ARM.Collect$$rtexit$$00000000)
    __rt_exit_ls                             0x000002e7   Thumb Code     0  rtexit2.o(.ARM.Collect$$rtexit$$00000003)
    __rt_exit_prels_1                        0x000002e7   Thumb Code     0  rtexit2.o(.ARM.Collect$$rtexit$$00000002)
    __rt_exit_exit                           0x000002eb   Thumb Code     0  rtexit2.o(.ARM.Collect$$rtexit$$00000004)
    _platform_post_lib_init                  0x000002f1   Thumb Code    24  rtx_conf_cm.o(.emb_text)
    rt_set_PSP                               0x0000030d   Thumb Code     6  hal_cm4.o(.emb_text)
    rt_get_PSP                               0x00000313   Thumb Code     6  hal_cm4.o(.emb_text)
    os_set_env                               0x00000319   Thumb Code    24  hal_cm4.o(.emb_text)
    _alloc_box                               0x00000335   Thumb Code    28  hal_cm4.o(.emb_text)
    _free_box                                0x00000355   Thumb Code    28  hal_cm4.o(.emb_text)
    SVC_Handler                              0x00000375   Thumb Code   168  hal_cm4.o(.emb_text)
    PendSV_Handler                           0x0000042d   Thumb Code    96  hal_cm4.o(.emb_text)
    __RL_RTX_VER                             0x00000482   Number         0  rt_system.o ABSOLUTE
    SysTick_Handler                          0x00000491   Thumb Code     8  hal_cm4.o(.emb_text)
    OS_Tick_Handler                          0x00000499   Thumb Code    12  hal_cm4.o(.emb_text)
    main                                     0x000004a5   Thumb Code   150  main.o(.text)
    UART0_Handler                            0x00000545   Thumb Code    18  uart_interrupt.o(.text)
    init_uart                                0x00000557   Thumb Code    94  uart_interrupt.o(.text)
    send_byte                                0x000005b5   Thumb Code    12  uart_interrupt.o(.text)
    send                                     0x000005c1   Thumb Code    24  uart_interrupt.o(.text)
    init_UART_thread                         0x000005f5   Thumb Code    24  uart_thread.o(.text)
    UART_thread                              0x0000060d   Thumb Code    44  uart_thread.o(.text)
    menu_init                                0x00000641   Thumb Code   518  menu_controller.o(.text)
    init_menu_controller                     0x00000847   Thumb Code    42  menu_controller.o(.text)
    uart_send                                0x00000871   Thumb Code   108  menu_controller.o(.text)
    sendMessages                             0x000008dd   Thumb Code    78  menu_controller.o(.text)
    draw_menu                                0x0000092b   Thumb Code   610  menu_controller.o(.text)
    menu_controller                          0x00000b8d   Thumb Code   160  menu_controller.o(.text)
    clearScreen                              0x00000c2d   Thumb Code    94  menu_controller.o(.text)
    init_red_led                             0x00000c95   Thumb Code    18  red_led.o(.text)
    red_led                                  0x00000ca7   Thumb Code    38  red_led.o(.text)
    init_green_led                           0x00000cd1   Thumb Code    18  green_led.o(.text)
    green_led                                0x00000ce3   Thumb Code    38  green_led.o(.text)
    init_blue_led                            0x00000d0d   Thumb Code    18  blue_led.o(.text)
    blue_led                                 0x00000d1f   Thumb Code    38  blue_led.o(.text)
    rgb_write_r                              0x00000d49   Thumb Code    82  rgb.o(.text)
    rgb_write_g                              0x00000d9b   Thumb Code    82  rgb.o(.text)
    rgb_write_b                              0x00000ded   Thumb Code    82  rgb.o(.text)
    rgb_write                                0x00000e3f   Thumb Code    24  rgb.o(.text)
    rgb_write_color                          0x00000e57   Thumb Code    12  rgb.o(.text)
    rgb_init                                 0x00000e63   Thumb Code   272  rgb.o(.text)
    init_UART_send                           0x00000f9d   Thumb Code    18  uart_send.o(.text)
    UART_send                                0x00000faf   Thumb Code   132  uart_send.o(.text)
    cfaf128x128x16Rect                       0x000011cd   Thumb Code   100  cfaf128x128x16.o(.text)
    cfaf128x128x16LineVer                    0x00001231   Thumb Code    22  cfaf128x128x16.o(.text)
    cfaf128x128x16LineHor                    0x00001247   Thumb Code    16  cfaf128x128x16.o(.text)
    cfaf128x128x16Dot                        0x00001257   Thumb Code    22  cfaf128x128x16.o(.text)
    cfaf128x128x16SetOrientation             0x000014b1   Thumb Code    70  cfaf128x128x16.o(.text)
    cfaf128x128x16ClearColor                 0x000014f7   Thumb Code    36  cfaf128x128x16.o(.text)
    cfaf128x128x16Clear                      0x0000151b   Thumb Code     4  cfaf128x128x16.o(.text)
    InitSSICom                               0x0000151f   Thumb Code   138  cfaf128x128x16.o(.text)
    cfaf128x128x16Init                       0x000015a9   Thumb Code   322  cfaf128x128x16.o(.text)
    os_idle_demon                            0x00001739   Thumb Code     2  rtx_conf_cm.o(.text)
    os_error                                 0x0000173b   Thumb Code     2  rtx_conf_cm.o(.text)
    __user_perthread_libspace                0x0000173d   Thumb Code    32  rtx_conf_cm.o(.text)
    _mutex_initialize                        0x0000175d   Thumb Code    34  rtx_conf_cm.o(.text)
    _mutex_acquire                           0x0000177f   Thumb Code    22  rtx_conf_cm.o(.text)
    _mutex_release                           0x00001795   Thumb Code    18  rtx_conf_cm.o(.text)
    Reset_Handler                            0x000017c5   Thumb Code     8  startup_tm4c129.o(.text)
    NMI_Handler                              0x000017cd   Thumb Code     2  startup_tm4c129.o(.text)
    HardFault_Handler                        0x000017cf   Thumb Code     2  startup_tm4c129.o(.text)
    MemManage_Handler                        0x000017d1   Thumb Code     2  startup_tm4c129.o(.text)
    BusFault_Handler                         0x000017d3   Thumb Code     2  startup_tm4c129.o(.text)
    UsageFault_Handler                       0x000017d5   Thumb Code     2  startup_tm4c129.o(.text)
    DebugMon_Handler                         0x000017d9   Thumb Code     2  startup_tm4c129.o(.text)
    GPIOA_Handler                            0x000017df   Thumb Code     2  startup_tm4c129.o(.text)
    GPIOB_Handler                            0x000017e1   Thumb Code     2  startup_tm4c129.o(.text)
    GPIOC_Handler                            0x000017e3   Thumb Code     2  startup_tm4c129.o(.text)
    GPIOD_Handler                            0x000017e5   Thumb Code     2  startup_tm4c129.o(.text)
    GPIOE_Handler                            0x000017e7   Thumb Code     2  startup_tm4c129.o(.text)
    UART1_Handler                            0x000017eb   Thumb Code     2  startup_tm4c129.o(.text)
    SSI0_Handler                             0x000017ed   Thumb Code     2  startup_tm4c129.o(.text)
    I2C0_Handler                             0x000017ef   Thumb Code     2  startup_tm4c129.o(.text)
    PMW0_FAULT_Handler                       0x000017f1   Thumb Code     2  startup_tm4c129.o(.text)
    PWM0_0_Handler                           0x000017f3   Thumb Code     2  startup_tm4c129.o(.text)
    PWM0_1_Handler                           0x000017f5   Thumb Code     2  startup_tm4c129.o(.text)
    PWM0_2_Handler                           0x000017f7   Thumb Code     2  startup_tm4c129.o(.text)
    QEI0_Handler                             0x000017f9   Thumb Code     2  startup_tm4c129.o(.text)
    ADC0SS0_Handler                          0x000017fb   Thumb Code     2  startup_tm4c129.o(.text)
    ADC0SS1_Handler                          0x000017fd   Thumb Code     2  startup_tm4c129.o(.text)
    ADC0SS2_Handler                          0x000017ff   Thumb Code     2  startup_tm4c129.o(.text)
    ADC0SS3_Handler                          0x00001801   Thumb Code     2  startup_tm4c129.o(.text)
    WDT0_Handler                             0x00001803   Thumb Code     2  startup_tm4c129.o(.text)
    TIMER0A_Handler                          0x00001805   Thumb Code     2  startup_tm4c129.o(.text)
    TIMER0B_Handler                          0x00001807   Thumb Code     2  startup_tm4c129.o(.text)
    TIMER1A_Handler                          0x00001809   Thumb Code     2  startup_tm4c129.o(.text)
    TIMER1B_Handler                          0x0000180b   Thumb Code     2  startup_tm4c129.o(.text)
    TIMER2A_Handler                          0x0000180d   Thumb Code     2  startup_tm4c129.o(.text)
    TIMER2B_Handler                          0x0000180f   Thumb Code     2  startup_tm4c129.o(.text)
    COMP0_Handler                            0x00001811   Thumb Code     2  startup_tm4c129.o(.text)
    COMP1_Handler                            0x00001813   Thumb Code     2  startup_tm4c129.o(.text)
    COMP2_Handler                            0x00001815   Thumb Code     2  startup_tm4c129.o(.text)
    SYSCTL_Handler                           0x00001817   Thumb Code     2  startup_tm4c129.o(.text)
    FLASH_Handler                            0x00001819   Thumb Code     2  startup_tm4c129.o(.text)
    GPIOF_Handler                            0x0000181b   Thumb Code     2  startup_tm4c129.o(.text)
    GPIOG_Handler                            0x0000181d   Thumb Code     2  startup_tm4c129.o(.text)
    GPIOH_Handler                            0x0000181f   Thumb Code     2  startup_tm4c129.o(.text)
    UART2_Handler                            0x00001821   Thumb Code     2  startup_tm4c129.o(.text)
    SSI1_Handler                             0x00001823   Thumb Code     2  startup_tm4c129.o(.text)
    TIMER3A_Handler                          0x00001825   Thumb Code     2  startup_tm4c129.o(.text)
    TIMER3B_Handler                          0x00001827   Thumb Code     2  startup_tm4c129.o(.text)
    I2C1_Handler                             0x00001829   Thumb Code     2  startup_tm4c129.o(.text)
    CAN0_Handler                             0x0000182b   Thumb Code     2  startup_tm4c129.o(.text)
    CAN1_Handler                             0x0000182d   Thumb Code     2  startup_tm4c129.o(.text)
    ETH_Handler                              0x0000182f   Thumb Code     2  startup_tm4c129.o(.text)
    HIB_Handler                              0x00001831   Thumb Code     2  startup_tm4c129.o(.text)
    USB0_Handler                             0x00001833   Thumb Code     2  startup_tm4c129.o(.text)
    PWM0_3_Handler                           0x00001835   Thumb Code     2  startup_tm4c129.o(.text)
    UDMA_Handler                             0x00001837   Thumb Code     2  startup_tm4c129.o(.text)
    UDMAERR_Handler                          0x00001839   Thumb Code     2  startup_tm4c129.o(.text)
    ADC1SS0_Handler                          0x0000183b   Thumb Code     2  startup_tm4c129.o(.text)
    ADC1SS1_Handler                          0x0000183d   Thumb Code     2  startup_tm4c129.o(.text)
    ADC1SS2_Handler                          0x0000183f   Thumb Code     2  startup_tm4c129.o(.text)
    ADC1SS3_Handler                          0x00001841   Thumb Code     2  startup_tm4c129.o(.text)
    EBI0_Handler                             0x00001843   Thumb Code     2  startup_tm4c129.o(.text)
    GPIOJ_Handler                            0x00001845   Thumb Code     2  startup_tm4c129.o(.text)
    GPIOK_Handler                            0x00001847   Thumb Code     2  startup_tm4c129.o(.text)
    GPIOL_Handler                            0x00001849   Thumb Code     2  startup_tm4c129.o(.text)
    SSI2_Handler                             0x0000184b   Thumb Code     2  startup_tm4c129.o(.text)
    SSI3_Handler                             0x0000184d   Thumb Code     2  startup_tm4c129.o(.text)
    UART3_Handler                            0x0000184f   Thumb Code     2  startup_tm4c129.o(.text)
    UART4_Handler                            0x00001851   Thumb Code     2  startup_tm4c129.o(.text)
    UART5_Handler                            0x00001853   Thumb Code     2  startup_tm4c129.o(.text)
    UART6_Handler                            0x00001855   Thumb Code     2  startup_tm4c129.o(.text)
    UART7_Handler                            0x00001857   Thumb Code     2  startup_tm4c129.o(.text)
    I2C2_Handler                             0x00001859   Thumb Code     2  startup_tm4c129.o(.text)
    I2C3_Handler                             0x0000185b   Thumb Code     2  startup_tm4c129.o(.text)
    TIMER4A_Handler                          0x0000185d   Thumb Code     2  startup_tm4c129.o(.text)
    TIMER4B_Handler                          0x0000185f   Thumb Code     2  startup_tm4c129.o(.text)
    TIMER5A_Handler                          0x00001861   Thumb Code     2  startup_tm4c129.o(.text)
    TIMER5B_Handler                          0x00001863   Thumb Code     2  startup_tm4c129.o(.text)
    WTIMER0A_Handler                         0x00001865   Thumb Code     2  startup_tm4c129.o(.text)
    WTIMER0B_Handler                         0x00001867   Thumb Code     2  startup_tm4c129.o(.text)
    WTIMER1A_Handler                         0x00001869   Thumb Code     2  startup_tm4c129.o(.text)
    WTIMER1B_Handler                         0x0000186b   Thumb Code     2  startup_tm4c129.o(.text)
    WTIMER2A_Handler                         0x0000186d   Thumb Code     2  startup_tm4c129.o(.text)
    WTIMER2B_Handler                         0x0000186f   Thumb Code     2  startup_tm4c129.o(.text)
    WTIMER3A_Handler                         0x00001871   Thumb Code     2  startup_tm4c129.o(.text)
    WTIMER3B_Handler                         0x00001873   Thumb Code     2  startup_tm4c129.o(.text)
    WTIMER4A_Handler                         0x00001875   Thumb Code     2  startup_tm4c129.o(.text)
    WTIMER4B_Handler                         0x00001877   Thumb Code     2  startup_tm4c129.o(.text)
    WTIMER5A_Handler                         0x00001879   Thumb Code     2  startup_tm4c129.o(.text)
    WTIMER5B_Handler                         0x0000187b   Thumb Code     2  startup_tm4c129.o(.text)
    FPU_Handler                              0x0000187d   Thumb Code     2  startup_tm4c129.o(.text)
    I2C4_Handler                             0x0000187f   Thumb Code     2  startup_tm4c129.o(.text)
    I2C5_Handler                             0x00001881   Thumb Code     2  startup_tm4c129.o(.text)
    GPIOM_Handler                            0x00001883   Thumb Code     2  startup_tm4c129.o(.text)
    GPION_Handler                            0x00001885   Thumb Code     2  startup_tm4c129.o(.text)
    TAMPER_Handler                           0x00001887   Thumb Code     2  startup_tm4c129.o(.text)
    GPIOP0_Handler                           0x00001889   Thumb Code     2  startup_tm4c129.o(.text)
    GPIOP1_Handler                           0x0000188b   Thumb Code     2  startup_tm4c129.o(.text)
    GPIOP2_Handler                           0x0000188d   Thumb Code     2  startup_tm4c129.o(.text)
    GPIOP3_Handler                           0x0000188f   Thumb Code     2  startup_tm4c129.o(.text)
    GPIOP4_Handler                           0x00001891   Thumb Code     2  startup_tm4c129.o(.text)
    GPIOP5_Handler                           0x00001893   Thumb Code     2  startup_tm4c129.o(.text)
    GPIOP6_Handler                           0x00001895   Thumb Code     2  startup_tm4c129.o(.text)
    GPIOP7_Handler                           0x00001897   Thumb Code     2  startup_tm4c129.o(.text)
    GPIOQ0_Handler                           0x00001899   Thumb Code     2  startup_tm4c129.o(.text)
    GPIOQ1_Handler                           0x0000189b   Thumb Code     2  startup_tm4c129.o(.text)
    GPIOQ2_Handler                           0x0000189d   Thumb Code     2  startup_tm4c129.o(.text)
    GPIOQ3_Handler                           0x0000189f   Thumb Code     2  startup_tm4c129.o(.text)
    GPIOQ4_Handler                           0x000018a1   Thumb Code     2  startup_tm4c129.o(.text)
    GPIOQ5_Handler                           0x000018a3   Thumb Code     2  startup_tm4c129.o(.text)
    GPIOQ6_Handler                           0x000018a5   Thumb Code     2  startup_tm4c129.o(.text)
    GPIOQ7_Handler                           0x000018a7   Thumb Code     2  startup_tm4c129.o(.text)
    GPIOR_Handler                            0x000018a9   Thumb Code     2  startup_tm4c129.o(.text)
    GPIOS_Handler                            0x000018ab   Thumb Code     2  startup_tm4c129.o(.text)
    SHAMD5_Handler                           0x000018ad   Thumb Code     2  startup_tm4c129.o(.text)
    AES_Handler                              0x000018af   Thumb Code     2  startup_tm4c129.o(.text)
    DES3DES_Handler                          0x000018b1   Thumb Code     2  startup_tm4c129.o(.text)
    LCDCONTROLLER_Handler                    0x000018b3   Thumb Code     2  startup_tm4c129.o(.text)
    TIMER6A_Handler                          0x000018b5   Thumb Code     2  startup_tm4c129.o(.text)
    TIMER6B_Handler                          0x000018b7   Thumb Code     2  startup_tm4c129.o(.text)
    TIMER7A_Handler                          0x000018b9   Thumb Code     2  startup_tm4c129.o(.text)
    TIMER7B_Handler                          0x000018bb   Thumb Code     2  startup_tm4c129.o(.text)
    I2C6_Handler                             0x000018bd   Thumb Code     2  startup_tm4c129.o(.text)
    I2C7_Handler                             0x000018bf   Thumb Code     2  startup_tm4c129.o(.text)
    HIMSCANKEYBOARD_Handler                  0x000018c1   Thumb Code     2  startup_tm4c129.o(.text)
    ONEWIRE_Handler                          0x000018c3   Thumb Code     2  startup_tm4c129.o(.text)
    HIMPS2_Handler                           0x000018c5   Thumb Code     2  startup_tm4c129.o(.text)
    HIMLEDSEQUENCER_Handler                  0x000018c7   Thumb Code     2  startup_tm4c129.o(.text)
    HIMCONSUMERIR_Handler                    0x000018c9   Thumb Code     2  startup_tm4c129.o(.text)
    I2C8_Handler                             0x000018cb   Thumb Code     2  startup_tm4c129.o(.text)
    I2C9_Handler                             0x000018cd   Thumb Code     2  startup_tm4c129.o(.text)
    GPIOT_Handler                            0x000018cf   Thumb Code     2  startup_tm4c129.o(.text)
    __user_initial_stackheap                 0x000018d1   Thumb Code     0  startup_tm4c129.o(.text)
    SystemCoreClockUpdate                    0x000018f1   Thumb Code     8  system_tm4c129.o(.text)
    SystemInit                               0x000018f9   Thumb Code    18  system_tm4c129.o(.text)
    __user_libspace                          0x00001919   Thumb Code     8  libspace.o(.text)
    __user_perproc_libspace                  0x00001919   Thumb Code     0  libspace.o(.text)
    __2sprintf                               0x00001921   Thumb Code    34  noretval__2sprintf.o(.text)
    __printf                                 0x00001949   Thumb Code   104  __printf.o(.text)
    _printf_str                              0x000019b1   Thumb Code    82  _printf_str.o(.text)
    exit                                     0x00001a03   Thumb Code    18  exit.o(.text)
    strcpy                                   0x00001a15   Thumb Code    72  strcpy.o(.text)
    strlen                                   0x00001a5d   Thumb Code    62  strlen.o(.text)
    __use_two_region_memory                  0x00001a9b   Thumb Code     2  heapauxi.o(.text)
    __rt_heap_escrow$2region                 0x00001a9d   Thumb Code     2  heapauxi.o(.text)
    __rt_heap_expand$2region                 0x00001a9f   Thumb Code     2  heapauxi.o(.text)
    _printf_char_common                      0x00001aab   Thumb Code    32  _printf_char_common.o(.text)
    _sputc                                   0x00001ad1   Thumb Code    10  _sputc.o(.text)
    _printf_cs_common                        0x00001adb   Thumb Code    20  _printf_char.o(.text)
    _printf_char                             0x00001aef   Thumb Code    16  _printf_char.o(.text)
    _printf_string                           0x00001aff   Thumb Code     8  _printf_char.o(.text)
    _sys_exit                                0x00001b09   Thumb Code     8  sys_exit.o(.text)
    __user_setup_stackheap                   0x00001b15   Thumb Code    74  sys_stackheap_outer.o(.text)
    __I$use$semihosting                      0x00001b5f   Thumb Code     0  use_no_semi.o(.text)
    __use_no_semihosting_swi                 0x00001b5f   Thumb Code     2  use_no_semi.o(.text)
    SVC_Count                                0x00001b60   Data           4  svc_table.o(SVC_TABLE)
    __semihosting_library_function           0x00001b61   Thumb Code     0  indicate_semi.o(.text)
    GPIODirModeSet                           0x00001b65   Thumb Code    40  gpio.o(i.GPIODirModeSet)
    SVC_Table                                0x00001b64   Data           0  svc_table.o(SVC_TABLE)
    GPIOPadConfigSet                         0x00001b8d   Thumb Code   312  gpio.o(i.GPIOPadConfigSet)
    GPIOPinConfigure                         0x00001cc5   Thumb Code    60  gpio.o(i.GPIOPinConfigure)
    GPIOPinTypePWM                           0x00001d09   Thumb Code    28  gpio.o(i.GPIOPinTypePWM)
    GrContextFontSet                         0x00001d25   Thumb Code     6  string.o(i.GrContextFontSet)
    GrContextInit                            0x00001d2d   Thumb Code    88  context.o(i.GrContextInit)
    GrDefaultStringRenderer                  0x00001d91   Thumb Code   280  string.o(i.GrDefaultStringRenderer)
    GrFontGlyphDataGet                       0x00001ea9   Thumb Code   166  string.o(i.GrFontGlyphDataGet)
    GrFontGlyphRender                        0x00001f4f   Thumb Code   648  string.o(i.GrFontGlyphRender)
    GrMapISO8859_1_Unicode                   0x000021d7   Thumb Code     8  charmap.o(i.GrMapISO8859_1_Unicode)
    GrStringDraw                             0x000021df   Thumb Code    32  string.o(i.GrStringDraw)
    PWMClockSet                              0x000021ff   Thumb Code    20  pwm.o(i.PWMClockSet)
    PWMGenConfigure                          0x00002213   Thumb Code    38  pwm.o(i.PWMGenConfigure)
    PWMGenDisable                            0x00002239   Thumb Code    10  pwm.o(i.PWMGenDisable)
    PWMGenEnable                             0x00002243   Thumb Code    10  pwm.o(i.PWMGenEnable)
    PWMGenPeriodGet                          0x0000224d   Thumb Code    18  pwm.o(i.PWMGenPeriodGet)
    PWMGenPeriodSet                          0x0000225f   Thumb Code    18  pwm.o(i.PWMGenPeriodSet)
    PWMOutputState                           0x00002271   Thumb Code    16  pwm.o(i.PWMOutputState)
    PWMPulseWidthSet                         0x00002281   Thumb Code    32  pwm.o(i.PWMPulseWidthSet)
    SysCtlClockFreqSet                       0x000022a1   Thumb Code   706  sysctl.o(i.SysCtlClockFreqSet)
    SysCtlPeripheralEnable                   0x0000258d   Thumb Code    36  sysctl.o(i.SysCtlPeripheralEnable)
    SysCtlPeripheralReady                    0x000025b5   Thumb Code    40  sysctl.o(i.SysCtlPeripheralReady)
    _init_box                                0x0000264d   Thumb Code    70  rt_membox.o(i._init_box)
    dbg_init                                 0x00002695   Thumb Code    34  hal_cm.o(i.dbg_init)
    dbg_task_notify                          0x000026c5   Thumb Code    32  hal_cm.o(i.dbg_task_notify)
    dbg_task_switch                          0x000026e5   Thumb Code    16  hal_cm.o(i.dbg_task_switch)
    isrMessageGet                            0x000026f5   Thumb Code    42  rt_cmsis.o(i.isrMessageGet)
    isrMessagePut                            0x0000271f   Thumb Code    44  rt_cmsis.o(i.isrMessagePut)
    isr_mbx_receive                          0x0000274d   Thumb Code    86  rt_mailbox.o(i.isr_mbx_receive)
    isr_mbx_send                             0x000027a3   Thumb Code    14  rt_mailbox.o(i.isr_mbx_send)
    osDelay                                  0x000027b1   Thumb Code    18  rt_cmsis.o(i.osDelay)
    osKernelInitialize                       0x000027c9   Thumb Code    30  rt_cmsis.o(i.osKernelInitialize)
    osKernelStart                            0x000027ed   Thumb Code    98  rt_cmsis.o(i.osKernelStart)
    osMailAlloc                              0x00002859   Thumb Code    22  rt_cmsis.o(i.osMailAlloc)
    osMailCreate                             0x00002875   Thumb Code    36  rt_cmsis.o(i.osMailCreate)
    osMailFree                               0x000028a1   Thumb Code    22  rt_cmsis.o(i.osMailFree)
    osMailGet                                0x000028bd   Thumb Code    22  rt_cmsis.o(i.osMailGet)
    osMailPut                                0x000028d3   Thumb Code    20  rt_cmsis.o(i.osMailPut)
    osMessageCreate                          0x000028e9   Thumb Code    36  rt_cmsis.o(i.osMessageCreate)
    osMessageGet                             0x00002915   Thumb Code    18  rt_cmsis.o(i.osMessageGet)
    osMessagePut                             0x0000292d   Thumb Code    18  rt_cmsis.o(i.osMessagePut)
    osThreadCreate                           0x00002945   Thumb Code    36  rt_cmsis.o(i.osThreadCreate)
    osThreadExit                             0x00002971   Thumb Code    14  rt_cmsis.o(i.osThreadExit)
    osThreadYield                            0x00002989   Thumb Code    18  rt_cmsis.o(i.osThreadYield)
    osTimerCall                              0x000029a1   Thumb Code     8  rt_cmsis.o(i.osTimerCall)
    osTimerThread                            0x000029ad   Thumb Code    38  rt_cmsis.o(i.osTimerThread)
    os_tick_init                             0x000029d9   Thumb Code    32  rt_system.o(i.os_tick_init)
    os_tick_irqack                           0x00002a01   Thumb Code     2  rt_system.o(i.os_tick_irqack)
    rt_alloc_box                             0x00002a03   Thumb Code    26  rt_membox.o(i.rt_alloc_box)
    rt_alloc_mem                             0x00002a1d   Thumb Code    62  rt_memory.o(i.rt_alloc_mem)
    rt_block                                 0x00002a5d   Thumb Code    48  rt_task.o(i.rt_block)
    rt_chk_robin                             0x00002a95   Thumb Code    60  rt_robin.o(i.rt_chk_robin)
    rt_dec_dly                               0x00002add   Thumb Code   102  rt_list.o(i.rt_dec_dly)
    rt_dispatch                              0x00002b4d   Thumb Code    60  rt_task.o(i.rt_dispatch)
    rt_dly_wait                              0x00002b91   Thumb Code     6  rt_time.o(i.rt_dly_wait)
    rt_evt_psh                               0x00002b99   Thumb Code    76  rt_event.o(i.rt_evt_psh)
    rt_free_box                              0x00002be9   Thumb Code    44  rt_membox.o(i.rt_free_box)
    rt_free_mem                              0x00002c15   Thumb Code    40  rt_memory.o(i.rt_free_mem)
    rt_get_first                             0x00002c3d   Thumb Code    40  rt_list.o(i.rt_get_first)
    rt_get_same_rdy_prio                     0x00002c65   Thumb Code    26  rt_list.o(i.rt_get_same_rdy_prio)
    rt_init_mem                              0x00002cd9   Thumb Code    26  rt_memory.o(i.rt_init_mem)
    rt_init_robin                            0x00002cf5   Thumb Code    14  rt_robin.o(i.rt_init_robin)
    rt_init_stack                            0x00002d0d   Thumb Code   118  hal_cm.o(i.rt_init_stack)
    rt_mbx_check                             0x00002d8d   Thumb Code     8  rt_mailbox.o(i.rt_mbx_check)
    rt_mbx_init                              0x00002d95   Thumb Code    26  rt_mailbox.o(i.rt_mbx_init)
    rt_mbx_psh                               0x00002db1   Thumb Code   236  rt_mailbox.o(i.rt_mbx_psh)
    rt_mbx_send                              0x00002ea1   Thumb Code   148  rt_mailbox.o(i.rt_mbx_send)
    rt_mbx_wait                              0x00002f39   Thumb Code   174  rt_mailbox.o(i.rt_mbx_wait)
    rt_mut_init                              0x00003031   Thumb Code    16  rt_mutex.o(i.rt_mut_init)
    rt_mut_release                           0x00003041   Thumb Code   208  rt_mutex.o(i.rt_mut_release)
    rt_mut_wait                              0x00003119   Thumb Code   114  rt_mutex.o(i.rt_mut_wait)
    rt_pop_req                               0x00003191   Thumb Code   112  rt_system.o(i.rt_pop_req)
    rt_psh_req                               0x0000320d   Thumb Code    22  rt_system.o(i.rt_psh_req)
    rt_psq_enq                               0x0000322d   Thumb Code    88  rt_list.o(i.rt_psq_enq)
    rt_put_dly                               0x00003289   Thumb Code    68  rt_list.o(i.rt_put_dly)
    rt_put_prio                              0x000032d1   Thumb Code    54  rt_list.o(i.rt_put_prio)
    rt_put_rdy_first                         0x00003309   Thumb Code    14  rt_list.o(i.rt_put_rdy_first)
    rt_resort_prio                           0x0000331d   Thumb Code    46  rt_list.o(i.rt_resort_prio)
    rt_ret_val                               0x00003361   Thumb Code    12  hal_cm.o(i.rt_ret_val)
    rt_ret_val2                              0x0000336d   Thumb Code    16  hal_cm.o(i.rt_ret_val2)
    rt_rmv_dly                               0x0000337d   Thumb Code    40  rt_list.o(i.rt_rmv_dly)
    rt_rmv_list                              0x000033a5   Thumb Code    44  rt_list.o(i.rt_rmv_list)
    rt_sem_psh                               0x000033d5   Thumb Code    48  rt_semaphore.o(i.rt_sem_psh)
    rt_stk_check                             0x00003409   Thumb Code    28  rt_system.o(i.rt_stk_check)
    rt_switch_req                            0x0000342d   Thumb Code    30  rt_task.o(i.rt_switch_req)
    rt_sys_init                              0x00003455   Thumb Code   138  rt_task.o(i.rt_sys_init)
    rt_sys_start                             0x00003521   Thumb Code   110  rt_task.o(i.rt_sys_start)
    rt_systick                               0x00003599   Thumb Code    50  rt_system.o(i.rt_systick)
    rt_tsk_create                            0x00003621   Thumb Code   118  rt_task.o(i.rt_tsk_create)
    rt_tsk_delete                            0x000036a9   Thumb Code   352  rt_task.o(i.rt_tsk_delete)
    rt_tsk_pass                              0x00003825   Thumb Code    38  rt_task.o(i.rt_tsk_pass)
    rt_tsk_prio                              0x00003855   Thumb Code   108  rt_task.o(i.rt_tsk_prio)
    rt_tsk_self                              0x000038d1   Thumb Code    12  rt_task.o(i.rt_tsk_self)
    svcDelay                                 0x000038e1   Thumb Code    18  rt_cmsis.o(i.svcDelay)
    svcKernelInitialize                      0x000038f5   Thumb Code    80  rt_cmsis.o(i.svcKernelInitialize)
    svcKernelStart                           0x00003965   Thumb Code    62  rt_cmsis.o(i.svcKernelStart)
    svcMailCreate                            0x000039ad   Thumb Code    66  rt_cmsis.o(i.svcMailCreate)
    svcMessageCreate                         0x000039ef   Thumb Code    36  rt_cmsis.o(i.svcMessageCreate)
    svcMessageGet                            0x00003a13   Thumb Code    58  rt_cmsis.o(i.svcMessageGet)
    svcMessagePut                            0x00003a4d   Thumb Code    54  rt_cmsis.o(i.svcMessagePut)
    svcThreadCreate                          0x00003a85   Thumb Code    96  rt_cmsis.o(i.svcThreadCreate)
    svcThreadGetId                           0x00003af1   Thumb Code    22  rt_cmsis.o(i.svcThreadGetId)
    svcThreadTerminate                       0x00003b0d   Thumb Code    50  rt_cmsis.o(i.svcThreadTerminate)
    svcThreadYield                           0x00003b45   Thumb Code    10  rt_cmsis.o(i.svcThreadYield)
    svcTimerCall                             0x00003b4f   Thumb Code    24  rt_cmsis.o(i.svcTimerCall)
    sysMailAlloc                             0x00003b69   Thumb Code    84  rt_cmsis.o(i.sysMailAlloc)
    sysMailFree                              0x00003bc1   Thumb Code    96  rt_cmsis.o(i.sysMailFree)
    sysTimerTick                             0x00003c21   Thumb Code    84  rt_cmsis.o(i.sysTimerTick)
    _fp_init                                 0x00003c7d   Thumb Code    10  fpinit.o(x$fpl$fpinit)
    __fplib_config_fpu_vfp                   0x00003c85   Thumb Code     0  fpinit.o(x$fpl$fpinit)
    __fplib_config_pureend_doubles           0x00003c85   Thumb Code     0  fpinit.o(x$fpl$fpinit)
    os_messageQ_def_UART_MsgQueue            0x00003c88   Data           8  main.o(.constdata)
    os_messageQ_def_menu_controller_MsgQueue 0x00003c90   Data           8  main.o(.constdata)
    os_messageQ_def_red_led_MsgQueue         0x00003c98   Data           8  main.o(.constdata)
    os_messageQ_def_blue_led_MsgQueue        0x00003ca0   Data           8  main.o(.constdata)
    os_messageQ_def_green_led_MsgQueue       0x00003ca8   Data           8  main.o(.constdata)
    os_mailQ_def_UART_send_MailQueue         0x00003cb0   Data          12  main.o(.constdata)
    os_thread_def_UART_thread                0x00003cbc   Data          16  uart_thread.o(.constdata)
    os_thread_def_menu_controller            0x00003ccc   Data          16  menu_controller.o(.constdata)
    os_thread_def_red_led                    0x00003cdc   Data          16  red_led.o(.constdata)
    os_thread_def_green_led                  0x00003cec   Data          16  green_led.o(.constdata)
    os_thread_def_blue_led                   0x00003cfc   Data          16  blue_led.o(.constdata)
    os_thread_def_UART_send                  0x00003d0c   Data          16  uart_send.o(.constdata)
    g_sCfaf128x128x16                        0x00003d1c   Data          40  cfaf128x128x16.o(.constdata)
    os_maxtaskrun                            0x00003d44   Data           2  rtx_conf_cm.o(.constdata)
    os_stackinfo                             0x00003d48   Data           4  rtx_conf_cm.o(.constdata)
    os_rrobin                                0x00003d4c   Data           4  rtx_conf_cm.o(.constdata)
    os_trv                                   0x00003d50   Data           4  rtx_conf_cm.o(.constdata)
    os_flags                                 0x00003d54   Data           1  rtx_conf_cm.o(.constdata)
    CMSIS_RTOS_API_Version                   0x00003d58   Data           4  rtx_conf_cm.o(.constdata)
    CMSIS_RTOS_RTX_Version                   0x00003d5c   Data           4  rtx_conf_cm.o(.constdata)
    os_clockrate                             0x00003d60   Data           4  rtx_conf_cm.o(.constdata)
    os_timernum                              0x00003d64   Data           4  rtx_conf_cm.o(.constdata)
    mp_tcb_size                              0x00003d68   Data           2  rtx_conf_cm.o(.constdata)
    mp_stk_size                              0x00003d6c   Data           4  rtx_conf_cm.o(.constdata)
    os_stack_sz                              0x00003d70   Data           4  rtx_conf_cm.o(.constdata)
    os_fifo_size                             0x00003d74   Data           1  rtx_conf_cm.o(.constdata)
    os_thread_def_osTimerThread              0x00003d78   Data          16  rtx_conf_cm.o(.constdata)
    os_messageQ_def_osTimerMessageQ          0x00003d88   Data           8  rtx_conf_cm.o(.constdata)
    mp_tmr_size                              0x00003d90   Data           2  rtx_conf_cm.o(.constdata)
    os_thread_def_main                       0x00003d94   Data          16  rtx_conf_cm.o(.constdata)
    g_psDefaultCodePointMapTable             0x00004220   Data          16  context.o(.constdata)
    g_sFontFixed6x8                          0x00004528   Data         200  fontfixed6x8.o(.constdata)
    Region$$Table$$Base                      0x000045f0   Number         0  anon$$obj.o(Region$$Table)
    Region$$Table$$Limit                     0x00004610   Number         0  anon$$obj.o(Region$$Table)
    os_mailQ_p_UART_send_MailQueue           0x20000000   Data           8  main.o(.data)
    UART_msg_queue_id                        0x20000008   Data           4  main.o(.data)
    menu_controller_msg_queue_id             0x2000000c   Data           4  main.o(.data)
    red_led_msg_queue_id                     0x20000010   Data           4  main.o(.data)
    blue_led_msg_queue_id                    0x20000014   Data           4  main.o(.data)
    green_led_msg_queue_id                   0x20000018   Data           4  main.o(.data)
    UART_send_MailQueue_id                   0x2000001c   Data           4  main.o(.data)
    bla                                      0x20000020   Data           1  uart_interrupt.o(.data)
    ti_UART_msg_queue_id                     0x20000024   Data           4  uart_interrupt.o(.data)
    t_menu_controller_msg_queue_id           0x20000028   Data           4  uart_thread.o(.data)
    t_UART_msg_queue_id                      0x2000002c   Data           4  uart_thread.o(.data)
    blueColorsSize                           0x20000030   Data           4  menu_controller.o(.data)
    greenColorsSize                          0x20000034   Data           4  menu_controller.o(.data)
    brownColorsSize                          0x20000038   Data           4  menu_controller.o(.data)
    purpleColorsSize                         0x2000003c   Data           4  menu_controller.o(.data)
    cyanColorsSize                           0x20000040   Data           4  menu_controller.o(.data)
    pinkColorsSize                           0x20000044   Data           4  menu_controller.o(.data)
    orangeColorsSize                         0x20000048   Data           4  menu_controller.o(.data)
    redColorsSize                            0x2000004c   Data           4  menu_controller.o(.data)
    yellowColorsSize                         0x20000050   Data           4  menu_controller.o(.data)
    blueColorsCodes                          0x20000054   Data          72  menu_controller.o(.data)
    blueColorsNames                          0x2000009c   Data         540  menu_controller.o(.data)
    greenColorsCodes                         0x200002b8   Data          80  menu_controller.o(.data)
    greenColorsNames                         0x20000308   Data         600  menu_controller.o(.data)
    brownColorsCodes                         0x20000560   Data          52  menu_controller.o(.data)
    brownColorsNames                         0x20000594   Data         390  menu_controller.o(.data)
    purpleColorsCodes                        0x2000071c   Data          52  menu_controller.o(.data)
    purpleColorsNames                        0x20000750   Data         390  menu_controller.o(.data)
    cyanColorsCodes                          0x200008d8   Data          40  menu_controller.o(.data)
    cyanColorsNames                          0x20000900   Data         300  menu_controller.o(.data)
    pinkColorsCodes                          0x20000a2c   Data          36  menu_controller.o(.data)
    pinkColorsNames                          0x20000a50   Data         270  menu_controller.o(.data)
    orangeColorsCodes                        0x20000b60   Data          12  menu_controller.o(.data)
    orangeColorsNames                        0x20000b6c   Data          90  menu_controller.o(.data)
    redColorsCodes                           0x20000bc8   Data          40  menu_controller.o(.data)
    redColorsNames                           0x20000bf0   Data         300  menu_controller.o(.data)
    yellowColorsCodes                        0x20000d1c   Data          12  menu_controller.o(.data)
    yellowColorsNames                        0x20000d28   Data          90  menu_controller.o(.data)
    m_tmr                                    0x20000d94   Data           4  rtx_conf_cm.o(.data)
    osThreadId_osTimerThread                 0x20000d98   Data           4  rtx_conf_cm.o(.data)
    osMessageQId_osTimerMessageQ             0x20000d9c   Data           4  rtx_conf_cm.o(.data)
    SystemCoreClock                          0x20000da4   Data           4  system_tm4c129.o(.data)
    os_initialized                           0x20000dac   Data           1  rt_cmsis.o(.data)
    os_running                               0x20000dad   Data           1  rt_cmsis.o(.data)
    os_timer_head                            0x20000db0   Data           4  rt_cmsis.o(.data)
    os_tsk                                   0x20000db4   Data           8  rt_task.o(.data)
    os_tick_irqn                             0x20000dc0   Data           4  rt_system.o(.data)
    os_time                                  0x20000dc4   Data           4  rt_time.o(.data)
    os_robin                                 0x20000dc8   Data           8  rt_robin.o(.data)
    dbg_msg                                  0x20000dd0   Data           1  hal_cm.o(.data)
    os_messageQ_q_UART_MsgQueue              0x20000dd4   Data          80  main.o(.bss)
    os_messageQ_q_menu_controller_MsgQueue   0x20000e24   Data          80  main.o(.bss)
    os_messageQ_q_red_led_MsgQueue           0x20000e74   Data          80  main.o(.bss)
    os_messageQ_q_blue_led_MsgQueue          0x20000ec4   Data          80  main.o(.bss)
    os_messageQ_q_green_led_MsgQueue         0x20000f14   Data          80  main.o(.bss)
    os_mailQ_q_UART_send_MailQueue           0x20000f64   Data          80  main.o(.bss)
    os_mailQ_m_UART_send_MailQueue           0x20000fb4   Data        2572  main.o(.bss)
    menu                                     0x200019c0   Data        1088  menu_controller.o(.bss)
    sContext                                 0x20001e00   Data          44  menu_controller.o(.bss)
    menu_ids                                 0x20001e2c   Data          20  menu_controller.o(.bss)
    os_messageQ_q_osTimerMessageQ            0x20001e40   Data          32  rtx_conf_cm.o(.bss)
    mp_tcb                                   0x20001e60   Data         480  rtx_conf_cm.o(.bss)
    mp_stk                                   0x20002040   Data        6416  rtx_conf_cm.o(.bss)
    os_stack_mem                             0x20003950   Data        1032  rtx_conf_cm.o(.bss)
    os_fifo                                  0x20003d58   Data         132  rtx_conf_cm.o(.bss)
    os_active_TCB                            0x20003ddc   Data          36  rtx_conf_cm.o(.bss)
    os_idle_TCB                              0x200041e0   Data          52  rt_task.o(.bss)
    os_rdy                                   0x20004214   Data          24  rt_list.o(.bss)
    os_dly                                   0x2000422c   Data          24  rt_list.o(.bss)
    __libspace_start                         0x20004244   Data          96  libspace.o(.bss)
    __temporary_stack_top$libspace           0x200042a4   Data           0  libspace.o(.bss)



==============================================================================

Memory Map of the image

  Image Entry point : 0x00000201

  Load Region LR_IROM1 (Base: 0x00000000, Size: 0x000053e4, Max: 0x00100000, ABSOLUTE, COMPRESSED[0x00004abc])

    Execution Region ER_IROM1 (Exec base: 0x00000000, Load base: 0x00000000, Size: 0x00004610, Max: 0x00100000, ABSOLUTE)

    Exec Addr    Load Addr    Size         Type   Attr      Idx    E Section Name        Object

    0x00000000   0x00000000   0x00000200   Data   RO          366    RESET               startup_tm4c129.o
    0x00000200   0x00000200   0x00000008   Code   RO         3035  * !!!main             c_w.l(__main.o)
    0x00000208   0x00000208   0x00000034   Code   RO         3207    !!!scatter          c_w.l(__scatter.o)
    0x0000023c   0x0000023c   0x0000005a   Code   RO         3205    !!dczerorl2         c_w.l(__dczerorl2.o)
    0x00000296   0x00000296   0x00000002   PAD
    0x00000298   0x00000298   0x0000001c   Code   RO         3209    !!handler_zi        c_w.l(__scatter_zi.o)
    0x000002b4   0x000002b4   0x00000000   Code   RO         3026    .ARM.Collect$$_printf_percent$$00000000  c_w.l(_printf_percent.o)
    0x000002b4   0x000002b4   0x00000006   Code   RO         3025    .ARM.Collect$$_printf_percent$$00000014  c_w.l(_printf_s.o)
    0x000002ba   0x000002ba   0x00000004   Code   RO         3050    .ARM.Collect$$_printf_percent$$00000017  c_w.l(_printf_percent_end.o)
    0x000002be   0x000002be   0x00000002   Code   RO         3091    .ARM.Collect$$libinit$$00000000  c_w.l(libinit.o)
    0x000002c0   0x000002c0   0x00000004   Code   RO         3102    .ARM.Collect$$libinit$$00000001  c_w.l(libinit2.o)
    0x000002c4   0x000002c4   0x00000000   Code   RO         3105    .ARM.Collect$$libinit$$00000004  c_w.l(libinit2.o)
    0x000002c4   0x000002c4   0x00000000   Code   RO         3108    .ARM.Collect$$libinit$$0000000A  c_w.l(libinit2.o)
    0x000002c4   0x000002c4   0x00000000   Code   RO         3110    .ARM.Collect$$libinit$$0000000C  c_w.l(libinit2.o)
    0x000002c4   0x000002c4   0x00000000   Code   RO         3112    .ARM.Collect$$libinit$$0000000E  c_w.l(libinit2.o)
    0x000002c4   0x000002c4   0x00000000   Code   RO         3115    .ARM.Collect$$libinit$$00000011  c_w.l(libinit2.o)
    0x000002c4   0x000002c4   0x00000000   Code   RO         3117    .ARM.Collect$$libinit$$00000013  c_w.l(libinit2.o)
    0x000002c4   0x000002c4   0x00000000   Code   RO         3119    .ARM.Collect$$libinit$$00000015  c_w.l(libinit2.o)
    0x000002c4   0x000002c4   0x00000000   Code   RO         3121    .ARM.Collect$$libinit$$00000017  c_w.l(libinit2.o)
    0x000002c4   0x000002c4   0x00000000   Code   RO         3123    .ARM.Collect$$libinit$$00000019  c_w.l(libinit2.o)
    0x000002c4   0x000002c4   0x00000000   Code   RO         3125    .ARM.Collect$$libinit$$0000001B  c_w.l(libinit2.o)
    0x000002c4   0x000002c4   0x00000000   Code   RO         3127    .ARM.Collect$$libinit$$0000001D  c_w.l(libinit2.o)
    0x000002c4   0x000002c4   0x00000000   Code   RO         3129    .ARM.Collect$$libinit$$0000001F  c_w.l(libinit2.o)
    0x000002c4   0x000002c4   0x00000000   Code   RO         3131    .ARM.Collect$$libinit$$00000021  c_w.l(libinit2.o)
    0x000002c4   0x000002c4   0x00000000   Code   RO         3133    .ARM.Collect$$libinit$$00000023  c_w.l(libinit2.o)
    0x000002c4   0x000002c4   0x00000000   Code   RO         3135    .ARM.Collect$$libinit$$00000025  c_w.l(libinit2.o)
    0x000002c4   0x000002c4   0x00000000   Code   RO         3139    .ARM.Collect$$libinit$$0000002C  c_w.l(libinit2.o)
    0x000002c4   0x000002c4   0x00000000   Code   RO         3141    .ARM.Collect$$libinit$$0000002E  c_w.l(libinit2.o)
    0x000002c4   0x000002c4   0x00000000   Code   RO         3143    .ARM.Collect$$libinit$$00000030  c_w.l(libinit2.o)
    0x000002c4   0x000002c4   0x00000000   Code   RO         3145    .ARM.Collect$$libinit$$00000032  c_w.l(libinit2.o)
    0x000002c4   0x000002c4   0x00000002   Code   RO         3146    .ARM.Collect$$libinit$$00000033  c_w.l(libinit2.o)
    0x000002c6   0x000002c6   0x00000002   Code   RO         3092    .ARM.Collect$$libshutdown$$00000000  c_w.l(libshutdown.o)
    0x000002c8   0x000002c8   0x00000000   Code   RO         3148    .ARM.Collect$$libshutdown$$00000002  c_w.l(libshutdown2.o)
    0x000002c8   0x000002c8   0x00000000   Code   RO         3150    .ARM.Collect$$libshutdown$$00000004  c_w.l(libshutdown2.o)
    0x000002c8   0x000002c8   0x00000000   Code   RO         3153    .ARM.Collect$$libshutdown$$00000007  c_w.l(libshutdown2.o)
    0x000002c8   0x000002c8   0x00000000   Code   RO         3156    .ARM.Collect$$libshutdown$$0000000A  c_w.l(libshutdown2.o)
    0x000002c8   0x000002c8   0x00000000   Code   RO         3158    .ARM.Collect$$libshutdown$$0000000C  c_w.l(libshutdown2.o)
    0x000002c8   0x000002c8   0x00000000   Code   RO         3161    .ARM.Collect$$libshutdown$$0000000F  c_w.l(libshutdown2.o)
    0x000002c8   0x000002c8   0x00000002   Code   RO         3162    .ARM.Collect$$libshutdown$$00000010  c_w.l(libshutdown2.o)
    0x000002ca   0x000002ca   0x00000000   Code   RO         3037    .ARM.Collect$$rtentry$$00000000  c_w.l(__rtentry.o)
    0x000002ca   0x000002ca   0x00000000   Code   RO         3052    .ARM.Collect$$rtentry$$00000002  c_w.l(__rtentry2.o)
    0x000002ca   0x000002ca   0x00000006   Code   RO         3064    .ARM.Collect$$rtentry$$00000004  c_w.l(__rtentry4.o)
    0x000002d0   0x000002d0   0x00000000   Code   RO         3054    .ARM.Collect$$rtentry$$00000009  c_w.l(__rtentry2.o)
    0x000002d0   0x000002d0   0x00000004   Code   RO         3055    .ARM.Collect$$rtentry$$0000000A  c_w.l(__rtentry2.o)
    0x000002d4   0x000002d4   0x00000008   Code   RO         3056    .ARM.Collect$$rtentry$$0000000B  c_w.l(__rtentry2.o)
    0x000002dc   0x000002dc   0x00000008   Code   RO         3058    .ARM.Collect$$rtentry$$0000000D  c_w.l(__rtentry2.o)
    0x000002e4   0x000002e4   0x00000002   Code   RO         3038    .ARM.Collect$$rtexit$$00000000  c_w.l(rtexit.o)
    0x000002e6   0x000002e6   0x00000000   Code   RO         3067    .ARM.Collect$$rtexit$$00000002  c_w.l(rtexit2.o)
    0x000002e6   0x000002e6   0x00000004   Code   RO         3068    .ARM.Collect$$rtexit$$00000003  c_w.l(rtexit2.o)
    0x000002ea   0x000002ea   0x00000006   Code   RO         3069    .ARM.Collect$$rtexit$$00000004  c_w.l(rtexit2.o)
    0x000002f0   0x000002f0   0x0000001c   Code   RO          310    .emb_text           rtx_conf_cm.o
    0x0000030c   0x0000030c   0x00000198   Code   RO         2977    .emb_text           RTX_CM4.lib(hal_cm4.o)
    0x000004a4   0x000004a4   0x000000a0   Code   RO            4    .text               main.o
    0x00000544   0x00000544   0x000000b0   Code   RO          109    .text               uart_interrupt.o
    0x000005f4   0x000005f4   0x0000004c   Code   RO          128    .text               uart_thread.o
    0x00000640   0x00000640   0x00000654   Code   RO          144    .text               menu_controller.o
    0x00000c94   0x00000c94   0x0000003c   Code   RO          165    .text               red_led.o
    0x00000cd0   0x00000cd0   0x0000003c   Code   RO          180    .text               green_led.o
    0x00000d0c   0x00000d0c   0x0000003c   Code   RO          195    .text               blue_led.o
    0x00000d48   0x00000d48   0x00000254   Code   RO          210    .text               rgb.o
    0x00000f9c   0x00000f9c   0x000000a0   Code   RO          245    .text               uart_send.o
    0x0000103c   0x0000103c   0x000006fc   Code   RO          264    .text               cfaf128x128x16.o
    0x00001738   0x00001738   0x0000008c   Code   RO          311    .text               rtx_conf_cm.o
    0x000017c4   0x000017c4   0x0000012c   Code   RO          367    .text               startup_tm4c129.o
    0x000018f0   0x000018f0   0x00000028   Code   RO          374    .text               system_tm4c129.o
    0x00001918   0x00001918   0x00000008   Code   RO         2992    .text               c_w.l(libspace.o)
    0x00001920   0x00001920   0x00000028   Code   RO         2999    .text               c_w.l(noretval__2sprintf.o)
    0x00001948   0x00001948   0x00000068   Code   RO         3001    .text               c_w.l(__printf.o)
    0x000019b0   0x000019b0   0x00000052   Code   RO         3003    .text               c_w.l(_printf_str.o)
    0x00001a02   0x00001a02   0x00000012   Code   RO         3027    .text               c_w.l(exit.o)
    0x00001a14   0x00001a14   0x00000048   Code   RO         3029    .text               c_w.l(strcpy.o)
    0x00001a5c   0x00001a5c   0x0000003e   Code   RO         3031    .text               c_w.l(strlen.o)
    0x00001a9a   0x00001a9a   0x00000006   Code   RO         3033    .text               c_w.l(heapauxi.o)
    0x00001aa0   0x00001aa0   0x00000030   Code   RO         3044    .text               c_w.l(_printf_char_common.o)
    0x00001ad0   0x00001ad0   0x0000000a   Code   RO         3046    .text               c_w.l(_sputc.o)
    0x00001ada   0x00001ada   0x0000002c   Code   RO         3048    .text               c_w.l(_printf_char.o)
    0x00001b06   0x00001b06   0x00000002   PAD
    0x00001b08   0x00001b08   0x0000000c   Code   RO         3077    .text               c_w.l(sys_exit.o)
    0x00001b14   0x00001b14   0x0000004a   Code   RO         3079    .text               c_w.l(sys_stackheap_outer.o)
    0x00001b5e   0x00001b5e   0x00000002   Code   RO         3093    .text               c_w.l(use_no_semi.o)
    0x00001b60   0x00001b60   0x00000000   Code   RO         3095    .text               c_w.l(indicate_semi.o)
    0x00001b60   0x00001b60   0x00000004   Code   RO         2987    SVC_TABLE           RTX_CM4.lib(svc_table.o)
    0x00001b64   0x00001b64   0x00000028   Code   RO          409    i.GPIODirModeSet    driverlib.lib(gpio.o)
    0x00001b8c   0x00001b8c   0x00000138   Code   RO          421    i.GPIOPadConfigSet  driverlib.lib(gpio.o)
    0x00001cc4   0x00001cc4   0x00000044   Code   RO          422    i.GPIOPinConfigure  driverlib.lib(gpio.o)
    0x00001d08   0x00001d08   0x0000001c   Code   RO          440    i.GPIOPinTypePWM    driverlib.lib(gpio.o)
    0x00001d24   0x00001d24   0x00000006   Code   RO         1372    i.GrContextFontSet  grlib.lib(string.o)
    0x00001d2a   0x00001d2a   0x00000002   PAD
    0x00001d2c   0x00001d2c   0x00000064   Code   RO         1323    i.GrContextInit     grlib.lib(context.o)
    0x00001d90   0x00001d90   0x00000118   Code   RO         1373    i.GrDefaultStringRenderer  grlib.lib(string.o)
    0x00001ea8   0x00001ea8   0x000000a6   Code   RO         1377    i.GrFontGlyphDataGet  grlib.lib(string.o)
    0x00001f4e   0x00001f4e   0x00000288   Code   RO         1378    i.GrFontGlyphRender  grlib.lib(string.o)
    0x000021d6   0x000021d6   0x00000008   Code   RO         2365    i.GrMapISO8859_1_Unicode  grlib.lib(charmap.o)
    0x000021de   0x000021de   0x00000020   Code   RO         1384    i.GrStringDraw      grlib.lib(string.o)
    0x000021fe   0x000021fe   0x00000014   Code   RO          736    i.PWMClockSet       driverlib.lib(pwm.o)
    0x00002212   0x00002212   0x00000026   Code   RO          743    i.PWMGenConfigure   driverlib.lib(pwm.o)
    0x00002238   0x00002238   0x0000000a   Code   RO          744    i.PWMGenDisable     driverlib.lib(pwm.o)
    0x00002242   0x00002242   0x0000000a   Code   RO          745    i.PWMGenEnable      driverlib.lib(pwm.o)
    0x0000224c   0x0000224c   0x00000012   Code   RO          757    i.PWMGenPeriodGet   driverlib.lib(pwm.o)
    0x0000225e   0x0000225e   0x00000012   Code   RO          758    i.PWMGenPeriodSet   driverlib.lib(pwm.o)
    0x00002270   0x00002270   0x00000010   Code   RO          765    i.PWMOutputState    driverlib.lib(pwm.o)
    0x00002280   0x00002280   0x00000020   Code   RO          768    i.PWMPulseWidthSet  driverlib.lib(pwm.o)
    0x000022a0   0x000022a0   0x000002ec   Code   RO          970    i.SysCtlClockFreqSet  driverlib.lib(sysctl.o)
    0x0000258c   0x0000258c   0x00000028   Code   RO         1002    i.SysCtlPeripheralEnable  driverlib.lib(sysctl.o)
    0x000025b4   0x000025b4   0x0000002c   Code   RO         1006    i.SysCtlPeripheralReady  driverlib.lib(sysctl.o)
    0x000025e0   0x000025e0   0x0000006c   Code   RO         1390    i.UpdateContextCharMapping  grlib.lib(string.o)
    0x0000264c   0x0000264c   0x00000046   Code   RO         2871    i._init_box         RTX_CM4.lib(rt_membox.o)
    0x00002692   0x00002692   0x00000002   PAD
    0x00002694   0x00002694   0x00000030   Code   RO         2924    i.dbg_init          RTX_CM4.lib(hal_cm.o)
    0x000026c4   0x000026c4   0x00000020   Code   RO         2925    i.dbg_task_notify   RTX_CM4.lib(hal_cm.o)
    0x000026e4   0x000026e4   0x00000010   Code   RO         2926    i.dbg_task_switch   RTX_CM4.lib(hal_cm.o)
    0x000026f4   0x000026f4   0x0000002a   Code   RO         1502    i.isrMessageGet     RTX_CM4.lib(rt_cmsis.o)
    0x0000271e   0x0000271e   0x0000002c   Code   RO         1503    i.isrMessagePut     RTX_CM4.lib(rt_cmsis.o)
    0x0000274a   0x0000274a   0x00000002   PAD
    0x0000274c   0x0000274c   0x00000056   Code   RO         2726    i.isr_mbx_receive   RTX_CM4.lib(rt_mailbox.o)
    0x000027a2   0x000027a2   0x0000000e   Code   RO         2727    i.isr_mbx_send      RTX_CM4.lib(rt_mailbox.o)
    0x000027b0   0x000027b0   0x00000018   Code   RO         1506    i.osDelay           RTX_CM4.lib(rt_cmsis.o)
    0x000027c8   0x000027c8   0x00000024   Code   RO         1507    i.osKernelInitialize  RTX_CM4.lib(rt_cmsis.o)
    0x000027ec   0x000027ec   0x0000006c   Code   RO         1509    i.osKernelStart     RTX_CM4.lib(rt_cmsis.o)
    0x00002858   0x00002858   0x0000001c   Code   RO         1511    i.osMailAlloc       RTX_CM4.lib(rt_cmsis.o)
    0x00002874   0x00002874   0x0000002c   Code   RO         1513    i.osMailCreate      RTX_CM4.lib(rt_cmsis.o)
    0x000028a0   0x000028a0   0x0000001c   Code   RO         1514    i.osMailFree        RTX_CM4.lib(rt_cmsis.o)
    0x000028bc   0x000028bc   0x00000016   Code   RO         1515    i.osMailGet         RTX_CM4.lib(rt_cmsis.o)
    0x000028d2   0x000028d2   0x00000014   Code   RO         1516    i.osMailPut         RTX_CM4.lib(rt_cmsis.o)
    0x000028e6   0x000028e6   0x00000002   PAD
    0x000028e8   0x000028e8   0x0000002c   Code   RO         1517    i.osMessageCreate   RTX_CM4.lib(rt_cmsis.o)
    0x00002914   0x00002914   0x00000018   Code   RO         1518    i.osMessageGet      RTX_CM4.lib(rt_cmsis.o)
    0x0000292c   0x0000292c   0x00000018   Code   RO         1519    i.osMessagePut      RTX_CM4.lib(rt_cmsis.o)
    0x00002944   0x00002944   0x0000002c   Code   RO         1535    i.osThreadCreate    RTX_CM4.lib(rt_cmsis.o)
    0x00002970   0x00002970   0x00000018   Code   RO         1536    i.osThreadExit      RTX_CM4.lib(rt_cmsis.o)
    0x00002988   0x00002988   0x00000018   Code   RO         1541    i.osThreadYield     RTX_CM4.lib(rt_cmsis.o)
    0x000029a0   0x000029a0   0x0000000c   Code   RO         1542    i.osTimerCall       RTX_CM4.lib(rt_cmsis.o)
    0x000029ac   0x000029ac   0x0000002c   Code   RO         1547    i.osTimerThread     RTX_CM4.lib(rt_cmsis.o)
    0x000029d8   0x000029d8   0x00000028   Code   RO         2518    i.os_tick_init      RTX_CM4.lib(rt_system.o)
    0x00002a00   0x00002a00   0x00000002   Code   RO         2519    i.os_tick_irqack    RTX_CM4.lib(rt_system.o)
    0x00002a02   0x00002a02   0x0000001a   Code   RO         2872    i.rt_alloc_box      RTX_CM4.lib(rt_membox.o)
    0x00002a1c   0x00002a1c   0x0000003e   Code   RO         2900    i.rt_alloc_mem      RTX_CM4.lib(rt_memory.o)
    0x00002a5a   0x00002a5a   0x00000002   PAD
    0x00002a5c   0x00002a5c   0x00000038   Code   RO         2121    i.rt_block          RTX_CM4.lib(rt_task.o)
    0x00002a94   0x00002a94   0x00000048   Code   RO         2849    i.rt_chk_robin      RTX_CM4.lib(rt_robin.o)
    0x00002adc   0x00002adc   0x00000070   Code   RO         2650    i.rt_dec_dly        RTX_CM4.lib(rt_list.o)
    0x00002b4c   0x00002b4c   0x00000044   Code   RO         2122    i.rt_dispatch       RTX_CM4.lib(rt_task.o)
    0x00002b90   0x00002b90   0x00000006   Code   RO         2816    i.rt_dly_wait       RTX_CM4.lib(rt_time.o)
    0x00002b96   0x00002b96   0x00000002   PAD
    0x00002b98   0x00002b98   0x00000050   Code   RO         2611    i.rt_evt_psh        RTX_CM4.lib(rt_event.o)
    0x00002be8   0x00002be8   0x0000002c   Code   RO         2873    i.rt_free_box       RTX_CM4.lib(rt_membox.o)
    0x00002c14   0x00002c14   0x00000028   Code   RO         2901    i.rt_free_mem       RTX_CM4.lib(rt_memory.o)
    0x00002c3c   0x00002c3c   0x00000028   Code   RO         2651    i.rt_get_first      RTX_CM4.lib(rt_list.o)
    0x00002c64   0x00002c64   0x00000024   Code   RO         2652    i.rt_get_same_rdy_prio  RTX_CM4.lib(rt_list.o)
    0x00002c88   0x00002c88   0x00000008   Code   RO         1552    i.rt_id2obj         RTX_CM4.lib(rt_cmsis.o)
    0x00002c90   0x00002c90   0x00000048   Code   RO         2123    i.rt_init_context   RTX_CM4.lib(rt_task.o)
    0x00002cd8   0x00002cd8   0x0000001a   Code   RO         2902    i.rt_init_mem       RTX_CM4.lib(rt_memory.o)
    0x00002cf2   0x00002cf2   0x00000002   PAD
    0x00002cf4   0x00002cf4   0x00000018   Code   RO         2850    i.rt_init_robin     RTX_CM4.lib(rt_robin.o)
    0x00002d0c   0x00002d0c   0x00000080   Code   RO         2927    i.rt_init_stack     RTX_CM4.lib(hal_cm.o)
    0x00002d8c   0x00002d8c   0x00000008   Code   RO         2728    i.rt_mbx_check      RTX_CM4.lib(rt_mailbox.o)
    0x00002d94   0x00002d94   0x0000001a   Code   RO         2729    i.rt_mbx_init       RTX_CM4.lib(rt_mailbox.o)
    0x00002dae   0x00002dae   0x00000002   PAD
    0x00002db0   0x00002db0   0x000000f0   Code   RO         2730    i.rt_mbx_psh        RTX_CM4.lib(rt_mailbox.o)
    0x00002ea0   0x00002ea0   0x00000098   Code   RO         2731    i.rt_mbx_send       RTX_CM4.lib(rt_mailbox.o)
    0x00002f38   0x00002f38   0x000000b4   Code   RO         2732    i.rt_mbx_wait       RTX_CM4.lib(rt_mailbox.o)
    0x00002fec   0x00002fec   0x00000044   Code   RO         1553    i.rt_ms2tick        RTX_CM4.lib(rt_cmsis.o)
    0x00003030   0x00003030   0x00000010   Code   RO         2206    i.rt_mut_init       RTX_CM4.lib(rt_mutex.o)
    0x00003040   0x00003040   0x000000d8   Code   RO         2207    i.rt_mut_release    RTX_CM4.lib(rt_mutex.o)
    0x00003118   0x00003118   0x00000078   Code   RO         2208    i.rt_mut_wait       RTX_CM4.lib(rt_mutex.o)
    0x00003190   0x00003190   0x0000007c   Code   RO         2522    i.rt_pop_req        RTX_CM4.lib(rt_system.o)
    0x0000320c   0x0000320c   0x00000020   Code   RO         2523    i.rt_psh_req        RTX_CM4.lib(rt_system.o)
    0x0000322c   0x0000322c   0x0000005c   Code   RO         2653    i.rt_psq_enq        RTX_CM4.lib(rt_list.o)
    0x00003288   0x00003288   0x00000048   Code   RO         2654    i.rt_put_dly        RTX_CM4.lib(rt_list.o)
    0x000032d0   0x000032d0   0x00000036   Code   RO         2655    i.rt_put_prio       RTX_CM4.lib(rt_list.o)
    0x00003306   0x00003306   0x00000002   PAD
    0x00003308   0x00003308   0x00000014   Code   RO         2656    i.rt_put_rdy_first  RTX_CM4.lib(rt_list.o)
    0x0000331c   0x0000331c   0x00000034   Code   RO         2657    i.rt_resort_prio    RTX_CM4.lib(rt_list.o)
    0x00003350   0x00003350   0x00000010   Code   RO         2928    i.rt_ret_regs       RTX_CM4.lib(hal_cm.o)
    0x00003360   0x00003360   0x0000000c   Code   RO         2929    i.rt_ret_val        RTX_CM4.lib(hal_cm.o)
    0x0000336c   0x0000336c   0x00000010   Code   RO         2930    i.rt_ret_val2       RTX_CM4.lib(hal_cm.o)
    0x0000337c   0x0000337c   0x00000028   Code   RO         2658    i.rt_rmv_dly        RTX_CM4.lib(rt_list.o)
    0x000033a4   0x000033a4   0x00000030   Code   RO         2659    i.rt_rmv_list       RTX_CM4.lib(rt_list.o)
    0x000033d4   0x000033d4   0x00000034   Code   RO         2777    i.rt_sem_psh        RTX_CM4.lib(rt_semaphore.o)
    0x00003408   0x00003408   0x00000024   Code   RO         2525    i.rt_stk_check      RTX_CM4.lib(rt_system.o)
    0x0000342c   0x0000342c   0x00000028   Code   RO         2124    i.rt_switch_req     RTX_CM4.lib(rt_task.o)
    0x00003454   0x00003454   0x000000cc   Code   RO         2125    i.rt_sys_init       RTX_CM4.lib(rt_task.o)
    0x00003520   0x00003520   0x00000078   Code   RO         2126    i.rt_sys_start      RTX_CM4.lib(rt_task.o)
    0x00003598   0x00003598   0x00000040   Code   RO         2527    i.rt_systick        RTX_CM4.lib(rt_system.o)
    0x000035d8   0x000035d8   0x00000012   Code   RO         1554    i.rt_tid2ptcb       RTX_CM4.lib(rt_cmsis.o)
    0x000035ea   0x000035ea   0x00000002   PAD
    0x000035ec   0x000035ec   0x00000034   Code   RO         1555    i.rt_timer_insert   RTX_CM4.lib(rt_cmsis.o)
    0x00003620   0x00003620   0x00000088   Code   RO         2127    i.rt_tsk_create     RTX_CM4.lib(rt_task.o)
    0x000036a8   0x000036a8   0x0000017c   Code   RO         2128    i.rt_tsk_delete     RTX_CM4.lib(rt_task.o)
    0x00003824   0x00003824   0x00000030   Code   RO         2129    i.rt_tsk_pass       RTX_CM4.lib(rt_task.o)
    0x00003854   0x00003854   0x0000007c   Code   RO         2130    i.rt_tsk_prio       RTX_CM4.lib(rt_task.o)
    0x000038d0   0x000038d0   0x00000010   Code   RO         2131    i.rt_tsk_self       RTX_CM4.lib(rt_task.o)
    0x000038e0   0x000038e0   0x00000012   Code   RO         1557    i.svcDelay          RTX_CM4.lib(rt_cmsis.o)
    0x000038f2   0x000038f2   0x00000002   PAD
    0x000038f4   0x000038f4   0x00000070   Code   RO         1558    i.svcKernelInitialize  RTX_CM4.lib(rt_cmsis.o)
    0x00003964   0x00003964   0x00000048   Code   RO         1560    i.svcKernelStart    RTX_CM4.lib(rt_cmsis.o)
    0x000039ac   0x000039ac   0x00000042   Code   RO         1562    i.svcMailCreate     RTX_CM4.lib(rt_cmsis.o)
    0x000039ee   0x000039ee   0x00000024   Code   RO         1563    i.svcMessageCreate  RTX_CM4.lib(rt_cmsis.o)
    0x00003a12   0x00003a12   0x0000003a   Code   RO         1564    i.svcMessageGet     RTX_CM4.lib(rt_cmsis.o)
    0x00003a4c   0x00003a4c   0x00000036   Code   RO         1565    i.svcMessagePut     RTX_CM4.lib(rt_cmsis.o)
    0x00003a82   0x00003a82   0x00000002   PAD
    0x00003a84   0x00003a84   0x0000006c   Code   RO         1578    i.svcThreadCreate   RTX_CM4.lib(rt_cmsis.o)
    0x00003af0   0x00003af0   0x0000001c   Code   RO         1579    i.svcThreadGetId    RTX_CM4.lib(rt_cmsis.o)
    0x00003b0c   0x00003b0c   0x00000038   Code   RO         1582    i.svcThreadTerminate  RTX_CM4.lib(rt_cmsis.o)
    0x00003b44   0x00003b44   0x0000000a   Code   RO         1583    i.svcThreadYield    RTX_CM4.lib(rt_cmsis.o)
    0x00003b4e   0x00003b4e   0x00000018   Code   RO         1584    i.svcTimerCall      RTX_CM4.lib(rt_cmsis.o)
    0x00003b66   0x00003b66   0x00000002   PAD
    0x00003b68   0x00003b68   0x00000058   Code   RO         1589    i.sysMailAlloc      RTX_CM4.lib(rt_cmsis.o)
    0x00003bc0   0x00003bc0   0x00000060   Code   RO         1590    i.sysMailFree       RTX_CM4.lib(rt_cmsis.o)
    0x00003c20   0x00003c20   0x0000005c   Code   RO         1593    i.sysTimerTick      RTX_CM4.lib(rt_cmsis.o)
    0x00003c7c   0x00003c7c   0x0000000a   Code   RO         3169    x$fpl$fpinit        fz_wm.l(fpinit.o)
    0x00003c86   0x00003c86   0x00000002   PAD
    0x00003c88   0x00003c88   0x00000034   Data   RO           12    .constdata          main.o
    0x00003cbc   0x00003cbc   0x00000010   Data   RO          129    .constdata          uart_thread.o
    0x00003ccc   0x00003ccc   0x00000010   Data   RO          146    .constdata          menu_controller.o
    0x00003cdc   0x00003cdc   0x00000010   Data   RO          166    .constdata          red_led.o
    0x00003cec   0x00003cec   0x00000010   Data   RO          181    .constdata          green_led.o
    0x00003cfc   0x00003cfc   0x00000010   Data   RO          196    .constdata          blue_led.o
    0x00003d0c   0x00003d0c   0x00000010   Data   RO          246    .constdata          uart_send.o
    0x00003d1c   0x00003d1c   0x00000028   Data   RO          277    .constdata          cfaf128x128x16.o
    0x00003d44   0x00003d44   0x00000002   Data   RO          319    .constdata          rtx_conf_cm.o
    0x00003d46   0x00003d46   0x00000002   PAD
    0x00003d48   0x00003d48   0x00000004   Data   RO          320    .constdata          rtx_conf_cm.o
    0x00003d4c   0x00003d4c   0x00000004   Data   RO          321    .constdata          rtx_conf_cm.o
    0x00003d50   0x00003d50   0x00000004   Data   RO          325    .constdata          rtx_conf_cm.o
    0x00003d54   0x00003d54   0x00000001   Data   RO          326    .constdata          rtx_conf_cm.o
    0x00003d55   0x00003d55   0x00000003   PAD
    0x00003d58   0x00003d58   0x00000010   Data   RO          327    .constdata          rtx_conf_cm.o
    0x00003d68   0x00003d68   0x00000002   Data   RO          328    .constdata          rtx_conf_cm.o
    0x00003d6a   0x00003d6a   0x00000002   PAD
    0x00003d6c   0x00003d6c   0x00000004   Data   RO          329    .constdata          rtx_conf_cm.o
    0x00003d70   0x00003d70   0x00000004   Data   RO          330    .constdata          rtx_conf_cm.o
    0x00003d74   0x00003d74   0x00000001   Data   RO          331    .constdata          rtx_conf_cm.o
    0x00003d75   0x00003d75   0x00000003   PAD
    0x00003d78   0x00003d78   0x00000010   Data   RO          332    .constdata          rtx_conf_cm.o
    0x00003d88   0x00003d88   0x00000008   Data   RO          333    .constdata          rtx_conf_cm.o
    0x00003d90   0x00003d90   0x00000002   Data   RO          334    .constdata          rtx_conf_cm.o
    0x00003d92   0x00003d92   0x00000002   PAD
    0x00003d94   0x00003d94   0x00000010   Data   RO          335    .constdata          rtx_conf_cm.o
    0x00003da4   0x00003da4   0x00000228   Data   RO          453    .constdata          driverlib.lib(gpio.o)
    0x00003fcc   0x00003fcc   0x00000254   Data   RO         1024    .constdata          driverlib.lib(sysctl.o)
    0x00004220   0x00004220   0x00000010   Data   RO         1325    .constdata          grlib.lib(context.o)
    0x00004230   0x00004230   0x000002f8   Data   RO         1357    .constdata          grlib.lib(fontfixed6x8.o)
    0x00004528   0x00004528   0x000000c8   Data   RO         1358    .constdata          grlib.lib(fontfixed6x8.o)
    0x000045f0   0x000045f0   0x00000020   Data   RO         3203    Region$$Table       anon$$obj.o


    Execution Region RW_IRAM1 (Exec base: 0x20000000, Load base: 0x00004610, Size: 0x000044a8, Max: 0x00040000, ABSOLUTE, COMPRESSED[0x000004ac])

    Exec Addr    Load Addr    Size         Type   Attr      Idx    E Section Name        Object

    0x20000000   COMPRESSED   0x00000008   Data   RW           13    .data               main.o
    0x20000008   COMPRESSED   0x00000018   Data   RW           14    .data               main.o
    0x20000020   COMPRESSED   0x00000008   Data   RW          110    .data               uart_interrupt.o
    0x20000028   COMPRESSED   0x00000008   Data   RW          130    .data               uart_thread.o
    0x20000030   COMPRESSED   0x00000d52   Data   RW          147    .data               menu_controller.o
    0x20000d82   COMPRESSED   0x00000002   PAD
    0x20000d84   COMPRESSED   0x00000008   Data   RW          211    .data               rgb.o
    0x20000d8c   COMPRESSED   0x00000008   Data   RW          278    .data               cfaf128x128x16.o
    0x20000d94   COMPRESSED   0x00000004   Data   RW          337    .data               rtx_conf_cm.o
    0x20000d98   COMPRESSED   0x00000004   Data   RW          338    .data               rtx_conf_cm.o
    0x20000d9c   COMPRESSED   0x00000004   Data   RW          339    .data               rtx_conf_cm.o
    0x20000da0   COMPRESSED   0x00000004   Data   RW          340    .data               rtx_conf_cm.o
    0x20000da4   COMPRESSED   0x00000004   Data   RW          375    .data               system_tm4c129.o
    0x20000da8   COMPRESSED   0x00000004   Data   RW         1326    .data               grlib.lib(context.o)
    0x20000dac   COMPRESSED   0x00000008   Data   RW         1596    .data               RTX_CM4.lib(rt_cmsis.o)
    0x20000db4   COMPRESSED   0x00000008   Data   RW         2133    .data               RTX_CM4.lib(rt_task.o)
    0x20000dbc   COMPRESSED   0x00000008   Data   RW         2530    .data               RTX_CM4.lib(rt_system.o)
    0x20000dc4   COMPRESSED   0x00000004   Data   RW         2820    .data               RTX_CM4.lib(rt_time.o)
    0x20000dc8   COMPRESSED   0x00000008   Data   RW         2851    .data               RTX_CM4.lib(rt_robin.o)
    0x20000dd0   COMPRESSED   0x00000001   Data   RW         2931    .data               RTX_CM4.lib(hal_cm.o)
    0x20000dd1   COMPRESSED   0x00000003   PAD
    0x20000dd4        -       0x00000050   Zero   RW            5    .bss                main.o
    0x20000e24        -       0x00000050   Zero   RW            6    .bss                main.o
    0x20000e74        -       0x00000050   Zero   RW            7    .bss                main.o
    0x20000ec4        -       0x00000050   Zero   RW            8    .bss                main.o
    0x20000f14        -       0x00000050   Zero   RW            9    .bss                main.o
    0x20000f64        -       0x00000050   Zero   RW           10    .bss                main.o
    0x20000fb4        -       0x00000a0c   Zero   RW           11    .bss                main.o
    0x200019c0        -       0x00000480   Zero   RW          145    .bss                menu_controller.o
    0x20001e40        -       0x00000020   Zero   RW          312    .bss                rtx_conf_cm.o
    0x20001e60        -       0x000001e0   Zero   RW          313    .bss                rtx_conf_cm.o
    0x20002040        -       0x00001910   Zero   RW          314    .bss                rtx_conf_cm.o
    0x20003950        -       0x00000408   Zero   RW          315    .bss                rtx_conf_cm.o
    0x20003d58        -       0x00000084   Zero   RW          316    .bss                rtx_conf_cm.o
    0x20003ddc        -       0x00000024   Zero   RW          317    .bss                rtx_conf_cm.o
    0x20003e00        -       0x000003e0   Zero   RW          318    .bss                rtx_conf_cm.o
    0x200041e0        -       0x00000034   Zero   RW         2132    .bss                RTX_CM4.lib(rt_task.o)
    0x20004214        -       0x00000030   Zero   RW         2660    .bss                RTX_CM4.lib(rt_list.o)
    0x20004244        -       0x00000060   Zero   RW         2993    .bss                c_w.l(libspace.o)
    0x200042a4   COMPRESSED   0x00000004   PAD
    0x200042a8        -       0x00000000   Zero   RW          365    HEAP                startup_tm4c129.o
    0x200042a8        -       0x00000200   Zero   RW          364    STACK               startup_tm4c129.o


==============================================================================

Image component sizes


      Code (inc. data)   RO Data    RW Data    ZI Data      Debug   Object Name

        60          4         16          0          0       1406   blue_led.o
      1788         94         40          8          0      10694   cfaf128x128x16.o
        60          4         16          0          0       1425   green_led.o
       160         10         52         32       3052      37777   main.o
      1620        216         16       3410       1152       5977   menu_controller.o
        60          4         16          0          0       1395   red_led.o
       596         42          0          8          0       1897   rgb.o
       168         36         84         16       9120       8933   rtx_conf_cm.o
       300         22        512          0        512       6028   startup_tm4c129.o
        40         14          0          4          0        877   system_tm4c129.o
       176         28          0          8          0       1508   uart_interrupt.o
       160         10         16          0          0       1573   uart_send.o
        76          8         16          8          0       1630   uart_thread.o

    ----------------------------------------------------------------------
      5264        492        828       3496      13836      81120   Object Totals
         0          0         32          0          0          0   (incl. Generated)
         0          0         12          2          0          0   (incl. Padding)

    ----------------------------------------------------------------------

      Code (inc. data)   RO Data    RW Data    ZI Data      Debug   Library Member Name

       268         24          0          1          0       4524   hal_cm.o
       408         34          0          0          0        824   hal_cm4.o
      1700        188          0          8          0      45008   rt_cmsis.o
        80          4          0          0          0        709   rt_event.o
       566         44          0          0         48       9272   rt_list.o
       706         14          0          0          0       5123   rt_mailbox.o
       140          0          0          0          0       2069   rt_membox.o
       128          0          0          0          0       2451   rt_memory.o
       352         14          0          0          0       2249   rt_mutex.o
        96         22          0          8          0       1254   rt_robin.o
        52          4          0          0          0        621   rt_semaphore.o
       298         52          0          8          0       6511   rt_system.o
      1264        184          0          8         52      10675   rt_task.o
         6          0          0          4          0        700   rt_time.o
         4          4          0          0          0        208   svc_table.o
        90          0          0          0          0          0   __dczerorl2.o
         8          0          0          0          0         68   __main.o
       104          0          0          0          0         84   __printf.o
         0          0          0          0          0          0   __rtentry.o
        20          0          0          0          0          0   __rtentry2.o
         6          0          0          0          0          0   __rtentry4.o
        52          8          0          0          0          0   __scatter.o
        28          0          0          0          0          0   __scatter_zi.o
        44          0          0          0          0        108   _printf_char.o
        48          6          0          0          0         96   _printf_char_common.o
         0          0          0          0          0          0   _printf_percent.o
         4          0          0          0          0          0   _printf_percent_end.o
         6          0          0          0          0          0   _printf_s.o
        82          0          0          0          0         80   _printf_str.o
        10          0          0          0          0         68   _sputc.o
        18          0          0          0          0         80   exit.o
         6          0          0          0          0        152   heapauxi.o
         0          0          0          0          0          0   indicate_semi.o
         2          0          0          0          0          0   libinit.o
         6          0          0          0          0          0   libinit2.o
         2          0          0          0          0          0   libshutdown.o
         2          0          0          0          0          0   libshutdown2.o
         8          4          0          0         96         68   libspace.o
        40          6          0          0          0         84   noretval__2sprintf.o
         2          0          0          0          0          0   rtexit.o
        10          0          0          0          0          0   rtexit2.o
        72          0          0          0          0         80   strcpy.o
        62          0          0          0          0         76   strlen.o
        12          4          0          0          0         68   sys_exit.o
        74          0          0          0          0         80   sys_stackheap_outer.o
         2          0          0          0          0         68   use_no_semi.o
       448          8        552          0          0       7012   gpio.o
       162          0          0          0          0       4551   pwm.o
       832         50        596          0          0       5470   sysctl.o
        10          0          0          0          0        116   fpinit.o
         8          0          0          0          0       1494   charmap.o
       100         12         16          4          0      26443   context.o
         0          0        960          0          0      25662   fontfixed6x8.o
      1240          0          0          0          0       9079   string.o

    ----------------------------------------------------------------------
      9720        686       2124         44        200     173285   Library Totals
        32          0          0          3          4          0   (incl. Padding)

    ----------------------------------------------------------------------

      Code (inc. data)   RO Data    RW Data    ZI Data      Debug   Library Name

      6068        588          0         37        100      92198   RTX_CM4.lib
       820         28          0          0         96       1260   c_w.l
      1442         58       1148          0          0      17033   driverlib.lib
        10          0          0          0          0        116   fz_wm.l
      1348         12        976          4          0      62678   grlib.lib

    ----------------------------------------------------------------------
      9720        686       2124         44        200     173285   Library Totals

    ----------------------------------------------------------------------

==============================================================================


      Code (inc. data)   RO Data    RW Data    ZI Data      Debug   

     14984       1178       2952       3540      14036     241533   Grand Totals
     14984       1178       2952       1196      14036     241533   ELF Image Totals (compressed)
     14984       1178       2952       1196          0          0   ROM Totals

==============================================================================

    Total RO  Size (Code + RO Data)                17936 (  17.52kB)
    Total RW  Size (RW Data + ZI Data)             17576 (  17.16kB)
    Total ROM Size (Code + RO Data + RW Data)      19132 (  18.68kB)

==============================================================================

