<html>
<body>
<pre>
<h1>µVision Build Log</h1>
<h2>Tool Versions:</h2>
IDE-Version: µVision V5.24.2.0
Copyright (C) 2017 ARM Ltd and ARM Germany GmbH. All rights reserved.
License Information: Bruno Clemente, EBANX, LIC=6XJFW-Q77I7-XAIDC-77QUE-LU2XA-Y04DG
 
Tool Versions:
Toolchain:       MDK-ARM Professional  Version: 5.24.1
Toolchain Path:  C:\Keil_v5\ARM\ARMCC\Bin
C Compiler:      Armcc.exe V5.06 update 5 (build 528)
Assembler:       Armasm.exe V5.06 update 5 (build 528)
Linker/Locator:  ArmLink.exe V5.06 update 5 (build 528)
Library Manager: ArmAr.exe V5.06 update 5 (build 528)
Hex Converter:   FromElf.exe V5.06 update 5 (build 528)
CPU DLL:         SARMCM3.DLL V5.24.1
Dialog DLL:      DCM.DLL V1.16.0.0
Target DLL:      lmidk-agdi.dll V???
Dialog DLL:      TCM.DLL V1.32.0.0
 
<h2>Project:</h2>
C:\Users\clemente\Desktop\LAB3_serious\LAB3\ProjectFiles\base_project.uvprojx
Project File Date:  06/03/2018

<h2>Output:</h2>
*** Using Compiler 'V5.06 update 5 (build 528)', folder: 'C:\Keil_v5\ARM\ARMCC\Bin'
*** Note: Rebuilding project, since 'Options->Output->Create Batch File' is selected.
Rebuild Project 'base_project' - Target 'TM4C129 Flash'
compiling main.c...
C:\Users\clemente\Desktop\LAB3_serious\LAB3\ProjectFiles\UART_interrupt.h(31): warning:  #1295-D: Deprecated declaration read_byte - give arg types
  void read_byte();
C:\Users\clemente\Desktop\LAB3_serious\LAB3\ProjectFiles\UART_thread.h(5): warning:  #1295-D: Deprecated declaration UART_thread - give arg types
  void UART_thread();
C:\Users\clemente\Desktop\LAB3_serious\LAB3\ProjectFiles\UART_thread.h(8): warning:  #1-D: last line of file ends without a newline
  #endif
C:\Users\clemente\Desktop\LAB3_serious\LAB3\ProjectFiles\Menu_controller.h(27): warning:  #1295-D: Deprecated declaration menu_controller - give arg types
  void menu_controller();
C:\Users\clemente\Desktop\LAB3_serious\LAB3\ProjectFiles\Menu_controller.h(36): warning:  #1295-D: Deprecated declaration draw_menu - give arg types
  void draw_menu();
C:\Users\clemente\Desktop\LAB3_serious\LAB3\ProjectFiles\Menu_controller.h(37): warning:  #1295-D: Deprecated declaration clearScreen - give arg types
  void clearScreen();
C:\Users\clemente\Desktop\LAB3_serious\LAB3\ProjectFiles\Menu_controller.h(38): warning:  #1295-D: Deprecated declaration sendMessages - give arg types
  void sendMessages();
C:\Users\clemente\Desktop\LAB3_serious\LAB3\ProjectFiles\Menu_controller.h(40): warning:  #1-D: last line of file ends without a newline
  #endif
C:\Users\clemente\Desktop\LAB3_serious\LAB3\ProjectFiles\RGB.h(66): warning:  #1-D: last line of file ends without a newline
  #endif //__RGB_H__
C:\Users\clemente\Desktop\LAB3_serious\LAB3\ProjectFiles\Red_led.h(7): warning:  #1-D: last line of file ends without a newline
  #endif
C:\Users\clemente\Desktop\LAB3_serious\LAB3\ProjectFiles\Green_led.h(7): warning:  #1-D: last line of file ends without a newline
  #endif
C:\Users\clemente\Desktop\LAB3_serious\LAB3\ProjectFiles\Blue_led.h(7): warning:  #1-D: last line of file ends without a newline
  #endif
C:\Users\clemente\Desktop\LAB3_serious\LAB3\ProjectFiles\Uart_send.h(12): warning:  #1295-D: Deprecated declaration UART_send - give arg types
  void UART_send();
main.c: 13 warnings, 0 errors
compiling UART_interrupt.c...
C:\Users\clemente\Desktop\LAB3_serious\LAB3\ProjectFiles\UART_interrupt.h(31): warning:  #1295-D: Deprecated declaration read_byte - give arg types
  void read_byte();
C:\Users\clemente\Desktop\LAB3_serious\LAB3\ProjectFiles\UART_interrupt.c(75): warning:  #1-D: last line of file ends without a newline
  }
UART_interrupt.c: 2 warnings, 0 errors
compiling UART_thread.c...
C:\Users\clemente\Desktop\LAB3_serious\LAB3\ProjectFiles\UART_thread.h(5): warning:  #1295-D: Deprecated declaration UART_thread - give arg types
  void UART_thread();
C:\Users\clemente\Desktop\LAB3_serious\LAB3\ProjectFiles\UART_thread.h(8): warning:  #1-D: last line of file ends without a newline
  #endif
C:\Users\clemente\Desktop\LAB3_serious\LAB3\ProjectFiles\UART_interrupt.h(31): warning:  #1295-D: Deprecated declaration read_byte - give arg types
  void read_byte();
C:\Users\clemente\Desktop\LAB3_serious\LAB3\ProjectFiles\UART_thread.c(30): warning:  #1-D: last line of file ends without a newline
  }
C:\Users\clemente\Desktop\LAB3_serious\LAB3\ProjectFiles\UART_thread.c(20): warning:  #177-D: variable "status"  was declared but never referenced
        osStatus status;
UART_thread.c: 5 warnings, 0 errors
compiling Menu_controller.c...
C:\Users\clemente\Desktop\LAB3_serious\LAB3\ProjectFiles\Uart_send.h(12): warning:  #1295-D: Deprecated declaration UART_send - give arg types
  void UART_send();
C:\Users\clemente\Desktop\LAB3_serious\LAB3\ProjectFiles\Menu_controller.h(27): warning:  #1295-D: Deprecated declaration menu_controller - give arg types
  void menu_controller();
C:\Users\clemente\Desktop\LAB3_serious\LAB3\ProjectFiles\Menu_controller.h(36): warning:  #1295-D: Deprecated declaration draw_menu - give arg types
  void draw_menu();
C:\Users\clemente\Desktop\LAB3_serious\LAB3\ProjectFiles\Menu_controller.h(37): warning:  #1295-D: Deprecated declaration clearScreen - give arg types
  void clearScreen();
C:\Users\clemente\Desktop\LAB3_serious\LAB3\ProjectFiles\Menu_controller.h(38): warning:  #1295-D: Deprecated declaration sendMessages - give arg types
  void sendMessages();
C:\Users\clemente\Desktop\LAB3_serious\LAB3\ProjectFiles\Menu_controller.h(40): warning:  #1-D: last line of file ends without a newline
  #endif
C:\Users\clemente\Desktop\LAB3_serious\LAB3\ProjectFiles\Menu_controller.c(158): warning:  #177-D: variable "r"  was declared but never referenced
        char r, g, b;
C:\Users\clemente\Desktop\LAB3_serious\LAB3\ProjectFiles\Menu_controller.c(158): warning:  #177-D: variable "g"  was declared but never referenced
        char r, g, b;
C:\Users\clemente\Desktop\LAB3_serious\LAB3\ProjectFiles\Menu_controller.c(158): warning:  #177-D: variable "b"  was declared but never referenced
        char r, g, b;
C:\Users\clemente\Desktop\LAB3_serious\LAB3\ProjectFiles\Menu_controller.c(147): warning:  #177-D: variable "status"  was declared but never referenced
        osStatus status;
C:\Users\clemente\Desktop\LAB3_serious\LAB3\ProjectFiles\Menu_controller.c(275): warning:  #1-D: last line of file ends without a newline
        
Menu_controller.c: 11 warnings, 0 errors
compiling Red_led.c...
C:\Users\clemente\Desktop\LAB3_serious\LAB3\ProjectFiles\Red_led.h(7): warning:  #1-D: last line of file ends without a newline
  #endif
C:\Users\clemente\Desktop\LAB3_serious\LAB3\ProjectFiles\RGB.h(66): warning:  #1-D: last line of file ends without a newline
  #endif //__RGB_H__
C:\Users\clemente\Desktop\LAB3_serious\LAB3\ProjectFiles\Red_led.c(5): warning:  #144-D: a value of type "void (*)(osMessageQId)" cannot be used to initialize an entity of type "os_pthread"
  
sThreadDef (red_led, osPriorityNormal, 1, 0);
C:\Users\clemente\Desktop\LAB3_serious\LAB3\ProjectFiles\Red_led.c(28): warning:  #1-D: last line of file ends without a newline
  }
C:\Users\clemente\Desktop\LAB3_serious\LAB3\ProjectFiles\Red_led.c(15): warning:  #177-D: variable "status"  was declared but never referenced
        osStatus status;
Red_led.c: 5 warnings, 0 errors
compiling Green_led.c...
C:\Users\clemente\Desktop\LAB3_serious\LAB3\ProjectFiles\Green_led.h(7): warning:  #1-D: last line of file ends without a newline
  #endif
C:\Users\clemente\Desktop\LAB3_serious\LAB3\ProjectFiles\RGB.h(66): warning:  #1-D: last line of file ends without a newline
  #endif //__RGB_H__
C:\Users\clemente\Desktop\LAB3_serious\LAB3\ProjectFiles\Green_led.c(5): warning:  #144-D: a value of type "void (*)(osMessageQId)" cannot be used to initialize an entity of type "os_pthread"
  
sThreadDef (green_led, osPriorityNormal, 1, 0);
C:\Users\clemente\Desktop\LAB3_serious\LAB3\ProjectFiles\Green_led.c(28): warning:  #1-D: last line of file ends without a newline
  }
C:\Users\clemente\Desktop\LAB3_serious\LAB3\ProjectFiles\Green_led.c(15): warning:  #177-D: variable "status"  was declared but never referenced
        osStatus status;
Green_led.c: 5 warnings, 0 errors
compiling Blue_led.c...
C:\Users\clemente\Desktop\LAB3_serious\LAB3\ProjectFiles\Blue_led.h(7): warning:  #1-D: last line of file ends without a newline
  #endif
C:\Users\clemente\Desktop\LAB3_serious\LAB3\ProjectFiles\RGB.h(66): warning:  #1-D: last line of file ends without a newline
  #endif //__RGB_H__
C:\Users\clemente\Desktop\LAB3_serious\LAB3\ProjectFiles\Blue_led.c(5): warning:  #144-D: a value of type "void (*)(osMessageQId)" cannot be used to initialize an entity of type "os_pthread"
  
sThreadDef (blue_led, osPriorityNormal, 1, 0);
C:\Users\clemente\Desktop\LAB3_serious\LAB3\ProjectFiles\Blue_led.c(28): warning:  #1-D: last line of file ends without a newline
  }
C:\Users\clemente\Desktop\LAB3_serious\LAB3\ProjectFiles\Blue_led.c(15): warning:  #177-D: variable "status"  was declared but never referenced
        osStatus status;
Blue_led.c: 5 warnings, 0 errors
compiling rgb.c...
C:\Users\clemente\Desktop\LAB3_serious\LAB3\ProjectFiles\RGB.h(66): warning:  #1-D: last line of file ends without a newline
  #endif //__RGB_H__
C:\Users\clemente\Desktop\LAB3_serious\LAB3\ProjectFiles\rgb.c(290): warning:  #1-D: last line of file ends without a newline
  }
rgb.c: 2 warnings, 0 errors
compiling Uart_send.c...
C:\Users\clemente\Desktop\LAB3_serious\LAB3\ProjectFiles\Red_led.h(7): warning:  #1-D: last line of file ends without a newline
  #endif
C:\Users\clemente\Desktop\LAB3_serious\LAB3\ProjectFiles\RGB.h(66): warning:  #1-D: last line of file ends without a newline
  #endif //__RGB_H__
C:\Users\clemente\Desktop\LAB3_serious\LAB3\ProjectFiles\Uart_send.h(12): warning:  #1295-D: Deprecated declaration UART_send - give arg types
  void UART_send();
C:\Users\clemente\Desktop\LAB3_serious\LAB3\ProjectFiles\UART_interrupt.h(31): warning:  #1295-D: Deprecated declaration read_byte - give arg types
  void read_byte();
C:\Users\clemente\Desktop\LAB3_serious\LAB3\ProjectFiles\Uart_send.c(49): warning:  #1-D: last line of file ends without a newline
  }
C:\Users\clemente\Desktop\LAB3_serious\LAB3\ProjectFiles\Uart_send.c(18): warning:  #177-D: variable "status"  was declared but never referenced
        osStatus status;
Uart_send.c: 6 warnings, 0 errors
compiling cfaf128x128x16.c...
C:\Users\clemente\Desktop\LAB3_serious\LAB3\ProjectFiles\cfaf128x128x16.c(880): warning:  #1-D: last line of file ends without a newline
  //*****************************************************************************
C:\Users\clemente\Desktop\LAB3_serious\LAB3\ProjectFiles\cfaf128x128x16.c(770): warning:  #177-D: function "ssiSetDataMode"  was declared but never referenced
  ssiSetDataMode(uint8_t mode) {
C:\Users\clemente\Desktop\LAB3_serious\LAB3\ProjectFiles\cfaf128x128x16.c(777): warning:  #177-D: function "ssiSetClockDivider"  was declared but never referenced
  ssiSetClockDivider(uint8_t divider){
cfaf128x128x16.c: 3 warnings, 0 errors
compiling RTX_Conf_CM.c...
assembling startup_TM4C129.s...
compiling system_TM4C129.c...
linking...
Program Size: Code=14984 RO-data=2952 RW-data=3540 ZI-data=14036  
FromELF: creating hex file...
".\Flash\base_project.axf" - 0 Error(s), 57 Warning(s).

<h2>Software Packages used:</h2>

Package Vendor: ARM
                http://www.keil.com/pack/ARM.CMSIS.5.0.1.pack
                ARM.CMSIS.5.0.1
                CMSIS (Cortex Microcontroller Software Interface Standard)
   * Component: Keil RTX Version: 4.81.0
   * Component: CORE Version: 5.0.1
   * Component: RTOS Version: 1.0.0

Package Vendor: Keil
                http://www.keil.com/pack/Keil.TM4C_DFP.1.1.0.pack
                Keil.TM4C_DFP.1.1.0
                Texas Instruments Tiva C Series Device Support and Examples
   * Component: Startup Version: 1.0.0

<h2>Collection of Component include folders:</h2>
  .\RTE\_TM4C129_Flash
  C:\Keil_v5\ARM\PACK\ARM\CMSIS\5.0.1\CMSIS\Include
  C:\Keil_v5\ARM\PACK\ARM\CMSIS\5.0.1\CMSIS\RTOS\RTX\INC
  C:\Keil_v5\ARM\PACK\Keil\TM4C_DFP\1.1.0\Device\Include\TM4C129

<h2>Collection of Component Files used:</h2>

   * Component: Keil::Device:Startup:1.0.0
      Include file:  Device\Include\TM4C129\TM4C129.h
      Source file:   Device\Source\ARM\startup_TM4C129.s
      Source file:   Device\Source\system_TM4C129.c

   * Component: ARM::CMSIS:RTOS:Keil RTX:4.81.0
      Include file:  CMSIS\RTOS\RTX\INC\cmsis_os.h
      Source file:   CMSIS\RTOS\RTX\Templates\RTX_Conf_CM.c
      Include file:  CMSIS\RTOS\RTX\UserCodeTemplates\osObjects.h
      Source file:   CMSIS\RTOS\RTX\UserCodeTemplates\main.c
      Source file:   CMSIS\RTOS\RTX\UserCodeTemplates\MailQueue.c
      Source file:   CMSIS\RTOS\RTX\UserCodeTemplates\MemPool.c
      Source file:   CMSIS\RTOS\RTX\UserCodeTemplates\MsgQueue.c
      Source file:   CMSIS\RTOS\RTX\UserCodeTemplates\Mutex.c
      Source file:   CMSIS\RTOS\RTX\UserCodeTemplates\Semaphore.c
      Source file:   CMSIS\RTOS\RTX\UserCodeTemplates\Thread.c
      Source file:   CMSIS\RTOS\RTX\UserCodeTemplates\Timer.c
      Source file:   CMSIS\RTOS\RTX\SRC\ARM\SVC_Table.s
      Library file:  CMSIS\RTOS\RTX\LIB\ARM\RTX_CM4.lib

   * Component: ARM::CMSIS:CORE:5.0.1

   * Component: ::CMSIS:RTOS:1.0.0 (API)
Build Time Elapsed:  00:00:02
</pre>
</body>
</html>
